#
# There is insufficient memory for the Java Runtime Environment to continue.
# Native memory allocation (malloc) failed to allocate 1048576 bytes. Error detail: AllocateHeap
# Possible reasons:
#   The system is out of physical RAM or swap space
#   This process is running with CompressedOops enabled, and the Java Heap may be blocking the growth of the native heap
# Possible solutions:
#   Reduce memory load on the system
#   Increase physical memory or swap space
#   Check if swap backing store is full
#   Decrease Java heap size (-Xmx/-Xms)
#   Decrease number of Java threads
#   Decrease Java thread stack sizes (-Xss)
#   Set larger code cache with -XX:ReservedCodeCacheSize=
#   JVM is running with Unscaled Compressed Oops mode in which the Java heap is
#     placed in the first 4GB address space. The Java Heap base address is the
#     maximum limit for the native heap growth. Please use -XX:HeapBaseMinAddress
#     to set the Java Heap base and to place the Java Heap above 4GB virtual address.
# This output file may be truncated or incomplete.
#
#  Out of Memory Error (allocation.cpp:44), pid=3436, tid=35288
#
# JRE version: OpenJDK Runtime Environment Temurin-21.0.9+10 (21.0.9+10) (build 21.0.9+10-LTS)
# Java VM: OpenJDK 64-Bit Server VM Temurin-21.0.9+10 (21.0.9+10-LTS, mixed mode, sharing, tiered, compressed oops, compressed class ptrs, parallel gc, windows-amd64)
# No core dump will be written. Minidumps are not enabled by default on client versions of Windows
#

---------------  S U M M A R Y ------------

Command Line: --add-modules=ALL-SYSTEM --add-opens=java.base/java.util=ALL-UNNAMED --add-opens=java.base/java.lang=ALL-UNNAMED --add-opens=java.base/sun.nio.fs=ALL-UNNAMED -Declipse.application=org.eclipse.jdt.ls.core.id1 -Dosgi.bundles.defaultStartLevel=4 -Declipse.product=org.eclipse.jdt.ls.core.product -Djava.import.generatesMetadataFilesAtProjectRoot=false -DDetectVMInstallationsJob.disabled=true -Dfile.encoding=utf8 -XX:+UseParallelGC -XX:GCTimeRatio=4 -XX:AdaptiveSizePolicyWeight=90 -Dsun.zip.disableMemoryMapping=true -Xmx2G -Xms100m -Xlog:disable -javaagent:c:\Users\HARENKANTO\.vscode\extensions\redhat.java-1.52.0-win32-x64\lombok\lombok-1.18.39-4050.jar -XX:+HeapDumpOnOutOfMemoryError -XX:HeapDumpPath=c:\Users\HARENKANTO\AppData\Roaming\Code\User\workspaceStorage\797717689c0429fe61dfc235f2fd48ba\redhat.java -Daether.dependencyCollector.impl=bf c:\Users\HARENKANTO\.vscode\extensions\redhat.java-1.52.0-win32-x64\server\plugins\org.eclipse.equinox.launcher_1.7.100.v20251111-0406.jar -configuration c:\Users\HARENKANTO\AppData\Roaming\Code\User\globalStorage\redhat.java\1.52.0\config_win -data c:\Users\HARENKANTO\AppData\Roaming\Code\User\workspaceStorage\797717689c0429fe61dfc235f2fd48ba\redhat.java\jdt_ws --pipe=\\.\pipe\lsp-59f3146ce952f3719c3e3700207c2ebf-sock

Host: 12th Gen Intel(R) Core(TM) i5-12450H, 12 cores, 15G,  Windows 11 , 64 bit Build 26100 (10.0.26100.7019)
Time: Tue Feb 24 20:16:41 2026 elapsed time: 115091.915596 seconds (1d 7h 58m 11s)

---------------  T H R E A D  ---------------

Current thread (0x000001914452c0e0):  JavaThread "Attach Listener" daemon [_thread_in_vm, id=35288, stack(0x0000000428100000,0x0000000428200000) (1024K)]

Stack: [0x0000000428100000,0x0000000428200000]
Native frames: (J=compiled Java code, j=interpreted, Vv=VM code, C=native code)
V  [jvm.dll+0x6d6e29]
V  [jvm.dll+0x8b4b76]
V  [jvm.dll+0x8b712e]
V  [jvm.dll+0x8b7813]
V  [jvm.dll+0x283d86]
V  [jvm.dll+0xc1277]
V  [jvm.dll+0x6d76d9]
V  [jvm.dll+0x133466]
V  [jvm.dll+0x3f7ea6]
V  [jvm.dll+0x85e9ad]
V  [jvm.dll+0x6d565d]
C  [ucrtbase.dll+0x37b0]
C  [KERNEL32.DLL+0x2e8d7]
C  [ntdll.dll+0x8c53c]


---------------  P R O C E S S  ---------------

Threads class SMR info:
_java_thread_list=0x0000019190652ab0, length=39, elements={
0x000001912b7fb530, 0x000001912ddfdf40, 0x0000019144526950, 0x000001914452b490,
0x000001914452c0e0, 0x0000019144532250, 0x000001914453c670, 0x00000191869c8f50,
0x00000191869ca550, 0x000001914453cd00, 0x000001914453b950, 0x000001914453a5a0,
0x000001914453ac30, 0x000001914453bfe0, 0x0000019144539880, 0x0000019144539f10,
0x000001914453b2c0, 0x000001918cd36540, 0x000001918cd36bd0, 0x000001918cd37260,
0x000001918cd33de0, 0x000001918cd34b00, 0x0000019186d6ef40, 0x0000019186d6f5d0,
0x0000019186d702f0, 0x0000019186d6db90, 0x0000019186d6ce70, 0x0000019186d6e220,
0x0000019186d6fc60, 0x0000019186d6e8b0, 0x0000019186d6d500, 0x0000019186d73e00,
0x0000019186d723c0, 0x0000019186d70980, 0x0000019186d73770, 0x0000019186d74490,
0x000001918c208ee0, 0x000001919115cd10, 0x000001919115e0c0
}

Java Threads: ( => current thread )
  0x000001912b7fb530 JavaThread "main"                              [_thread_blocked, id=8932, stack(0x0000000427a00000,0x0000000427b00000) (1024K)]
  0x000001912ddfdf40 JavaThread "Reference Handler"          daemon [_thread_blocked, id=13728, stack(0x0000000427e00000,0x0000000427f00000) (1024K)]
  0x0000019144526950 JavaThread "Finalizer"                  daemon [_thread_blocked, id=29044, stack(0x0000000427f00000,0x0000000428000000) (1024K)]
  0x000001914452b490 JavaThread "Signal Dispatcher"          daemon [_thread_blocked, id=11108, stack(0x0000000428000000,0x0000000428100000) (1024K)]
=>0x000001914452c0e0 JavaThread "Attach Listener"            daemon [_thread_in_vm, id=35288, stack(0x0000000428100000,0x0000000428200000) (1024K)]
  0x0000019144532250 JavaThread "Service Thread"             daemon [_thread_blocked, id=24020, stack(0x0000000428200000,0x0000000428300000) (1024K)]
  0x000001914453c670 JavaThread "Monitor Deflation Thread"   daemon [_thread_blocked, id=29604, stack(0x0000000428300000,0x0000000428400000) (1024K)]
  0x00000191869c8f50 JavaThread "C2 CompilerThread0"         daemon [_thread_blocked, id=34284, stack(0x0000000428400000,0x0000000428500000) (1024K)]
  0x00000191869ca550 JavaThread "C1 CompilerThread0"         daemon [_thread_blocked, id=16816, stack(0x0000000428500000,0x0000000428600000) (1024K)]
  0x000001914453cd00 JavaThread "Common-Cleaner"             daemon [_thread_blocked, id=30752, stack(0x0000000428600000,0x0000000428700000) (1024K)]
  0x000001914453b950 JavaThread "Notification Thread"        daemon [_thread_blocked, id=25260, stack(0x0000000428900000,0x0000000428a00000) (1024K)]
  0x000001914453a5a0 JavaThread "Active Thread: Equinox Container: 47c0c3fa-512b-4d96-896a-178c79285d28"        [_thread_blocked, id=31816, stack(0x0000000429000000,0x0000000429100000) (1024K)]
  0x000001914453ac30 JavaThread "Refresh Thread: Equinox Container: 47c0c3fa-512b-4d96-896a-178c79285d28" daemon [_thread_blocked, id=36916, stack(0x0000000428f00000,0x0000000429000000) (1024K)]
  0x000001914453bfe0 JavaThread "Framework Event Dispatcher: Equinox Container: 47c0c3fa-512b-4d96-896a-178c79285d28" daemon [_thread_blocked, id=34524, stack(0x0000000429100000,0x0000000429200000) (1024K)]
  0x0000019144539880 JavaThread "Start Level: Equinox Container: 47c0c3fa-512b-4d96-896a-178c79285d28" daemon [_thread_blocked, id=25192, stack(0x0000000429200000,0x0000000429300000) (1024K)]
  0x0000019144539f10 JavaThread "Bundle File Closer"         daemon [_thread_blocked, id=2852, stack(0x0000000429600000,0x0000000429700000) (1024K)]
  0x000001914453b2c0 JavaThread "SCR Component Actor"        daemon [_thread_blocked, id=6704, stack(0x0000000427800000,0x0000000427900000) (1024K)]
  0x000001918cd36540 JavaThread "Worker-JM"                         [_thread_blocked, id=10768, stack(0x0000000429800000,0x0000000429900000) (1024K)]
  0x000001918cd36bd0 JavaThread "JNA Cleaner"                daemon [_thread_blocked, id=30004, stack(0x0000000429300000,0x0000000429400000) (1024K)]
  0x000001918cd37260 JavaThread "Java indexing"              daemon [_thread_blocked, id=30456, stack(0x0000000429c00000,0x0000000429d00000) (1024K)]
  0x000001918cd33de0 JavaThread "Thread-1"                   daemon [_thread_in_native, id=9864, stack(0x000000042a100000,0x000000042a200000) (1024K)]
  0x000001918cd34b00 JavaThread "Thread-2"                   daemon [_thread_in_native, id=37404, stack(0x000000042a200000,0x000000042a300000) (1024K)]
  0x0000019186d6ef40 JavaThread "Thread-3"                   daemon [_thread_in_native, id=17268, stack(0x000000042a300000,0x000000042a400000) (1024K)]
  0x0000019186d6f5d0 JavaThread "Thread-4"                   daemon [_thread_in_native, id=10112, stack(0x000000042a400000,0x000000042a500000) (1024K)]
  0x0000019186d702f0 JavaThread "Thread-5"                   daemon [_thread_in_native, id=36108, stack(0x000000042a500000,0x000000042a600000) (1024K)]
  0x0000019186d6db90 JavaThread "Thread-6"                   daemon [_thread_in_native, id=32468, stack(0x000000042a600000,0x000000042a700000) (1024K)]
  0x0000019186d6ce70 JavaThread "Thread-7"                   daemon [_thread_in_native, id=28396, stack(0x000000042a700000,0x000000042a800000) (1024K)]
  0x0000019186d6e220 JavaThread "Thread-8"                   daemon [_thread_in_native, id=25112, stack(0x000000042a800000,0x000000042a900000) (1024K)]
  0x0000019186d6fc60 JavaThread "Thread-9"                   daemon [_thread_in_native, id=23872, stack(0x000000042a900000,0x000000042aa00000) (1024K)]
  0x0000019186d6e8b0 JavaThread "Thread-10"                  daemon [_thread_in_native, id=36412, stack(0x000000042aa00000,0x000000042ab00000) (1024K)]
  0x0000019186d6d500 JavaThread "Thread-11"                  daemon [_thread_in_native, id=12264, stack(0x000000042ab00000,0x000000042ac00000) (1024K)]
  0x0000019186d73e00 JavaThread "Thread-12"                  daemon [_thread_in_native, id=9720, stack(0x000000042ac00000,0x000000042ad00000) (1024K)]
  0x0000019186d723c0 JavaThread "Thread-13"                  daemon [_thread_in_native, id=22760, stack(0x000000042ad00000,0x000000042ae00000) (1024K)]
  0x0000019186d70980 JavaThread "pool-2-thread-1"                   [_thread_blocked, id=1456, stack(0x000000042af00000,0x000000042b000000) (1024K)]
  0x0000019186d73770 JavaThread "WorkspaceEventsHandler"            [_thread_blocked, id=29376, stack(0x000000042b000000,0x000000042b100000) (1024K)]
  0x0000019186d74490 JavaThread "pool-1-thread-1"                   [_thread_blocked, id=4796, stack(0x000000042b100000,0x000000042b200000) (1024K)]
  0x000001918c208ee0 JavaThread "Cleaner-0"                  daemon [_thread_blocked, id=8484, stack(0x000000042c200000,0x000000042c300000) (1024K)]
  0x000001919115cd10 JavaThread "Worker-67"                         [_thread_blocked, id=19588, stack(0x0000000429900000,0x0000000429a00000) (1024K)]
  0x000001919115e0c0 JavaThread "Worker-68"                         [_thread_blocked, id=13768, stack(0x000000042b300000,0x000000042b400000) (1024K)]
Total: 39

Other Threads:
  0x0000019144524940 VMThread "VM Thread"                           [id=24016, stack(0x0000000427d00000,0x0000000427e00000) (1024K)]
  0x000001914441ba00 WatcherThread "VM Periodic Task Thread"        [id=18552, stack(0x0000000427c00000,0x0000000427d00000) (1024K)]
  0x000001912dd63f40 WorkerThread "GC Thread#0"                     [id=3448, stack(0x0000000427b00000,0x0000000427c00000) (1024K)]
  0x0000019186d3c8b0 WorkerThread "GC Thread#1"                     [id=30208, stack(0x0000000428800000,0x0000000428900000) (1024K)]
  0x0000019186d53010 WorkerThread "GC Thread#2"                     [id=37876, stack(0x0000000428a00000,0x0000000428b00000) (1024K)]
  0x0000019186d533b0 WorkerThread "GC Thread#3"                     [id=33020, stack(0x0000000428b00000,0x0000000428c00000) (1024K)]
  0x0000019186d53750 WorkerThread "GC Thread#4"                     [id=18396, stack(0x0000000428c00000,0x0000000428d00000) (1024K)]
  0x0000019186d53af0 WorkerThread "GC Thread#5"                     [id=24312, stack(0x0000000428d00000,0x0000000428e00000) (1024K)]
  0x0000019186d53e90 WorkerThread "GC Thread#6"                     [id=5224, stack(0x0000000428e00000,0x0000000428f00000) (1024K)]
  0x0000019186a052d0 WorkerThread "GC Thread#7"                     [id=26616, stack(0x0000000428700000,0x0000000428800000) (1024K)]
  0x0000019186cb2a20 WorkerThread "GC Thread#8"                     [id=4296, stack(0x0000000429400000,0x0000000429500000) (1024K)]
  0x000001918c5cd7c0 WorkerThread "GC Thread#9"                     [id=3860, stack(0x0000000429500000,0x0000000429600000) (1024K)]
Total: 12

Threads with active compile tasks:
Total: 0

VM state: not at safepoint (normal execution)

VM Mutex/Monitor currently owned by a thread: None

Heap address: 0x0000000080000000, size: 2048 MB, Compressed Oops mode: 32-bit

CDS archive(s) mapped at: [0x0000019145000000-0x0000019145ba0000-0x0000019145ba0000), size 12189696, SharedBaseAddress: 0x0000019145000000, ArchiveRelocationMode: 1.
Compressed class space mapped at: 0x0000019146000000-0x0000019186000000, reserved size: 1073741824
Narrow klass base: 0x0000019145000000, Narrow klass shift: 0, Narrow klass range: 0x100000000

GC Precious Log:
 CardTable entry size: 512
 CPUs: 12 total, 12 available
 Memory: 16085M
 Large Page Support: Disabled
 NUMA Support: Disabled
 Compressed Oops: Enabled (32-bit)
 Alignments: Space 512K, Generation 512K, Heap 2M
 Heap Min Capacity: 100M
 Heap Initial Capacity: 100M
 Heap Max Capacity: 2G
 Pre-touch: Disabled
 Parallel Workers: 10

Heap:
 PSYoungGen      total 6656K, used 4985K [0x00000000d5580000, 0x00000000d5d80000, 0x0000000100000000)
  eden space 6144K, 73% used [0x00000000d5580000,0x00000000d59ee478,0x00000000d5b80000)
  from space 512K, 87% used [0x00000000d5d00000,0x00000000d5d70000,0x00000000d5d80000)
  to   space 512K, 0% used [0x00000000d5c00000,0x00000000d5c00000,0x00000000d5c80000)
 ParOldGen       total 1303552K, used 1088188K [0x0000000080000000, 0x00000000cf900000, 0x00000000d5580000)
  object space 1303552K, 83% used [0x0000000080000000,0x00000000c26af2c8,0x00000000cf900000)
 Metaspace       used 87712K, committed 89280K, reserved 1179648K
  class space    used 8691K, committed 9408K, reserved 1048576K

Card table byte_map: [0x000001912d5f0000,0x000001912da00000] _byte_map_base: 0x000001912d1f0000

Marking Bits: (ParMarkBitMap*) 0x00007ffe66f92460
 Begin Bits: [0x000001913ff40000, 0x0000019141f40000)
 End Bits:   [0x0000019141f40000, 0x0000019143f40000)

Polling page: 0x000001912ba90000

Metaspace:

Usage:
  Non-class:     77.17 MB used.
      Class:      8.49 MB used.
       Both:     85.66 MB used.

Virtual space:
  Non-class space:      128.00 MB reserved,      78.00 MB ( 61%) committed,  2 nodes.
      Class space:        1.00 GB reserved,       9.19 MB ( <1%) committed,  1 nodes.
             Both:        1.12 GB reserved,      87.19 MB (  8%) committed. 

Chunk freelists:
   Non-Class:  1.53 MB
       Class:  6.73 MB
        Both:  8.26 MB

MaxMetaspaceSize: unlimited
CompressedClassSpaceSize: 1.00 GB
Initial GC threshold: 21.00 MB
Current GC threshold: 140.94 MB
CDS: on
 - commit_granule_bytes: 65536.
 - commit_granule_words: 8192.
 - virtual_space_node_default_size: 8388608.
 - enlarge_chunks_in_place: 1.
 - use_allocation_guard: 0.


Internal statistics:

num_allocs_failed_limit: 9.
num_arena_births: 1648.
num_arena_deaths: 356.
num_vsnodes_births: 3.
num_vsnodes_deaths: 0.
num_space_committed: 1395.
num_space_uncommitted: 0.
num_chunks_returned_to_freelist: 396.
num_chunks_taken_from_freelist: 6026.
num_chunk_merges: 96.
num_chunk_splits: 3490.
num_chunks_enlarged: 1938.
num_inconsistent_stats: 0.

CodeHeap 'non-profiled nmethods': size=120000Kb used=23140Kb max_used=23140Kb free=96859Kb
 bounds [0x0000019138a10000, 0x000001913a0b0000, 0x000001913ff40000]
CodeHeap 'profiled nmethods': size=120000Kb used=48687Kb max_used=49458Kb free=71312Kb
 bounds [0x0000019130f40000, 0x0000019133f90000, 0x0000019138470000]
CodeHeap 'non-nmethods': size=5760Kb used=1513Kb max_used=1575Kb free=4246Kb
 bounds [0x0000019138470000, 0x00000191386e0000, 0x0000019138a10000]
CodeCache: size=245760Kb, used=73340Kb, max_used=74173Kb, free=172417Kb
 total_blobs=19995, nmethods=19169, adapters=726, full_count=0
Compilation: enabled, stopped_count=0, restarted_count=0

Compilation events (20 events):
Event: 109794.625 Thread 0x00000191869c8f50 23326       4       lombok.eclipse.TransformEclipseAST$AnnotationVisitor::visitAnnotationOnType (41 bytes)
Event: 109794.628 Thread 0x00000191869c8f50 nmethod 23326 0x000001913a0a8090 code [0x000001913a0a8280, 0x000001913a0a86e8]
Event: 109868.495 Thread 0x00000191869ca550 23327       3       com.sun.org.apache.xerces.internal.dom.NamedNodeMapImpl::getNamedItem (29 bytes)
Event: 109868.496 Thread 0x00000191869ca550 nmethod 23327 0x0000019132ab1090 code [0x0000019132ab1260, 0x0000019132ab1668]
Event: 109868.496 Thread 0x00000191869ca550 23328       3       java.util.Properties::get (9 bytes)
Event: 109868.496 Thread 0x00000191869ca550 nmethod 23328 0x0000019132ab0c90 code [0x0000019132ab0e40, 0x0000019132ab0f98]
Event: 109868.496 Thread 0x00000191869ca550 23329       1       com.sun.org.apache.xerces.internal.dom.NodeImpl::getLocalName (2 bytes)
Event: 109868.496 Thread 0x00000191869ca550 nmethod 23329 0x000001913a0a8b90 code [0x000001913a0a8d20, 0x000001913a0a8df0]
Event: 109868.498 Thread 0x00000191869ca550 23330       3       org.eclipse.jdt.internal.core.JavaModelManager$VariablesAndContainersSaveHelper::saveString (21 bytes)
Event: 109868.498 Thread 0x00000191869ca550 nmethod 23330 0x0000019132ab0790 code [0x0000019132ab0960, 0x0000019132ab0b88]
Event: 109868.500 Thread 0x00000191869ca550 23331       3       java.lang.ClassValue::get (31 bytes)
Event: 109868.501 Thread 0x00000191869ca550 nmethod 23331 0x0000019132aaf910 code [0x0000019132aafb40, 0x0000019132ab0408]
Event: 109868.501 Thread 0x00000191869ca550 23333       3       org.eclipse.core.internal.resources.ResourceInfo::writeTo (41 bytes)
Event: 109868.501 Thread 0x00000191869ca550 nmethod 23333 0x0000019132aaf090 code [0x0000019132aaf280, 0x0000019132aaf7c0]
Event: 109868.501 Thread 0x00000191869ca550 23332       1       java.io.ObjectStreamField::isUnshared (5 bytes)
Event: 109868.502 Thread 0x00000191869ca550 nmethod 23332 0x000001913a0a8e90 code [0x000001913a0a9020, 0x000001913a0a90f0]
Event: 109868.502 Thread 0x00000191869ca550 23334       3       org.eclipse.core.internal.resources.LocalMetaArea::locationFor (44 bytes)
Event: 109868.502 Thread 0x00000191869ca550 nmethod 23334 0x0000019132aae610 code [0x0000019132aae840, 0x0000019132aaee10]
Event: 110027.654 Thread 0x00000191869ca550 23335       3       java.lang.ThreadLocal::isCarrierThreadLocalPresent (29 bytes)
Event: 110027.655 Thread 0x00000191869ca550 nmethod 23335 0x0000019132aadf90 code [0x0000019132aae160, 0x0000019132aae498]

GC Heap History (20 events):
Event: 109783.022 GC heap before
{Heap before GC invocations=2926 (full 5):
 PSYoungGen      total 5120K, used 4975K [0x00000000d5580000, 0x00000000d5e80000, 0x0000000100000000)
  eden space 4096K, 99% used [0x00000000d5580000,0x00000000d597ffe8,0x00000000d5980000)
  from space 1024K, 85% used [0x00000000d5d80000,0x00000000d5e5c010,0x00000000d5e80000)
  to   space 1024K, 0% used [0x00000000d5c80000,0x00000000d5c80000,0x00000000d5d80000)
 ParOldGen       total 1303552K, used 1082706K [0x0000000080000000, 0x00000000cf900000, 0x00000000d5580000)
  object space 1303552K, 83% used [0x0000000080000000,0x00000000c2154ba0,0x00000000cf900000)
 Metaspace       used 87706K, committed 89280K, reserved 1179648K
  class space    used 8691K, committed 9408K, reserved 1048576K
}
Event: 109783.023 GC heap after
{Heap after GC invocations=2926 (full 5):
 PSYoungGen      total 5120K, used 128K [0x00000000d5580000, 0x00000000d5e00000, 0x0000000100000000)
  eden space 4096K, 0% used [0x00000000d5580000,0x00000000d5580000,0x00000000d5980000)
  from space 1024K, 12% used [0x00000000d5c80000,0x00000000d5ca0000,0x00000000d5d80000)
  to   space 512K, 0% used [0x00000000d5d80000,0x00000000d5d80000,0x00000000d5e00000)
 ParOldGen       total 1303552K, used 1082949K [0x0000000080000000, 0x00000000cf900000, 0x00000000d5580000)
  object space 1303552K, 83% used [0x0000000080000000,0x00000000c2191470,0x00000000cf900000)
 Metaspace       used 87706K, committed 89280K, reserved 1179648K
  class space    used 8691K, committed 9408K, reserved 1048576K
}
Event: 109783.388 GC heap before
{Heap before GC invocations=2927 (full 5):
 PSYoungGen      total 5120K, used 4224K [0x00000000d5580000, 0x00000000d5e00000, 0x0000000100000000)
  eden space 4096K, 100% used [0x00000000d5580000,0x00000000d5980000,0x00000000d5980000)
  from space 1024K, 12% used [0x00000000d5c80000,0x00000000d5ca0000,0x00000000d5d80000)
  to   space 512K, 0% used [0x00000000d5d80000,0x00000000d5d80000,0x00000000d5e00000)
 ParOldGen       total 1303552K, used 1082949K [0x0000000080000000, 0x00000000cf900000, 0x00000000d5580000)
  object space 1303552K, 83% used [0x0000000080000000,0x00000000c2191470,0x00000000cf900000)
 Metaspace       used 87706K, committed 89280K, reserved 1179648K
  class space    used 8691K, committed 9408K, reserved 1048576K
}
Event: 109783.390 GC heap after
{Heap after GC invocations=2927 (full 5):
 PSYoungGen      total 4608K, used 288K [0x00000000d5580000, 0x00000000d5e00000, 0x0000000100000000)
  eden space 4096K, 0% used [0x00000000d5580000,0x00000000d5580000,0x00000000d5980000)
  from space 512K, 56% used [0x00000000d5d80000,0x00000000d5dc8000,0x00000000d5e00000)
  to   space 512K, 0% used [0x00000000d5d00000,0x00000000d5d00000,0x00000000d5d80000)
 ParOldGen       total 1303552K, used 1082973K [0x0000000080000000, 0x00000000cf900000, 0x00000000d5580000)
  object space 1303552K, 83% used [0x0000000080000000,0x00000000c2197470,0x00000000cf900000)
 Metaspace       used 87706K, committed 89280K, reserved 1179648K
  class space    used 8691K, committed 9408K, reserved 1048576K
}
Event: 109793.108 GC heap before
{Heap before GC invocations=2928 (full 5):
 PSYoungGen      total 4608K, used 4384K [0x00000000d5580000, 0x00000000d5e00000, 0x0000000100000000)
  eden space 4096K, 100% used [0x00000000d5580000,0x00000000d5980000,0x00000000d5980000)
  from space 512K, 56% used [0x00000000d5d80000,0x00000000d5dc8000,0x00000000d5e00000)
  to   space 512K, 0% used [0x00000000d5d00000,0x00000000d5d00000,0x00000000d5d80000)
 ParOldGen       total 1303552K, used 1082973K [0x0000000080000000, 0x00000000cf900000, 0x00000000d5580000)
  object space 1303552K, 83% used [0x0000000080000000,0x00000000c2197470,0x00000000cf900000)
 Metaspace       used 87706K, committed 89280K, reserved 1179648K
  class space    used 8691K, committed 9408K, reserved 1048576K
}
Event: 109793.109 GC heap after
{Heap after GC invocations=2928 (full 5):
 PSYoungGen      total 4608K, used 512K [0x00000000d5580000, 0x00000000d5e00000, 0x0000000100000000)
  eden space 4096K, 0% used [0x00000000d5580000,0x00000000d5580000,0x00000000d5980000)
  from space 512K, 100% used [0x00000000d5d00000,0x00000000d5d80000,0x00000000d5d80000)
  to   space 512K, 0% used [0x00000000d5d80000,0x00000000d5d80000,0x00000000d5e00000)
 ParOldGen       total 1303552K, used 1083061K [0x0000000080000000, 0x00000000cf900000, 0x00000000d5580000)
  object space 1303552K, 83% used [0x0000000080000000,0x00000000c21ad470,0x00000000cf900000)
 Metaspace       used 87706K, committed 89280K, reserved 1179648K
  class space    used 8691K, committed 9408K, reserved 1048576K
}
Event: 109793.268 GC heap before
{Heap before GC invocations=2929 (full 5):
 PSYoungGen      total 4608K, used 4607K [0x00000000d5580000, 0x00000000d5e00000, 0x0000000100000000)
  eden space 4096K, 99% used [0x00000000d5580000,0x00000000d597fff8,0x00000000d5980000)
  from space 512K, 100% used [0x00000000d5d00000,0x00000000d5d80000,0x00000000d5d80000)
  to   space 512K, 0% used [0x00000000d5d80000,0x00000000d5d80000,0x00000000d5e00000)
 ParOldGen       total 1303552K, used 1083061K [0x0000000080000000, 0x00000000cf900000, 0x00000000d5580000)
  object space 1303552K, 83% used [0x0000000080000000,0x00000000c21ad470,0x00000000cf900000)
 Metaspace       used 87706K, committed 89280K, reserved 1179648K
  class space    used 8691K, committed 9408K, reserved 1048576K
}
Event: 109793.271 GC heap after
{Heap after GC invocations=2929 (full 5):
 PSYoungGen      total 4608K, used 495K [0x00000000d5580000, 0x00000000d5e80000, 0x0000000100000000)
  eden space 4096K, 0% used [0x00000000d5580000,0x00000000d5580000,0x00000000d5980000)
  from space 512K, 96% used [0x00000000d5d80000,0x00000000d5dfbda0,0x00000000d5e00000)
  to   space 2560K, 0% used [0x00000000d5980000,0x00000000d5980000,0x00000000d5c00000)
 ParOldGen       total 1303552K, used 1084476K [0x0000000080000000, 0x00000000cf900000, 0x00000000d5580000)
  object space 1303552K, 83% used [0x0000000080000000,0x00000000c230f0d8,0x00000000cf900000)
 Metaspace       used 87706K, committed 89280K, reserved 1179648K
  class space    used 8691K, committed 9408K, reserved 1048576K
}
Event: 109793.277 GC heap before
{Heap before GC invocations=2930 (full 5):
 PSYoungGen      total 4608K, used 4591K [0x00000000d5580000, 0x00000000d5e80000, 0x0000000100000000)
  eden space 4096K, 100% used [0x00000000d5580000,0x00000000d5980000,0x00000000d5980000)
  from space 512K, 96% used [0x00000000d5d80000,0x00000000d5dfbda0,0x00000000d5e00000)
  to   space 2560K, 0% used [0x00000000d5980000,0x00000000d5980000,0x00000000d5c00000)
 ParOldGen       total 1303552K, used 1084476K [0x0000000080000000, 0x00000000cf900000, 0x00000000d5580000)
  object space 1303552K, 83% used [0x0000000080000000,0x00000000c230f0d8,0x00000000cf900000)
 Metaspace       used 87706K, committed 89280K, reserved 1179648K
  class space    used 8691K, committed 9408K, reserved 1048576K
}
Event: 109793.280 GC heap after
{Heap after GC invocations=2930 (full 5):
 PSYoungGen      total 6656K, used 2543K [0x00000000d5580000, 0x00000000d6380000, 0x0000000100000000)
  eden space 4096K, 0% used [0x00000000d5580000,0x00000000d5580000,0x00000000d5980000)
  from space 2560K, 99% used [0x00000000d5980000,0x00000000d5bfbda0,0x00000000d5c00000)
  to   space 5120K, 0% used [0x00000000d5e80000,0x00000000d5e80000,0x00000000d6380000)
 ParOldGen       total 1303552K, used 1086170K [0x0000000080000000, 0x00000000cf900000, 0x00000000d5580000)
  object space 1303552K, 83% used [0x0000000080000000,0x00000000c24b68b8,0x00000000cf900000)
 Metaspace       used 87706K, committed 89280K, reserved 1179648K
  class space    used 8691K, committed 9408K, reserved 1048576K
}
Event: 109793.419 GC heap before
{Heap before GC invocations=2931 (full 5):
 PSYoungGen      total 6656K, used 6639K [0x00000000d5580000, 0x00000000d6380000, 0x0000000100000000)
  eden space 4096K, 100% used [0x00000000d5580000,0x00000000d5980000,0x00000000d5980000)
  from space 2560K, 99% used [0x00000000d5980000,0x00000000d5bfbda0,0x00000000d5c00000)
  to   space 5120K, 0% used [0x00000000d5e80000,0x00000000d5e80000,0x00000000d6380000)
 ParOldGen       total 1303552K, used 1086170K [0x0000000080000000, 0x00000000cf900000, 0x00000000d5580000)
  object space 1303552K, 83% used [0x0000000080000000,0x00000000c24b68b8,0x00000000cf900000)
 Metaspace       used 87706K, committed 89280K, reserved 1179648K
  class space    used 8691K, committed 9408K, reserved 1048576K
}
Event: 109793.422 GC heap after
{Heap after GC invocations=2931 (full 5):
 PSYoungGen      total 4608K, used 416K [0x00000000d5580000, 0x00000000d5f00000, 0x0000000100000000)
  eden space 4096K, 0% used [0x00000000d5580000,0x00000000d5580000,0x00000000d5980000)
  from space 512K, 81% used [0x00000000d5e80000,0x00000000d5ee8000,0x00000000d5f00000)
  to   space 2048K, 0% used [0x00000000d5b00000,0x00000000d5b00000,0x00000000d5d00000)
 ParOldGen       total 1303552K, used 1087698K [0x0000000080000000, 0x00000000cf900000, 0x00000000d5580000)
  object space 1303552K, 83% used [0x0000000080000000,0x00000000c26348b8,0x00000000cf900000)
 Metaspace       used 87706K, committed 89280K, reserved 1179648K
  class space    used 8691K, committed 9408K, reserved 1048576K
}
Event: 109793.923 GC heap before
{Heap before GC invocations=2932 (full 5):
 PSYoungGen      total 4608K, used 4512K [0x00000000d5580000, 0x00000000d5f00000, 0x0000000100000000)
  eden space 4096K, 100% used [0x00000000d5580000,0x00000000d5980000,0x00000000d5980000)
  from space 512K, 81% used [0x00000000d5e80000,0x00000000d5ee8000,0x00000000d5f00000)
  to   space 2048K, 0% used [0x00000000d5b00000,0x00000000d5b00000,0x00000000d5d00000)
 ParOldGen       total 1303552K, used 1087698K [0x0000000080000000, 0x00000000cf900000, 0x00000000d5580000)
  object space 1303552K, 83% used [0x0000000080000000,0x00000000c26348b8,0x00000000cf900000)
 Metaspace       used 87706K, committed 89280K, reserved 1179648K
  class space    used 8691K, committed 9408K, reserved 1048576K
}
Event: 109793.925 GC heap after
{Heap after GC invocations=2932 (full 5):
 PSYoungGen      total 6144K, used 1103K [0x00000000d5580000, 0x00000000d5f00000, 0x0000000100000000)
  eden space 4096K, 0% used [0x00000000d5580000,0x00000000d5580000,0x00000000d5980000)
  from space 2048K, 53% used [0x00000000d5b00000,0x00000000d5c13da0,0x00000000d5d00000)
  to   space 1536K, 0% used [0x00000000d5d80000,0x00000000d5d80000,0x00000000d5f00000)
 ParOldGen       total 1303552K, used 1087738K [0x0000000080000000, 0x00000000cf900000, 0x00000000d5580000)
  object space 1303552K, 83% used [0x0000000080000000,0x00000000c263e8b8,0x00000000cf900000)
 Metaspace       used 87706K, committed 89280K, reserved 1179648K
  class space    used 8691K, committed 9408K, reserved 1048576K
}
Event: 109793.930 GC heap before
{Heap before GC invocations=2933 (full 5):
 PSYoungGen      total 6144K, used 5199K [0x00000000d5580000, 0x00000000d5f00000, 0x0000000100000000)
  eden space 4096K, 100% used [0x00000000d5580000,0x00000000d5980000,0x00000000d5980000)
  from space 2048K, 53% used [0x00000000d5b00000,0x00000000d5c13da0,0x00000000d5d00000)
  to   space 1536K, 0% used [0x00000000d5d80000,0x00000000d5d80000,0x00000000d5f00000)
 ParOldGen       total 1303552K, used 1087738K [0x0000000080000000, 0x00000000cf900000, 0x00000000d5580000)
  object space 1303552K, 83% used [0x0000000080000000,0x00000000c263e8b8,0x00000000cf900000)
 Metaspace       used 87706K, committed 89280K, reserved 1179648K
  class space    used 8691K, committed 9408K, reserved 1048576K
}
Event: 109794.116 GC heap after
{Heap after GC invocations=2933 (full 5):
 PSYoungGen      total 6656K, used 1295K [0x00000000d5580000, 0x00000000d5f00000, 0x0000000100000000)
  eden space 5120K, 0% used [0x00000000d5580000,0x00000000d5580000,0x00000000d5a80000)
  from space 1536K, 84% used [0x00000000d5d80000,0x00000000d5ec3da0,0x00000000d5f00000)
  to   space 1536K, 0% used [0x00000000d5c00000,0x00000000d5c00000,0x00000000d5d80000)
 ParOldGen       total 1303552K, used 1087860K [0x0000000080000000, 0x00000000cf900000, 0x00000000d5580000)
  object space 1303552K, 83% used [0x0000000080000000,0x00000000c265d2c8,0x00000000cf900000)
 Metaspace       used 87706K, committed 89280K, reserved 1179648K
  class space    used 8691K, committed 9408K, reserved 1048576K
}
Event: 109794.472 GC heap before
{Heap before GC invocations=2934 (full 5):
 PSYoungGen      total 6656K, used 6415K [0x00000000d5580000, 0x00000000d5f00000, 0x0000000100000000)
  eden space 5120K, 100% used [0x00000000d5580000,0x00000000d5a80000,0x00000000d5a80000)
  from space 1536K, 84% used [0x00000000d5d80000,0x00000000d5ec3da0,0x00000000d5f00000)
  to   space 1536K, 0% used [0x00000000d5c00000,0x00000000d5c00000,0x00000000d5d80000)
 ParOldGen       total 1303552K, used 1087860K [0x0000000080000000, 0x00000000cf900000, 0x00000000d5580000)
  object space 1303552K, 83% used [0x0000000080000000,0x00000000c265d2c8,0x00000000cf900000)
 Metaspace       used 87706K, committed 89280K, reserved 1179648K
  class space    used 8691K, committed 9408K, reserved 1048576K
}
Event: 109794.474 GC heap after
{Heap after GC invocations=2934 (full 5):
 PSYoungGen      total 6656K, used 256K [0x00000000d5580000, 0x00000000d5e00000, 0x0000000100000000)
  eden space 6144K, 0% used [0x00000000d5580000,0x00000000d5580000,0x00000000d5b80000)
  from space 512K, 50% used [0x00000000d5c00000,0x00000000d5c40000,0x00000000d5c80000)
  to   space 1024K, 0% used [0x00000000d5d00000,0x00000000d5d00000,0x00000000d5e00000)
 ParOldGen       total 1303552K, used 1088172K [0x0000000080000000, 0x00000000cf900000, 0x00000000d5580000)
  object space 1303552K, 83% used [0x0000000080000000,0x00000000c26ab2c8,0x00000000cf900000)
 Metaspace       used 87706K, committed 89280K, reserved 1179648K
  class space    used 8691K, committed 9408K, reserved 1048576K
}
Event: 109794.632 GC heap before
{Heap before GC invocations=2935 (full 5):
 PSYoungGen      total 6656K, used 6332K [0x00000000d5580000, 0x00000000d5e00000, 0x0000000100000000)
  eden space 6144K, 98% used [0x00000000d5580000,0x00000000d5b6f1f0,0x00000000d5b80000)
  from space 512K, 50% used [0x00000000d5c00000,0x00000000d5c40000,0x00000000d5c80000)
  to   space 1024K, 0% used [0x00000000d5d00000,0x00000000d5d00000,0x00000000d5e00000)
 ParOldGen       total 1303552K, used 1088172K [0x0000000080000000, 0x00000000cf900000, 0x00000000d5580000)
  object space 1303552K, 83% used [0x0000000080000000,0x00000000c26ab2c8,0x00000000cf900000)
 Metaspace       used 87706K, committed 89280K, reserved 1179648K
  class space    used 8691K, committed 9408K, reserved 1048576K
}
Event: 109794.633 GC heap after
{Heap after GC invocations=2935 (full 5):
 PSYoungGen      total 6656K, used 448K [0x00000000d5580000, 0x00000000d5d80000, 0x0000000100000000)
  eden space 6144K, 0% used [0x00000000d5580000,0x00000000d5580000,0x00000000d5b80000)
  from space 512K, 87% used [0x00000000d5d00000,0x00000000d5d70000,0x00000000d5d80000)
  to   space 512K, 0% used [0x00000000d5c00000,0x00000000d5c00000,0x00000000d5c80000)
 ParOldGen       total 1303552K, used 1088188K [0x0000000080000000, 0x00000000cf900000, 0x00000000d5580000)
  object space 1303552K, 83% used [0x0000000080000000,0x00000000c26af2c8,0x00000000cf900000)
 Metaspace       used 87706K, committed 89280K, reserved 1179648K
  class space    used 8691K, committed 9408K, reserved 1048576K
}

Dll operation events (12 events):
Event: 0.012 Loaded shared library c:\Users\HARENKANTO\.vscode\extensions\redhat.java-1.52.0-win32-x64\jre\21.0.9-win32-x86_64\bin\java.dll
Event: 0.075 Loaded shared library c:\Users\HARENKANTO\.vscode\extensions\redhat.java-1.52.0-win32-x64\jre\21.0.9-win32-x86_64\bin\zip.dll
Event: 0.091 Loaded shared library C:\Users\HARENKANTO\.vscode\extensions\redhat.java-1.52.0-win32-x64\jre\21.0.9-win32-x86_64\bin\instrument.dll
Event: 0.095 Loaded shared library C:\Users\HARENKANTO\.vscode\extensions\redhat.java-1.52.0-win32-x64\jre\21.0.9-win32-x86_64\bin\net.dll
Event: 0.096 Loaded shared library C:\Users\HARENKANTO\.vscode\extensions\redhat.java-1.52.0-win32-x64\jre\21.0.9-win32-x86_64\bin\nio.dll
Event: 0.098 Loaded shared library C:\Users\HARENKANTO\.vscode\extensions\redhat.java-1.52.0-win32-x64\jre\21.0.9-win32-x86_64\bin\zip.dll
Event: 0.111 Loaded shared library C:\Users\HARENKANTO\.vscode\extensions\redhat.java-1.52.0-win32-x64\jre\21.0.9-win32-x86_64\bin\jimage.dll
Event: 0.166 Loaded shared library c:\Users\HARENKANTO\.vscode\extensions\redhat.java-1.52.0-win32-x64\jre\21.0.9-win32-x86_64\bin\verify.dll
Event: 21.680 Loaded shared library C:\Users\HARENKANTO\AppData\Roaming\Code\User\globalStorage\redhat.java\1.52.0\config_win\org.eclipse.equinox.launcher\org.eclipse.equinox.launcher.win32.win32.x86_64_1.2.1500.v20260121-1430\eclipse_11919.dll
Event: 48.320 Loaded shared library C:\Users\HARENKANTO\AppData\Local\Temp\jna-1804596881\jna17816771597781514624.dll
Event: 49.407 Loaded shared library C:\Users\HARENKANTO\.vscode\extensions\redhat.java-1.52.0-win32-x64\jre\21.0.9-win32-x86_64\bin\sunmscapi.dll
Event: 49.768 Loaded shared library C:\Users\HARENKANTO\.vscode\extensions\redhat.java-1.52.0-win32-x64\jre\21.0.9-win32-x86_64\bin\extnet.dll

Deoptimization events (20 events):
Event: 109620.421 Thread 0x000001919115bff0 Uncommon trap: trap_request=0xffffffde fr.pc=0x0000019139752488 relative=0x0000000000000fc8
Event: 109620.421 Thread 0x000001919115bff0 Uncommon trap: reason=class_check action=maybe_recompile pc=0x0000019139752488 method=org.eclipse.jdt.internal.compiler.parser.Parser.parse()V @ 785 c2
Event: 109620.421 Thread 0x000001919115bff0 DEOPT PACKING pc=0x0000019139752488 sp=0x00000004279fe5c0
Event: 109620.421 Thread 0x000001919115bff0 DEOPT UNPACKING pc=0x00000191384c3aa2 sp=0x00000004279fe560 mode 2
Event: 109625.691 Thread 0x000001919115bff0 Uncommon trap: trap_request=0xffffffcc fr.pc=0x000001913a05b710 relative=0x0000000000000690
Event: 109625.691 Thread 0x000001919115bff0 Uncommon trap: reason=intrinsic_or_type_checked_inlining action=make_not_entrant pc=0x000001913a05b710 method=org.eclipse.jdt.internal.compiler.parser.Parser.consumeInternalCompilationUnitWithTypes()V @ 126 c2
Event: 109625.691 Thread 0x000001919115bff0 DEOPT PACKING pc=0x000001913a05b710 sp=0x00000004279fe340
Event: 109625.691 Thread 0x000001919115bff0 DEOPT UNPACKING pc=0x00000191384c3aa2 sp=0x00000004279fe2e0 mode 2
Event: 109625.713 Thread 0x000001919115bff0 DEOPT PACKING pc=0x00000191337d4260 sp=0x00000004279fe090
Event: 109625.713 Thread 0x000001919115bff0 DEOPT UNPACKING pc=0x00000191384c4242 sp=0x00000004279fd5a0 mode 0
Event: 109676.200 Thread 0x0000019191159f20 Uncommon trap: trap_request=0xffffff45 fr.pc=0x0000019139ddf12c relative=0x0000000000000a8c
Event: 109676.200 Thread 0x0000019191159f20 Uncommon trap: reason=unstable_if action=reinterpret pc=0x0000019139ddf12c method=org.eclipse.jdt.ls.core.internal.handlers.InlayHintVisitor.isOutOfRange(Lorg/eclipse/jdt/core/dom/ASTNode;)Z @ 24 c2
Event: 109676.200 Thread 0x0000019191159f20 DEOPT PACKING pc=0x0000019139ddf12c sp=0x0000000429efec50
Event: 109676.200 Thread 0x0000019191159f20 DEOPT UNPACKING pc=0x00000191384c3aa2 sp=0x0000000429efebe0 mode 2
Event: 109684.090 Thread 0x0000019191158b70 DEOPT PACKING pc=0x0000019132065729 sp=0x0000000429dfee80
Event: 109684.090 Thread 0x0000019191158b70 DEOPT UNPACKING pc=0x00000191384c4242 sp=0x0000000429dfe3c8 mode 0
Event: 109868.867 Thread 0x000001918cd33de0 Uncommon trap: trap_request=0xffffff45 fr.pc=0x0000019139b03280 relative=0x0000000000000a40
Event: 109868.867 Thread 0x000001918cd33de0 Uncommon trap: reason=unstable_if action=reinterpret pc=0x0000019139b03280 method=sun.nio.ch.WindowsAsynchronousFileChannelImpl$WriteTask.completed(IZ)V @ 21 c2
Event: 109868.867 Thread 0x000001918cd33de0 DEOPT PACKING pc=0x0000019139b03280 sp=0x000000042a1ff210
Event: 109868.867 Thread 0x000001918cd33de0 DEOPT UNPACKING pc=0x00000191384c3aa2 sp=0x000000042a1ff1f0 mode 2

Classes loaded (20 events):
Event: 2748.875 Loading class java/util/stream/ReduceOps$CountingSink$OfRef
Event: 2748.876 Loading class java/util/stream/ReduceOps$CountingSink
Event: 2748.876 Loading class java/util/stream/ReduceOps$CountingSink done
Event: 2748.876 Loading class java/util/stream/ReduceOps$CountingSink$OfRef done
Event: 2748.991 Loading class java/util/Spliterators$IntArraySpliterator
Event: 2748.992 Loading class java/util/Spliterators$IntArraySpliterator done
Event: 3659.292 Loading class java/util/stream/ReferencePipeline$15
Event: 3659.293 Loading class java/util/stream/ReferencePipeline$15 done
Event: 3659.293 Loading class java/util/stream/ReferencePipeline$15$1
Event: 3659.294 Loading class java/util/stream/ReferencePipeline$15$1 done
Event: 4699.720 Loading class java/nio/channels/CompletionHandler
Event: 4699.720 Loading class java/nio/channels/CompletionHandler done
Event: 6492.312 Loading class java/util/ImmutableCollections$SubList
Event: 6492.313 Loading class java/util/ImmutableCollections$SubList done
Event: 6565.654 Loading class java/lang/Throwable$WrappedPrintWriter
Event: 6565.654 Loading class java/lang/Throwable$PrintStreamOrWriter
Event: 6565.657 Loading class java/lang/Throwable$PrintStreamOrWriter done
Event: 6565.657 Loading class java/lang/Throwable$WrappedPrintWriter done
Event: 106507.878 Loading class java/util/concurrent/ConcurrentHashMap$KeySpliterator
Event: 106507.883 Loading class java/util/concurrent/ConcurrentHashMap$KeySpliterator done

Classes unloaded (20 events):
Event: 105701.659 Thread 0x0000019144524940 Unloading class 0x0000019146082400 'java/lang/invoke/LambdaForm$MH+0x0000019146082400'
Event: 105701.659 Thread 0x0000019144524940 Unloading class 0x0000019146081c00 'java/lang/invoke/LambdaForm$MH+0x0000019146081c00'
Event: 105701.659 Thread 0x0000019144524940 Unloading class 0x0000019146081800 'java/lang/invoke/LambdaForm$MH+0x0000019146081800'
Event: 105701.659 Thread 0x0000019144524940 Unloading class 0x0000019146081400 'java/lang/invoke/LambdaForm$MH+0x0000019146081400'
Event: 105701.659 Thread 0x0000019144524940 Unloading class 0x0000019146081000 'java/lang/invoke/LambdaForm$MH+0x0000019146081000'
Event: 105701.659 Thread 0x0000019144524940 Unloading class 0x0000019146080800 'java/lang/invoke/LambdaForm$MH+0x0000019146080800'
Event: 105701.659 Thread 0x0000019144524940 Unloading class 0x0000019146080400 'java/lang/invoke/LambdaForm$MH+0x0000019146080400'
Event: 105701.659 Thread 0x0000019144524940 Unloading class 0x0000019146080000 'java/lang/invoke/LambdaForm$MH+0x0000019146080000'
Event: 105701.659 Thread 0x0000019144524940 Unloading class 0x000001914601f800 'java/lang/invoke/LambdaForm$MH+0x000001914601f800'
Event: 105701.659 Thread 0x0000019144524940 Unloading class 0x000001914601e800 'java/lang/invoke/LambdaForm$MH+0x000001914601e800'
Event: 105701.659 Thread 0x0000019144524940 Unloading class 0x000001914601e400 'java/lang/invoke/LambdaForm$MH+0x000001914601e400'
Event: 105701.659 Thread 0x0000019144524940 Unloading class 0x000001914601dc00 'java/lang/invoke/LambdaForm$MH+0x000001914601dc00'
Event: 105701.659 Thread 0x0000019144524940 Unloading class 0x000001914601d400 'java/lang/invoke/LambdaForm$MH+0x000001914601d400'
Event: 105701.659 Thread 0x0000019144524940 Unloading class 0x0000019146019400 'java/lang/invoke/LambdaForm$MH+0x0000019146019400'
Event: 105701.659 Thread 0x0000019144524940 Unloading class 0x0000019146018400 'java/lang/invoke/LambdaForm$MH+0x0000019146018400'
Event: 105701.659 Thread 0x0000019144524940 Unloading class 0x0000019146018000 'java/lang/invoke/LambdaForm$MH+0x0000019146018000'
Event: 105701.659 Thread 0x0000019144524940 Unloading class 0x0000019146017400 'java/lang/invoke/LambdaForm$MH+0x0000019146017400'
Event: 105701.659 Thread 0x0000019144524940 Unloading class 0x0000019146016400 'java/lang/invoke/LambdaForm$MH+0x0000019146016400'
Event: 105701.659 Thread 0x0000019144524940 Unloading class 0x0000019146014800 'java/lang/invoke/LambdaForm$MH+0x0000019146014800'
Event: 105701.659 Thread 0x0000019144524940 Unloading class 0x0000019146000400 'java/lang/invoke/LambdaForm$MH+0x0000019146000400'

Classes redefined (0 events):
No events

Internal exceptions (20 events):
Event: 109443.194 Thread 0x000001919115bff0 Exception <a 'sun/nio/fs/WindowsException'{0x00000000d5697320}> (0x00000000d5697320) 
thrown [s\src\hotspot\share\prims\jni.cpp, line 520]
Event: 109443.195 Thread 0x000001919115bff0 Exception <a 'sun/nio/fs/WindowsException'{0x00000000d5697950}> (0x00000000d5697950) 
thrown [s\src\hotspot\share\prims\jni.cpp, line 520]
Event: 109443.533 Thread 0x000001919115bff0 Exception <a 'sun/nio/fs/WindowsException'{0x00000000d5612f18}> (0x00000000d5612f18) 
thrown [s\src\hotspot\share\prims\jni.cpp, line 520]
Event: 109443.533 Thread 0x000001919115bff0 Exception <a 'sun/nio/fs/WindowsException'{0x00000000d5613788}> (0x00000000d5613788) 
thrown [s\src\hotspot\share\prims\jni.cpp, line 520]
Event: 109567.245 Thread 0x000001918cd37260 Exception <a 'sun/nio/fs/WindowsException'{0x00000000d57d8b18}> (0x00000000d57d8b18) 
thrown [s\src\hotspot\share\prims\jni.cpp, line 520]
Event: 109567.325 Thread 0x000001918cd37260 Exception <a 'sun/nio/fs/WindowsException'{0x00000000d56997d0}> (0x00000000d56997d0) 
thrown [s\src\hotspot\share\prims\jni.cpp, line 520]
Event: 109625.089 Thread 0x000001918cd37260 Exception <a 'sun/nio/fs/WindowsException'{0x00000000d57c6838}> (0x00000000d57c6838) 
thrown [s\src\hotspot\share\prims\jni.cpp, line 520]
Event: 109625.158 Thread 0x000001918cd37260 Exception <a 'sun/nio/fs/WindowsException'{0x00000000d56ec6e0}> (0x00000000d56ec6e0) 
thrown [s\src\hotspot\share\prims\jni.cpp, line 520]
Event: 109684.025 Thread 0x000001918cd37260 Exception <a 'sun/nio/fs/WindowsException'{0x00000000d584c990}> (0x00000000d584c990) 
thrown [s\src\hotspot\share\prims\jni.cpp, line 520]
Event: 109684.099 Thread 0x000001918cd37260 Exception <a 'sun/nio/fs/WindowsException'{0x00000000d5580768}> (0x00000000d5580768) 
thrown [s\src\hotspot\share\prims\jni.cpp, line 520]
Event: 109700.802 Thread 0x000001918cd37260 Exception <a 'sun/nio/fs/WindowsException'{0x00000000d58c36c0}> (0x00000000d58c36c0) 
thrown [s\src\hotspot\share\prims\jni.cpp, line 520]
Event: 109700.873 Thread 0x000001918cd37260 Exception <a 'sun/nio/fs/WindowsException'{0x00000000d587a380}> (0x00000000d587a380) 
thrown [s\src\hotspot\share\prims\jni.cpp, line 520]
Event: 109726.199 Thread 0x000001918cd37260 Exception <a 'sun/nio/fs/WindowsException'{0x00000000d5864048}> (0x00000000d5864048) 
thrown [s\src\hotspot\share\prims\jni.cpp, line 520]
Event: 109726.284 Thread 0x000001918cd37260 Exception <a 'sun/nio/fs/WindowsException'{0x00000000d5580578}> (0x00000000d5580578) 
thrown [s\src\hotspot\share\prims\jni.cpp, line 520]
Event: 109732.098 Thread 0x000001918cd37260 Exception <a 'sun/nio/fs/WindowsException'{0x00000000d5591e68}> (0x00000000d5591e68) 
thrown [s\src\hotspot\share\prims\jni.cpp, line 520]
Event: 109732.276 Thread 0x000001918cd37260 Exception <a 'sun/nio/fs/WindowsException'{0x00000000d577cac0}> (0x00000000d577cac0) 
thrown [s\src\hotspot\share\prims\jni.cpp, line 520]
Event: 109769.298 Thread 0x000001918cd37260 Exception <a 'sun/nio/fs/WindowsException'{0x00000000d58d7968}> (0x00000000d58d7968) 
thrown [s\src\hotspot\share\prims\jni.cpp, line 520]
Event: 109769.382 Thread 0x000001918cd37260 Exception <a 'sun/nio/fs/WindowsException'{0x00000000d58a0918}> (0x00000000d58a0918) 
thrown [s\src\hotspot\share\prims\jni.cpp, line 520]
Event: 109781.091 Thread 0x000001918cd37260 Exception <a 'sun/nio/fs/WindowsException'{0x00000000d55ee238}> (0x00000000d55ee238) 
thrown [s\src\hotspot\share\prims\jni.cpp, line 520]
Event: 109781.153 Thread 0x000001918cd37260 Exception <a 'sun/nio/fs/WindowsException'{0x00000000d55e3ed0}> (0x00000000d55e3ed0) 
thrown [s\src\hotspot\share\prims\jni.cpp, line 520]

ZGC Phase Switch (0 events):
No events

VM Operations (20 events):
Event: 109793.108 Executing VM operation: ParallelGCFailedAllocation (Allocation Failure)
Event: 109793.110 Executing VM operation: ParallelGCFailedAllocation (Allocation Failure) done
Event: 109793.268 Executing VM operation: ParallelGCFailedAllocation (Allocation Failure)
Event: 109793.271 Executing VM operation: ParallelGCFailedAllocation (Allocation Failure) done
Event: 109793.277 Executing VM operation: ParallelGCFailedAllocation (Allocation Failure)
Event: 109793.280 Executing VM operation: ParallelGCFailedAllocation (Allocation Failure) done
Event: 109793.419 Executing VM operation: ParallelGCFailedAllocation (Allocation Failure)
Event: 109793.422 Executing VM operation: ParallelGCFailedAllocation (Allocation Failure) done
Event: 109793.923 Executing VM operation: ParallelGCFailedAllocation (Allocation Failure)
Event: 109793.925 Executing VM operation: ParallelGCFailedAllocation (Allocation Failure) done
Event: 109793.930 Executing VM operation: ParallelGCFailedAllocation (Allocation Failure)
Event: 109794.116 Executing VM operation: ParallelGCFailedAllocation (Allocation Failure) done
Event: 109794.472 Executing VM operation: ParallelGCFailedAllocation (Allocation Failure)
Event: 109794.474 Executing VM operation: ParallelGCFailedAllocation (Allocation Failure) done
Event: 109794.632 Executing VM operation: ParallelGCFailedAllocation (Allocation Failure)
Event: 109794.633 Executing VM operation: ParallelGCFailedAllocation (Allocation Failure) done
Event: 109797.124 Executing VM operation: HandshakeAllThreads (HandshakeForDeflation)
Event: 109797.124 Executing VM operation: HandshakeAllThreads (HandshakeForDeflation) done
Event: 109797.124 Executing VM operation: RendezvousGCThreads
Event: 109797.124 Executing VM operation: RendezvousGCThreads done

Memory protections (0 events):
No events

Nmethod flushes (20 events):
Event: 105701.855 Thread 0x0000019144524940 flushing  nmethod 0x0000019132e08b10
Event: 105701.855 Thread 0x0000019144524940 flushing  nmethod 0x0000019132e55990
Event: 105701.855 Thread 0x0000019144524940 flushing  nmethod 0x0000019132e8b590
Event: 105701.855 Thread 0x0000019144524940 flushing  nmethod 0x0000019132e9e090
Event: 105701.855 Thread 0x0000019144524940 flushing  nmethod 0x0000019132ea3b90
Event: 105701.855 Thread 0x0000019144524940 flushing  nmethod 0x0000019132ea5d10
Event: 105701.855 Thread 0x0000019144524940 flushing  nmethod 0x0000019132ea6190
Event: 105701.855 Thread 0x0000019144524940 flushing osr nmethod 0x0000019132ea6b90
Event: 105701.855 Thread 0x0000019144524940 flushing osr nmethod 0x0000019132eb3190
Event: 105701.855 Thread 0x0000019144524940 flushing  nmethod 0x0000019132ece790
Event: 105701.855 Thread 0x0000019144524940 flushing  nmethod 0x0000019132ed9b10
Event: 105701.855 Thread 0x0000019144524940 flushing  nmethod 0x0000019132ee1990
Event: 105701.855 Thread 0x0000019144524940 flushing osr nmethod 0x0000019132efa990
Event: 105701.855 Thread 0x0000019144524940 flushing  nmethod 0x0000019132f0b690
Event: 105701.855 Thread 0x0000019144524940 flushing  nmethod 0x0000019132f13810
Event: 105701.855 Thread 0x0000019144524940 flushing  nmethod 0x0000019132f28290
Event: 105701.855 Thread 0x0000019144524940 flushing  nmethod 0x0000019132f34410
Event: 105701.855 Thread 0x0000019144524940 flushing  nmethod 0x0000019132f37b90
Event: 105701.855 Thread 0x0000019144524940 flushing  nmethod 0x0000019132f47290
Event: 105701.855 Thread 0x0000019144524940 flushing osr nmethod 0x00000191330d7110

Events (20 events):
Event: 109856.017 Thread 0x0000019191159f20 Thread exited: 0x0000019191159f20
Event: 109868.497 Thread 0x000001919115cd10 Thread added: 0x000001919115bff0
Event: 109868.497 Thread 0x000001919115bff0 Thread exited: 0x000001919115bff0
Event: 109868.498 Thread 0x000001919115cd10 Thread added: 0x0000019191159f20
Event: 109868.499 Thread 0x0000019191159f20 Thread added: 0x000001919115bff0
Event: 109868.499 Thread 0x0000019191159f20 Thread added: 0x0000019191158b70
Event: 109868.499 Thread 0x0000019191158b70 Thread exited: 0x0000019191158b70
Event: 109868.499 Thread 0x000001919115bff0 Thread exited: 0x000001919115bff0
Event: 109868.499 Thread 0x0000019191159f20 Thread exited: 0x0000019191159f20
Event: 109868.606 Thread 0x000001919115a5b0 Thread exited: 0x000001919115a5b0
Event: 109916.018 Thread 0x0000019191159890 Thread exited: 0x0000019191159890
Event: 109926.543 Thread 0x000001918cd35eb0 Thread exited: 0x000001918cd35eb0
Event: 109976.076 Thread 0x000001918cd34470 Thread exited: 0x000001918cd34470
Event: 109985.445 Thread 0x00000191904152e0 Thread exited: 0x00000191904152e0
Event: 110002.240 Thread 0x00000191904124f0 Thread exited: 0x00000191904124f0
Event: 110027.654 Thread 0x0000019190417a40 Thread exited: 0x0000019190417a40
Event: 110033.535 Thread 0x0000019190418df0 Thread exited: 0x0000019190418df0
Event: 110036.082 Thread 0x0000019190416d20 Thread exited: 0x0000019190416d20
Event: 110070.745 Thread 0x0000019191157e50 Thread exited: 0x0000019191157e50
Event: 110082.531 Thread 0x000001919115ac40 Thread exited: 0x000001919115ac40


Dynamic libraries:
0x00007ff665910000 - 0x00007ff66591e000 	c:\Users\HARENKANTO\.vscode\extensions\redhat.java-1.52.0-win32-x64\jre\21.0.9-win32-x86_64\bin\java.exe
0x00007fff20020000 - 0x00007fff20288000 	C:\WINDOWS\SYSTEM32\ntdll.dll
0x00007fff1e6b0000 - 0x00007fff1e779000 	C:\WINDOWS\System32\KERNEL32.DLL
0x00007fff1d930000 - 0x00007fff1dd28000 	C:\WINDOWS\System32\KERNELBASE.dll
0x00007fff1d500000 - 0x00007fff1d64b000 	C:\WINDOWS\System32\ucrtbase.dll
0x00007fff06dd0000 - 0x00007fff06de8000 	c:\Users\HARENKANTO\.vscode\extensions\redhat.java-1.52.0-win32-x64\jre\21.0.9-win32-x86_64\bin\jli.dll
0x00007fff1fc30000 - 0x00007fff1fdf7000 	C:\WINDOWS\System32\USER32.dll
0x00007fff06ef0000 - 0x00007fff06f0e000 	c:\Users\HARENKANTO\.vscode\extensions\redhat.java-1.52.0-win32-x64\jre\21.0.9-win32-x86_64\bin\VCRUNTIME140.dll
0x00007fff1d780000 - 0x00007fff1d7a7000 	C:\WINDOWS\System32\win32u.dll
0x00007fff03170000 - 0x00007fff03404000 	C:\WINDOWS\WinSxS\amd64_microsoft.windows.common-controls_6595b64144ccf1df_6.0.26100.7019_none_3e06ffa0e335b8a8\COMCTL32.dll
0x00007fff1e2f0000 - 0x00007fff1e31b000 	C:\WINDOWS\System32\GDI32.dll
0x00007fff1fb10000 - 0x00007fff1fbb9000 	C:\WINDOWS\System32\msvcrt.dll
0x00007fff1d650000 - 0x00007fff1d77c000 	C:\WINDOWS\System32\gdi32full.dll
0x00007fff1d170000 - 0x00007fff1d213000 	C:\WINDOWS\System32\msvcp_win.dll
0x00007fff1eea0000 - 0x00007fff1eed1000 	C:\WINDOWS\System32\IMM32.DLL
0x00007fff06eb0000 - 0x00007fff06ebc000 	c:\Users\HARENKANTO\.vscode\extensions\redhat.java-1.52.0-win32-x64\jre\21.0.9-win32-x86_64\bin\vcruntime140_1.dll
0x00007ffecf850000 - 0x00007ffecf8dd000 	c:\Users\HARENKANTO\.vscode\extensions\redhat.java-1.52.0-win32-x64\jre\21.0.9-win32-x86_64\bin\msvcp140.dll
0x00007ffe662d0000 - 0x00007ffe67070000 	c:\Users\HARENKANTO\.vscode\extensions\redhat.java-1.52.0-win32-x64\jre\21.0.9-win32-x86_64\bin\server\jvm.dll
0x00007fff1e230000 - 0x00007fff1e2e4000 	C:\WINDOWS\System32\ADVAPI32.dll
0x00007fff1dfd0000 - 0x00007fff1e076000 	C:\WINDOWS\System32\sechost.dll
0x00007fff1de20000 - 0x00007fff1df38000 	C:\WINDOWS\System32\RPCRT4.dll
0x00007fff1eee0000 - 0x00007fff1ef54000 	C:\WINDOWS\System32\WS2_32.dll
0x00007fff1c5c0000 - 0x00007fff1c61e000 	C:\WINDOWS\SYSTEM32\POWRPROF.dll
0x00007fff11760000 - 0x00007fff11795000 	C:\WINDOWS\SYSTEM32\WINMM.dll
0x00007fff10e10000 - 0x00007fff10e1b000 	C:\WINDOWS\SYSTEM32\VERSION.dll
0x00007fff1c470000 - 0x00007fff1c484000 	C:\WINDOWS\SYSTEM32\UMPDC.dll
0x00007fff1bf30000 - 0x00007fff1bf4b000 	C:\WINDOWS\SYSTEM32\kernel.appcore.dll
0x00007fff06e00000 - 0x00007fff06e0a000 	c:\Users\HARENKANTO\.vscode\extensions\redhat.java-1.52.0-win32-x64\jre\21.0.9-win32-x86_64\bin\jimage.dll
0x00007fff1a6b0000 - 0x00007fff1a8f2000 	C:\WINDOWS\SYSTEM32\DBGHELP.DLL
0x00007fff1e320000 - 0x00007fff1e6ab000 	C:\WINDOWS\System32\combase.dll
0x00007fff1e150000 - 0x00007fff1e227000 	C:\WINDOWS\System32\OLEAUT32.dll
0x00007ffeff780000 - 0x00007ffeff7bc000 	C:\WINDOWS\SYSTEM32\dbgcore.DLL
0x00007fff1d220000 - 0x00007fff1d2c5000 	C:\WINDOWS\System32\bcryptPrimitives.dll
0x00007fff06be0000 - 0x00007fff06bef000 	c:\Users\HARENKANTO\.vscode\extensions\redhat.java-1.52.0-win32-x64\jre\21.0.9-win32-x86_64\bin\instrument.dll
0x00007ffee6880000 - 0x00007ffee68a0000 	c:\Users\HARENKANTO\.vscode\extensions\redhat.java-1.52.0-win32-x64\jre\21.0.9-win32-x86_64\bin\java.dll
0x00007fff1f3b0000 - 0x00007fff1faff000 	C:\WINDOWS\System32\SHELL32.dll
0x00007fff1d390000 - 0x00007fff1d4fb000 	C:\WINDOWS\System32\wintypes.dll
0x00007fff1ad90000 - 0x00007fff1b5ed000 	C:\WINDOWS\SYSTEM32\windows.storage.dll
0x00007fff1fee0000 - 0x00007fff1ffd2000 	C:\WINDOWS\System32\SHCORE.dll
0x00007fff1ec10000 - 0x00007fff1ec77000 	C:\WINDOWS\System32\shlwapi.dll
0x00007fff1d090000 - 0x00007fff1d0b9000 	C:\WINDOWS\SYSTEM32\profapi.dll
0x00007ffee2950000 - 0x00007ffee2968000 	c:\Users\HARENKANTO\.vscode\extensions\redhat.java-1.52.0-win32-x64\jre\21.0.9-win32-x86_64\bin\zip.dll
0x00007fff069f0000 - 0x00007fff06a00000 	C:\Users\HARENKANTO\.vscode\extensions\redhat.java-1.52.0-win32-x64\jre\21.0.9-win32-x86_64\bin\net.dll
0x00007fff14c00000 - 0x00007fff14d28000 	C:\WINDOWS\SYSTEM32\WINHTTP.dll
0x00007fff1c550000 - 0x00007fff1c5bb000 	C:\WINDOWS\system32\mswsock.dll
0x00007fff069d0000 - 0x00007fff069e6000 	C:\Users\HARENKANTO\.vscode\extensions\redhat.java-1.52.0-win32-x64\jre\21.0.9-win32-x86_64\bin\nio.dll
0x00007fff069c0000 - 0x00007fff069d0000 	c:\Users\HARENKANTO\.vscode\extensions\redhat.java-1.52.0-win32-x64\jre\21.0.9-win32-x86_64\bin\verify.dll
0x00007ffed2810000 - 0x00007ffed2855000 	C:\Users\HARENKANTO\AppData\Roaming\Code\User\globalStorage\redhat.java\1.52.0\config_win\org.eclipse.equinox.launcher\org.eclipse.equinox.launcher.win32.win32.x86_64_1.2.1500.v20260121-1430\eclipse_11919.dll
0x00007fff1ed00000 - 0x00007fff1ee97000 	C:\WINDOWS\System32\ole32.dll
0x00007fff1c880000 - 0x00007fff1c89b000 	C:\WINDOWS\SYSTEM32\CRYPTSP.dll
0x00007fff1be90000 - 0x00007fff1beca000 	C:\WINDOWS\system32\rsaenh.dll
0x00007fff1c670000 - 0x00007fff1c69b000 	C:\WINDOWS\SYSTEM32\USERENV.dll
0x00007fff1d060000 - 0x00007fff1d08a000 	C:\WINDOWS\SYSTEM32\bcrypt.dll
0x00007fff1c8a0000 - 0x00007fff1c8ac000 	C:\WINDOWS\SYSTEM32\CRYPTBASE.dll
0x00007fff1ba70000 - 0x00007fff1baa4000 	C:\WINDOWS\SYSTEM32\IPHLPAPI.DLL
0x00007fff1e080000 - 0x00007fff1e08a000 	C:\WINDOWS\System32\NSI.dll
0x00007ffebefe0000 - 0x00007ffebf029000 	C:\Users\HARENKANTO\AppData\Local\Temp\jna-1804596881\jna17816771597781514624.dll
0x00007fff1ddc0000 - 0x00007fff1ddc8000 	C:\WINDOWS\System32\PSAPI.DLL
0x00007fff14e60000 - 0x00007fff14e7e000 	C:\WINDOWS\SYSTEM32\dhcpcsvc6.DLL
0x00007fff14db0000 - 0x00007fff14dd3000 	C:\WINDOWS\SYSTEM32\dhcpcsvc.DLL
0x00007fff069b0000 - 0x00007fff069be000 	C:\Users\HARENKANTO\.vscode\extensions\redhat.java-1.52.0-win32-x64\jre\21.0.9-win32-x86_64\bin\sunmscapi.dll
0x00007fff1d7b0000 - 0x00007fff1d927000 	C:\WINDOWS\System32\CRYPT32.dll
0x00007fff1caa0000 - 0x00007fff1cad0000 	C:\WINDOWS\SYSTEM32\ncrypt.dll
0x00007fff1ca50000 - 0x00007fff1ca8f000 	C:\WINDOWS\SYSTEM32\NTASN1.dll
0x00007fff1bab0000 - 0x00007fff1bbdc000 	C:\WINDOWS\SYSTEM32\DNSAPI.dll
0x00007fff141e0000 - 0x00007fff141eb000 	C:\Windows\System32\rasadhlp.dll
0x00007fff17760000 - 0x00007fff177e6000 	C:\WINDOWS\System32\fwpuclnt.dll
0x00007fff069a0000 - 0x00007fff069a9000 	C:\Users\HARENKANTO\.vscode\extensions\redhat.java-1.52.0-win32-x64\jre\21.0.9-win32-x86_64\bin\extnet.dll

JVMTI agents:
c:\Users\HARENKANTO\.vscode\extensions\redhat.java-1.52.0-win32-x64\lombok\lombok-1.18.39-4050.jar path:c:\Users\HARENKANTO\.vscode\extensions\redhat.java-1.52.0-win32-x64\jre\21.0.9-win32-x86_64\bin\instrument.dll, loaded, initialized, instrumentlib options:none

dbghelp: loaded successfully - version: 4.0.5 - missing functions: none
symbol engine: initialized successfully - sym options: 0x614 - pdb path: .;c:\Users\HARENKANTO\.vscode\extensions\redhat.java-1.52.0-win32-x64\jre\21.0.9-win32-x86_64\bin;C:\WINDOWS\SYSTEM32;C:\WINDOWS\WinSxS\amd64_microsoft.windows.common-controls_6595b64144ccf1df_6.0.26100.7019_none_3e06ffa0e335b8a8;c:\Users\HARENKANTO\.vscode\extensions\redhat.java-1.52.0-win32-x64\jre\21.0.9-win32-x86_64\bin\server;C:\Users\HARENKANTO\AppData\Roaming\Code\User\globalStorage\redhat.java\1.52.0\config_win\org.eclipse.equinox.launcher\org.eclipse.equinox.launcher.win32.win32.x86_64_1.2.1500.v20260121-1430;C:\Users\HARENKANTO\AppData\Local\Temp\jna-1804596881

VM Arguments:
jvm_args: --add-modules=ALL-SYSTEM --add-opens=java.base/java.util=ALL-UNNAMED --add-opens=java.base/java.lang=ALL-UNNAMED --add-opens=java.base/sun.nio.fs=ALL-UNNAMED -Declipse.application=org.eclipse.jdt.ls.core.id1 -Dosgi.bundles.defaultStartLevel=4 -Declipse.product=org.eclipse.jdt.ls.core.product -Djava.import.generatesMetadataFilesAtProjectRoot=false -DDetectVMInstallationsJob.disabled=true -Dfile.encoding=utf8 -XX:+UseParallelGC -XX:GCTimeRatio=4 -XX:AdaptiveSizePolicyWeight=90 -Dsun.zip.disableMemoryMapping=true -Xmx2G -Xms100m -Xlog:disable -javaagent:c:\Users\HARENKANTO\.vscode\extensions\redhat.java-1.52.0-win32-x64\lombok\lombok-1.18.39-4050.jar -XX:+HeapDumpOnOutOfMemoryError -XX:HeapDumpPath=c:\Users\HARENKANTO\AppData\Roaming\Code\User\workspaceStorage\797717689c0429fe61dfc235f2fd48ba\redhat.java -Daether.dependencyCollector.impl=bf 
java_command: c:\Users\HARENKANTO\.vscode\extensions\redhat.java-1.52.0-win32-x64\server\plugins\org.eclipse.equinox.launcher_1.7.100.v20251111-0406.jar -configuration c:\Users\HARENKANTO\AppData\Roaming\Code\User\globalStorage\redhat.java\1.52.0\config_win -data c:\Users\HARENKANTO\AppData\Roaming\Code\User\workspaceStorage\797717689c0429fe61dfc235f2fd48ba\redhat.java\jdt_ws --pipe=\\.\pipe\lsp-59f3146ce952f3719c3e3700207c2ebf-sock
java_class_path (initial): c:\Users\HARENKANTO\.vscode\extensions\redhat.java-1.52.0-win32-x64\server\plugins\org.eclipse.equinox.launcher_1.7.100.v20251111-0406.jar
Launcher Type: SUN_STANDARD

[Global flags]
    uintx AdaptiveSizePolicyWeight                 = 90                                        {product} {command line}
     intx CICompilerCount                          = 4                                         {product} {ergonomic}
    uintx GCTimeRatio                              = 4                                         {product} {command line}
     bool HeapDumpOnOutOfMemoryError               = true                                   {manageable} {command line}
    ccstr HeapDumpPath                             = c:\Users\HARENKANTO\AppData\Roaming\Code\User\workspaceStorage\797717689c0429fe61dfc235f2fd48ba\redhat.java         {manageable} {command line}
   size_t InitialHeapSize                          = 104857600                                 {product} {command line}
   size_t MaxHeapSize                              = 2147483648                                {product} {command line}
   size_t MaxNewSize                               = 715653120                                 {product} {ergonomic}
   size_t MinHeapDeltaBytes                        = 524288                                    {product} {ergonomic}
   size_t MinHeapSize                              = 104857600                                 {product} {command line}
   size_t NewSize                                  = 34603008                                  {product} {ergonomic}
    uintx NonNMethodCodeHeapSize                   = 5839372                                {pd product} {ergonomic}
    uintx NonProfiledCodeHeapSize                  = 122909434                              {pd product} {ergonomic}
   size_t OldSize                                  = 70254592                                  {product} {ergonomic}
    uintx ProfiledCodeHeapSize                     = 122909434                              {pd product} {ergonomic}
    uintx ReservedCodeCacheSize                    = 251658240                              {pd product} {ergonomic}
     bool SegmentedCodeCache                       = true                                      {product} {ergonomic}
   size_t SoftMaxHeapSize                          = 2147483648                             {manageable} {ergonomic}
     bool UseCompressedOops                        = true                           {product lp64_product} {ergonomic}
     bool UseLargePagesIndividualAllocation        = false                                  {pd product} {ergonomic}
     bool UseParallelGC                            = true                                      {product} {command line}

Logging:
Log output configuration:
 #0: stdout all=off uptime,level,tags foldmultilines=false
 #1: stderr all=off uptime,level,tags foldmultilines=false

Release file:
JAVA_VERSION="21.0.9" 
MODULES="java.base java.compiler java.datatransfer java.xml java.prefs java.desktop java.instrument java.logging java.management java.security.sasl java.naming java.rmi java.management.rmi java.net.http java.scripting java.security.jgss java.transaction.xa java.sql java.sql.rowset java.xml.crypto java.se java.smartcardio jdk.accessibility jdk.internal.jvmstat jdk.attach jdk.charsets jdk.internal.opt jdk.zipfs jdk.compiler jdk.crypto.ec jdk.crypto.cryptoki jdk.crypto.mscapi jdk.dynalink jdk.internal.ed jdk.editpad jdk.hotspot.agent jdk.httpserver jdk.internal.le jdk.internal.vm.ci jdk.internal.vm.compiler jdk.internal.vm.compiler.management jdk.jartool jdk.javadoc jdk.jcmd jdk.management jdk.management.agent jdk.jconsole jdk.jdeps jdk.jdwp.agent jdk.jdi jdk.jfr jdk.jshell jdk.jsobject jdk.jstatd jdk.localedata jdk.management.jfr jdk.naming.dns jdk.naming.rmi jdk.net jdk.nio.mapmode jdk.random jdk.sctp jdk.security.auth jdk.security.jgss jdk.unsupported jdk.unsupported.desktop jdk.xml.dom" 

Environment Variables:
JAVA_HOME=C:\Program Files\Java\jdk-21
CLASSPATH=.;C:\ojdbc11.jar;C:\mysql-connector-j-9.1.0.jar;C:\tomcat\lib\servlet-api.jar;
PATH=C:\Program Files\Java\jdk-21\bin;C:\Program Files\Java\jdk1.8.0_152\bin;C:\Program Files\Java\OpenJDK17U-jdk_x64_windows_hotspot_17.0.17_10\jdk-17.0.17+10\bin;C:\app\HARENKANTO\product\11.2.0\dbhome_1\bin;D:\S5\Mr Rojo\Firebase\Cloud\carte\osmosis-0.49.2\bin;D:\app\wildfly-10.1.0.Final\wildfly-10.1.0.Final\bin;D:\S5\Prog\apache-ant-1.10.15-bin\apache-ant-1.10.15\bin;D:\app\wildfly-28.0.1.Final\wildfly-28.0.1.Final\bin;C:\Program Files\PostgreSQL\15\bin;C:\ProgramData\Oracle\Java\javapath;C:\Program Files (x86)\VMware\VMware Workstation\bin\;D:\apache-tomcat-10.1.28\bin;C:\Users\HARENKANTO\apache-maven-3.9.9-bin\apache-maven-3.9.9\bin;C:\Program Files\Git\cmd;C:\Program Files\gnuplot\bin;D:\tomcat\bin;C:\Windows\system32;C:\Windows;C:\Windows\System32\Wbem;C:\Windows\System32\WindowsPowerShell\v1.0\;C:\Windows\System32\OpenSSH\;C:\Program Files (x86)\NVIDIA Corporation\PhysX\Common;C:\Program Files\NVIDIA Corporation\NVIDIA NvDLISR;C:\WINDOWS\system32;C:\WINDOWS;C:\WINDOWS\System32\Wbem;C:\WINDOWS\System32\WindowsPowerShell\v1.0\;C:\WINDOWS\System32\OpenSSH\;C:\Program Files\dotnet\;C:\Program Files (x86)\QuickTime\QTSystem\;D:\xampp\php;C:\Program Files\Microsoft SQL Server\Client SDK\ODBC\170\Tools\Binn\;C:\Program Files (x86)\Microsoft SQL Server\160\Tools\Binn\;C:\Program Files\Microsoft SQL Server\160\Tools\Binn\;C:\Program Files\Microsoft SQL Server\160\DTS\Binn\;C:\Program Files\nodejs\;C:\Program Files\Git\cmd;C:\Program Files\Docker\Docker\resources\bin;C:\Users\HARENKANTO\AppData\Local\Programs\Python\Python313\Scripts\;C:\Users\HARENKANTO\AppData\Local\Programs\Python\Python313\;C:\Users\HARENKANTO\AppData\Local\Programs\Python\Launcher\;C:\Users\HARENKANTO\AppData\Local\Microsoft\WindowsApps;C:\Users\HARENKANTO\AppData\Local\Programs\Microsoft VS Code\bin;C:\Users\HARENKANTO\AppData\Local\GitHubDesktop\bin;C:\Users\HARENKANTO\AppData\Local\Programs\MiKTeX\miktex\bin\x64\;C:\Users\HARENKANTO\AppData\Roaming\npm;C:\Users\HARENKANTO\AppData\Local\ComposerSetup\bin;C:\Users\HARENKANTO\AppData\Roaming\Composer\vendor\bin;C:\Users\HARENKANTO\AppData\Local\Programs\Windsurf\bin
USERNAME=HARENKANTO
OS=Windows_NT
PROCESSOR_IDENTIFIER=Intel64 Family 6 Model 154 Stepping 3, GenuineIntel
TMP=C:\Users\HARENK~1\AppData\Local\Temp
TEMP=C:\Users\HARENK~1\AppData\Local\Temp




Periodic native trim disabled

---------------  S Y S T E M  ---------------

OS:
 Windows 11 , 64 bit Build 26100 (10.0.26100.7019)
OS uptime: 11 days 11:48 hours
Hyper-V role detected

CPU: total 12 (initial active 12) (6 cores per cpu, 2 threads per core) family 6 model 154 stepping 3 microcode 0x424, cx8, cmov, fxsr, ht, mmx, 3dnowpref, sse, sse2, sse3, ssse3, sse4.1, sse4.2, popcnt, lzcnt, tsc, tscinvbit, avx, avx2, aes, erms, clmul, bmi1, bmi2, adx, sha, fma, vzeroupper, clflush, clflushopt, clwb, hv, serialize, rdtscp, rdpid, fsrm, f16c, cet_ibt, cet_ss
Processor Information for the first 12 processors :
  Max Mhz: 2000, Current Mhz: 2000, Mhz Limit: 2000

Memory: 4k page, system-wide physical 16085M (3523M free)
TotalPageFile size 26961M (AvailPageFile size 3M)
current process WorkingSet (physical memory assigned to process): 548M, peak: 1285M
current process commit charge ("private bytes"): 1669M, peak: 1686M

vm_info: OpenJDK 64-Bit Server VM (21.0.9+10-LTS) for windows-amd64 JRE (21.0.9+10-LTS), built on 2025-10-21T00:00:00Z by "admin" with unknown MS VC++:1942

END.
