#
# There is insufficient memory for the Java Runtime Environment to continue.
# Native memory allocation (malloc) failed to allocate 1048576 bytes. Error detail: AllocateHeap
# Possible reasons:
#   The system is out of physical RAM or swap space
#   This process is running with CompressedOops enabled, and the Java Heap may be blocking the growth of the native heap
# Possible solutions:
#   Reduce memory load on the system
#   Increase physical memory or swap space
#   Check if swap backing store is full
#   Decrease Java heap size (-Xmx/-Xms)
#   Decrease number of Java threads
#   Decrease Java thread stack sizes (-Xss)
#   Set larger code cache with -XX:ReservedCodeCacheSize=
#   JVM is running with Unscaled Compressed Oops mode in which the Java heap is
#     placed in the first 4GB address space. The Java Heap base address is the
#     maximum limit for the native heap growth. Please use -XX:HeapBaseMinAddress
#     to set the Java Heap base and to place the Java Heap above 4GB virtual address.
# This output file may be truncated or incomplete.
#
#  Out of Memory Error (allocation.cpp:44), pid=5168, tid=17476
#
# JRE version:  (21.0.10+7) (build )
# Java VM: OpenJDK 64-Bit Server VM (21.0.10+7-LTS, mixed mode, sharing, tiered, compressed oops, compressed class ptrs, parallel gc, windows-amd64)
# No core dump will be written. Minidumps are not enabled by default on client versions of Windows
#

---------------  S U M M A R Y ------------

Command Line: --add-modules=ALL-SYSTEM --add-opens=java.base/java.util=ALL-UNNAMED --add-opens=java.base/java.lang=ALL-UNNAMED --add-opens=java.base/sun.nio.fs=ALL-UNNAMED -Declipse.application=org.eclipse.jdt.ls.core.id1 -Dosgi.bundles.defaultStartLevel=4 -Declipse.product=org.eclipse.jdt.ls.core.product -Djava.import.generatesMetadataFilesAtProjectRoot=false -DDetectVMInstallationsJob.disabled=true -Dfile.encoding=utf8 -XX:+UseParallelGC -XX:GCTimeRatio=4 -XX:AdaptiveSizePolicyWeight=90 -Dsun.zip.disableMemoryMapping=true -Xmx2G -Xms100m -Xlog:disable -javaagent:c:\Users\HARENKANTO\.vscode\extensions\redhat.java-1.53.0-win32-x64\lombok\lombok-1.18.39-4050.jar c:\Users\HARENKANTO\.vscode\extensions\redhat.java-1.53.0-win32-x64\server\plugins\org.eclipse.equinox.launcher_1.7.100.v20251111-0406.jar -configuration c:\Users\HARENKANTO\AppData\Roaming\Code\User\globalStorage\redhat.java\1.53.0\config_ss_win -data c:\Users\HARENKANTO\AppData\Roaming\Code\User\workspaceStorage\b0bea17b941859ce0ac68aeeb93758a7\redhat.java\ss_ws --pipe=\\.\pipe\lsp-5a836ad0ea7f4641b50104bac60ee412-sock

Host: 12th Gen Intel(R) Core(TM) i5-12450H, 12 cores, 15G,  Windows 11 , 64 bit Build 26100 (10.0.26100.7019)
Time: Tue Mar 17 23:45:20 2026 elapsed time: 0.022028 seconds (0d 0h 0m 0s)

---------------  T H R E A D  ---------------

Current thread (0x00000253244b67b0):  JavaThread "Unknown thread" [_thread_in_vm, id=17476, stack(0x000000b678900000,0x000000b678a00000) (1024K)]

Stack: [0x000000b678900000,0x000000b678a00000]
Native frames: (J=compiled Java code, j=interpreted, Vv=VM code, C=native code)
V  [jvm.dll+0x6d7a39]
V  [jvm.dll+0x8b4b26]
V  [jvm.dll+0x8b70de]
V  [jvm.dll+0x8b77c3]
V  [jvm.dll+0x284346]
V  [jvm.dll+0xc1277]
V  [jvm.dll+0x70ba02]
V  [jvm.dll+0x70c73c]
V  [jvm.dll+0x6e65d3]
V  [jvm.dll+0x87f17c]
V  [jvm.dll+0x3c49fc]
V  [jvm.dll+0x867e6b]
V  [jvm.dll+0x457b31]
V  [jvm.dll+0x459721]
C  [jli.dll+0x52d0]
C  [ucrtbase.dll+0x37b0]
C  [KERNEL32.DLL+0x2e8d7]
C  [ntdll.dll+0x8c53c]


---------------  P R O C E S S  ---------------

Threads class SMR info:
_java_thread_list=0x00000253244df130, length=1, elements={
0x00000253244b67b0
}

Java Threads: ( => current thread )
=>0x00000253244b67b0 JavaThread "Unknown thread"             [_thread_in_vm, id=17476, stack(0x000000b678900000,0x000000b678a00000) (1024K)]
Total: 1

Other Threads:
  0x000002532433ca00 WatcherThread "VM Periodic Task Thread"        [id=15080, stack(0x000000b678b00000,0x000000b678c00000) (1024K)]
  0x00000253244d4ca0 WorkerThread "GC Thread#0"                     [id=10892, stack(0x000000b678a00000,0x000000b678b00000) (1024K)]
Total: 2

Threads with active compile tasks:
Total: 0

VM state: not at safepoint (normal execution)

VM Mutex/Monitor currently owned by a thread: None

Heap address: 0x0000000080000000, size: 2048 MB, Compressed Oops mode: 32-bit

CDS archive(s) mapped at: [0x000002533b000000-0x000002533bba0000-0x000002533bba0000), size 12189696, SharedBaseAddress: 0x000002533b000000, ArchiveRelocationMode: 1.
Compressed class space mapped at: 0x000002533c000000-0x000002537c000000, reserved size: 1073741824
Narrow klass base: 0x000002533b000000, Narrow klass shift: 0, Narrow klass range: 0x100000000

GC Precious Log:
 CardTable entry size: 512
 CPUs: 12 total, 12 available
 Memory: 16085M
 Large Page Support: Disabled
 NUMA Support: Disabled
 Compressed Oops: Enabled (32-bit)
 Alignments: Space 512K, Generation 512K, Heap 2M
 Heap Min Capacity: 100M
 Heap Initial Capacity: 100M
 Heap Max Capacity: 2G
 Pre-touch: Disabled
 Parallel Workers: 10

Heap:
 PSYoungGen      total 29696K, used 512K [0x00000000d5580000, 0x00000000d7680000, 0x0000000100000000)
  eden space 25600K, 2% used [0x00000000d5580000,0x00000000d5600020,0x00000000d6e80000)
  from space 4096K, 0% used [0x00000000d7280000,0x00000000d7280000,0x00000000d7680000)
  to   space 4096K, 0% used [0x00000000d6e80000,0x00000000d6e80000,0x00000000d7280000)
 ParOldGen       total 68608K, used 0K [0x0000000080000000, 0x0000000084300000, 0x00000000d5580000)
  object space 68608K, 0% used [0x0000000080000000,0x0000000080000000,0x0000000084300000)
 Metaspace       used 0K, committed 0K, reserved 1048576K
  class space    used 0K, committed 0K, reserved 1048576K

Card table byte_map: [0x0000025323e50000,0x0000025324260000] _byte_map_base: 0x0000025323a50000

Marking Bits: (ParMarkBitMap*) 0x00007fff6f1e3450
 Begin Bits: [0x0000025336960000, 0x0000025338960000)
 End Bits:   [0x0000025338960000, 0x000002533a960000)

Polling page: 0x00000253222a0000

Metaspace:

Usage:
  Non-class:      0 bytes used.
      Class:      0 bytes used.
       Both:      0 bytes used.

Virtual space:
  Non-class space:        0 bytes reserved,       0 bytes (  ?%) committed,  0 nodes.
      Class space:        1.00 GB reserved,       0 bytes (  0%) committed,  1 nodes.
             Both:        1.00 GB reserved,       0 bytes (  0%) committed. 

Chunk freelists:
   Non-Class:  0 bytes
       Class:  16.00 MB
        Both:  16.00 MB

MaxMetaspaceSize: unlimited
CompressedClassSpaceSize: 1.00 GB
Initial GC threshold: 21.00 MB
Current GC threshold: 17179869184.00 GB
CDS: on
 - commit_granule_bytes: 65536.
 - commit_granule_words: 8192.
 - virtual_space_node_default_size: 8388608.
 - enlarge_chunks_in_place: 1.
 - use_allocation_guard: 0.


Internal statistics:

num_allocs_failed_limit: 0.
num_arena_births: 0.
num_arena_deaths: 0.
num_vsnodes_births: 1.
num_vsnodes_deaths: 0.
num_space_committed: 0.
num_space_uncommitted: 0.
num_chunks_returned_to_freelist: 0.
num_chunks_taken_from_freelist: 1.
num_chunk_merges: 0.
num_chunk_splits: 1.
num_chunks_enlarged: 0.
num_inconsistent_stats: 0.

CodeHeap 'non-profiled nmethods': size=120000Kb used=0Kb max_used=0Kb free=120000Kb
 bounds [0x000002532f180000, 0x000002532f3f0000, 0x00000253366b0000]
CodeHeap 'profiled nmethods': size=120000Kb used=0Kb max_used=0Kb free=120000Kb
 bounds [0x00000253276b0000, 0x0000025327920000, 0x000002532ebe0000]
CodeHeap 'non-nmethods': size=5760Kb used=194Kb max_used=342Kb free=5565Kb
 bounds [0x000002532ebe0000, 0x000002532ee50000, 0x000002532f180000]
CodeCache: size=245760Kb, used=194Kb, max_used=342Kb, free=245565Kb
 total_blobs=70, nmethods=0, adapters=48, full_count=0
Compilation: enabled, stopped_count=0, restarted_count=0

Compilation events (0 events):
No events

GC Heap History (0 events):
No events

Dll operation events (1 events):
Event: 0.008 Loaded shared library c:\Users\HARENKANTO\.vscode\extensions\redhat.java-1.53.0-win32-x64\jre\21.0.10-win32-x86_64\bin\java.dll

Deoptimization events (0 events):
No events

Classes loaded (0 events):
No events

Classes unloaded (0 events):
No events

Classes redefined (0 events):
No events

Internal exceptions (0 events):
No events

ZGC Phase Switch (0 events):
No events

VM Operations (0 events):
No events

Memory protections (0 events):
No events

Nmethod flushes (0 events):
No events

Events (1 events):
Event: 0.019 Thread 0x00000253244b67b0 Thread added: 0x00000253244b67b0


Dynamic libraries:
0x00007ff6691f0000 - 0x00007ff6691fe000 	c:\Users\HARENKANTO\.vscode\extensions\redhat.java-1.53.0-win32-x64\jre\21.0.10-win32-x86_64\bin\java.exe
0x00007fffe0200000 - 0x00007fffe0468000 	C:\WINDOWS\SYSTEM32\ntdll.dll
0x00007fffdf800000 - 0x00007fffdf8c9000 	C:\WINDOWS\System32\KERNEL32.DLL
0x00007fffdd4a0000 - 0x00007fffdd898000 	C:\WINDOWS\System32\KERNELBASE.dll
0x00007fffddcf0000 - 0x00007fffdde3b000 	C:\WINDOWS\System32\ucrtbase.dll
0x00007fffa88a0000 - 0x00007fffa88be000 	c:\Users\HARENKANTO\.vscode\extensions\redhat.java-1.53.0-win32-x64\jre\21.0.10-win32-x86_64\bin\VCRUNTIME140.dll
0x00007fffb4e10000 - 0x00007fffb4e28000 	c:\Users\HARENKANTO\.vscode\extensions\redhat.java-1.53.0-win32-x64\jre\21.0.10-win32-x86_64\bin\jli.dll
0x00007fffde9f0000 - 0x00007fffdebb7000 	C:\WINDOWS\System32\USER32.dll
0x00007fffdde40000 - 0x00007fffdde67000 	C:\WINDOWS\System32\win32u.dll
0x00007fffc8970000 - 0x00007fffc8c04000 	C:\WINDOWS\WinSxS\amd64_microsoft.windows.common-controls_6595b64144ccf1df_6.0.26100.7019_none_3e06ffa0e335b8a8\COMCTL32.dll
0x00007fffde9c0000 - 0x00007fffde9eb000 	C:\WINDOWS\System32\GDI32.dll
0x00007fffe0110000 - 0x00007fffe01b9000 	C:\WINDOWS\System32\msvcrt.dll
0x00007fffdde70000 - 0x00007fffddf9c000 	C:\WINDOWS\System32\gdi32full.dll
0x00007fffdd950000 - 0x00007fffdd9f3000 	C:\WINDOWS\System32\msvcp_win.dll
0x00007fffdec40000 - 0x00007fffdec71000 	C:\WINDOWS\System32\IMM32.DLL
0x00007fffd7ce0000 - 0x00007fffd7cec000 	c:\Users\HARENKANTO\.vscode\extensions\redhat.java-1.53.0-win32-x64\jre\21.0.10-win32-x86_64\bin\vcruntime140_1.dll
0x00007fff978f0000 - 0x00007fff9797d000 	c:\Users\HARENKANTO\.vscode\extensions\redhat.java-1.53.0-win32-x64\jre\21.0.10-win32-x86_64\bin\msvcp140.dll
0x00007fff6e520000 - 0x00007fff6f2c1000 	c:\Users\HARENKANTO\.vscode\extensions\redhat.java-1.53.0-win32-x64\jre\21.0.10-win32-x86_64\bin\server\jvm.dll
0x00007fffdf740000 - 0x00007fffdf7f4000 	C:\WINDOWS\System32\ADVAPI32.dll
0x00007fffdedf0000 - 0x00007fffdee96000 	C:\WINDOWS\System32\sechost.dll
0x00007fffdf5d0000 - 0x00007fffdf6e8000 	C:\WINDOWS\System32\RPCRT4.dll
0x00007fffdfe70000 - 0x00007fffdfee4000 	C:\WINDOWS\System32\WS2_32.dll
0x00007fffdc7a0000 - 0x00007fffdc7fe000 	C:\WINDOWS\SYSTEM32\POWRPROF.dll
0x00007fffd2cf0000 - 0x00007fffd2d25000 	C:\WINDOWS\SYSTEM32\WINMM.dll
0x00007fffd42c0000 - 0x00007fffd42cb000 	C:\WINDOWS\SYSTEM32\VERSION.dll
0x00007fffdc710000 - 0x00007fffdc724000 	C:\WINDOWS\SYSTEM32\UMPDC.dll
0x00007fffdc100000 - 0x00007fffdc11b000 	C:\WINDOWS\SYSTEM32\kernel.appcore.dll
0x00007fffc6220000 - 0x00007fffc622a000 	c:\Users\HARENKANTO\.vscode\extensions\redhat.java-1.53.0-win32-x64\jre\21.0.10-win32-x86_64\bin\jimage.dll
0x00007fffda8e0000 - 0x00007fffdab22000 	C:\WINDOWS\SYSTEM32\DBGHELP.DLL
0x00007fffdfa50000 - 0x00007fffdfddb000 	C:\WINDOWS\System32\combase.dll
0x00007fffde860000 - 0x00007fffde937000 	C:\WINDOWS\System32\OLEAUT32.dll
0x00007fffc6880000 - 0x00007fffc68bc000 	C:\WINDOWS\SYSTEM32\dbgcore.DLL
0x00007fffdd8a0000 - 0x00007fffdd945000 	C:\WINDOWS\System32\bcryptPrimitives.dll
0x00007fffb54a0000 - 0x00007fffb54af000 	c:\Users\HARENKANTO\.vscode\extensions\redhat.java-1.53.0-win32-x64\jre\21.0.10-win32-x86_64\bin\instrument.dll
0x00007fffa8390000 - 0x00007fffa83b0000 	c:\Users\HARENKANTO\.vscode\extensions\redhat.java-1.53.0-win32-x64\jre\21.0.10-win32-x86_64\bin\java.dll

JVMTI agents:
c:\Users\HARENKANTO\.vscode\extensions\redhat.java-1.53.0-win32-x64\lombok\lombok-1.18.39-4050.jar path:none, loaded, not initialized, instrumentlib options:none

dbghelp: loaded successfully - version: 4.0.5 - missing functions: none
symbol engine: initialized successfully - sym options: 0x614 - pdb path: .;c:\Users\HARENKANTO\.vscode\extensions\redhat.java-1.53.0-win32-x64\jre\21.0.10-win32-x86_64\bin;C:\WINDOWS\SYSTEM32;C:\WINDOWS\WinSxS\amd64_microsoft.windows.common-controls_6595b64144ccf1df_6.0.26100.7019_none_3e06ffa0e335b8a8;c:\Users\HARENKANTO\.vscode\extensions\redhat.java-1.53.0-win32-x64\jre\21.0.10-win32-x86_64\bin\server

VM Arguments:
jvm_args: --add-modules=ALL-SYSTEM --add-opens=java.base/java.util=ALL-UNNAMED --add-opens=java.base/java.lang=ALL-UNNAMED --add-opens=java.base/sun.nio.fs=ALL-UNNAMED -Declipse.application=org.eclipse.jdt.ls.core.id1 -Dosgi.bundles.defaultStartLevel=4 -Declipse.product=org.eclipse.jdt.ls.core.product -Djava.import.generatesMetadataFilesAtProjectRoot=false -DDetectVMInstallationsJob.disabled=true -Dfile.encoding=utf8 -XX:+UseParallelGC -XX:GCTimeRatio=4 -XX:AdaptiveSizePolicyWeight=90 -Dsun.zip.disableMemoryMapping=true -Xmx2G -Xms100m -Xlog:disable -javaagent:c:\Users\HARENKANTO\.vscode\extensions\redhat.java-1.53.0-win32-x64\lombok\lombok-1.18.39-4050.jar 
java_command: c:\Users\HARENKANTO\.vscode\extensions\redhat.java-1.53.0-win32-x64\server\plugins\org.eclipse.equinox.launcher_1.7.100.v20251111-0406.jar -configuration c:\Users\HARENKANTO\AppData\Roaming\Code\User\globalStorage\redhat.java\1.53.0\config_ss_win -data c:\Users\HARENKANTO\AppData\Roaming\Code\User\workspaceStorage\b0bea17b941859ce0ac68aeeb93758a7\redhat.java\ss_ws --pipe=\\.\pipe\lsp-5a836ad0ea7f4641b50104bac60ee412-sock
java_class_path (initial): c:\Users\HARENKANTO\.vscode\extensions\redhat.java-1.53.0-win32-x64\server\plugins\org.eclipse.equinox.launcher_1.7.100.v20251111-0406.jar
Launcher Type: SUN_STANDARD

[Global flags]
    uintx AdaptiveSizePolicyWeight                 = 90                                        {product} {command line}
     intx CICompilerCount                          = 4                                         {product} {ergonomic}
    uintx GCTimeRatio                              = 4                                         {product} {command line}
   size_t InitialHeapSize                          = 104857600                                 {product} {command line}
   size_t MaxHeapSize                              = 2147483648                                {product} {command line}
   size_t MaxNewSize                               = 715653120                                 {product} {ergonomic}
   size_t MinHeapDeltaBytes                        = 524288                                    {product} {ergonomic}
   size_t MinHeapSize                              = 104857600                                 {product} {command line}
   size_t NewSize                                  = 34603008                                  {product} {ergonomic}
    uintx NonNMethodCodeHeapSize                   = 5839372                                {pd product} {ergonomic}
    uintx NonProfiledCodeHeapSize                  = 122909434                              {pd product} {ergonomic}
   size_t OldSize                                  = 70254592                                  {product} {ergonomic}
    uintx ProfiledCodeHeapSize                     = 122909434                              {pd product} {ergonomic}
    uintx ReservedCodeCacheSize                    = 251658240                              {pd product} {ergonomic}
     bool SegmentedCodeCache                       = true                                      {product} {ergonomic}
   size_t SoftMaxHeapSize                          = 2147483648                             {manageable} {ergonomic}
     bool UseCompressedOops                        = true                           {product lp64_product} {ergonomic}
     bool UseLargePagesIndividualAllocation        = false                                  {pd product} {ergonomic}
     bool UseParallelGC                            = true                                      {product} {command line}

Logging:
Log output configuration:
 #0: stdout all=off uptime,level,tags foldmultilines=false
 #1: stderr all=off uptime,level,tags foldmultilines=false

Release file:
<release file has not been read>
Environment Variables:
JAVA_HOME=C:\Program Files\Java\jdk-21
CLASSPATH=.;C:\ojdbc11.jar;C:\mysql-connector-j-9.1.0.jar;C:\tomcat\lib\servlet-api.jar;
PATH=C:\Program Files\Java\jdk-21\bin;C:\Program Files\Java\jdk1.8.0_152\bin;C:\Program Files\Java\OpenJDK17U-jdk_x64_windows_hotspot_17.0.17_10\jdk-17.0.17+10\bin;C:\app\HARENKANTO\product\11.2.0\dbhome_1\bin;D:\S5\Mr Rojo\Firebase\Cloud\carte\osmosis-0.49.2\bin;D:\app\wildfly-10.1.0.Final\wildfly-10.1.0.Final\bin;D:\S5\Prog\apache-ant-1.10.15-bin\apache-ant-1.10.15\bin;D:\app\wildfly-28.0.1.Final\wildfly-28.0.1.Final\bin;C:\Program Files\PostgreSQL\15\bin;C:\ProgramData\Oracle\Java\javapath;C:\Program Files (x86)\VMware\VMware Workstation\bin\;D:\apache-tomcat-10.1.28\bin;C:\Users\HARENKANTO\apache-maven-3.9.9-bin\apache-maven-3.9.9\bin;C:\Program Files\Git\cmd;C:\Program Files\gnuplot\bin;D:\tomcat\bin;C:\Windows\system32;C:\Windows;C:\Windows\System32\Wbem;C:\Windows\System32\WindowsPowerShell\v1.0\;C:\Windows\System32\OpenSSH\;C:\Program Files (x86)\NVIDIA Corporation\PhysX\Common;C:\Program Files\NVIDIA Corporation\NVIDIA NvDLISR;C:\WINDOWS\system32;C:\WINDOWS;C:\WINDOWS\System32\Wbem;C:\WINDOWS\System32\WindowsPowerShell\v1.0\;C:\WINDOWS\System32\OpenSSH\;C:\Program Files\dotnet\;C:\Program Files (x86)\QuickTime\QTSystem\;D:\xampp\php;C:\Program Files\Microsoft SQL Server\Client SDK\ODBC\170\Tools\Binn\;C:\Program Files (x86)\Microsoft SQL Server\160\Tools\Binn\;C:\Program Files\Microsoft SQL Server\160\Tools\Binn\;C:\Program Files\Microsoft SQL Server\160\DTS\Binn\;C:\Program Files\nodejs\;C:\Program Files\Git\cmd;C:\Program Files\Docker\Docker\resources\bin;C:\Program Files (x86)\Microsoft SQL Server\170\Tools\Binn\;C:\Program Files\Microsoft SQL Server\170\Tools\Binn\;C:\Program Files\Microsoft SQL Server\Client SDK\ODBC\180\Tools\Binn\;C:\Program Files\Microsoft SQL Server\170\DTS\Binn\;C:\Users\HARENKANTO\AppData\Local\Programs\Python\Python313\Scripts\;C:\Users\HARENKANTO\AppData\Local\Programs\Python\Python313\;C:\Users\HARENKANTO\AppData\Local\Programs\Python\Launcher\;C:\Users\HARENKANTO\AppData\Local\Microsoft\WindowsApps;C:\Users\HARENKANTO\AppData\Local\Programs\Microsoft VS Code\bin;C:\Users\HARENKANTO\AppData\Local\GitHubDesktop\bin;C:\Users\HARENKANTO\AppData\Local\Programs\MiKTeX\miktex\bin\x64\;C:\Users\HARENKANTO\AppData\Roaming\npm;C:\Users\HARENKANTO\AppData\Local\ComposerSetup\bin;C:\Users\HARENKANTO\AppData\Roaming\Composer\vendor\bin;C:\Users\HARENKANTO\AppData\Local\Programs\Windsurf\bin
USERNAME=HARENKANTO
OS=Windows_NT
PROCESSOR_IDENTIFIER=Intel64 Family 6 Model 154 Stepping 3, GenuineIntel
TMP=C:\Users\HARENK~1\AppData\Local\Temp
TEMP=C:\Users\HARENK~1\AppData\Local\Temp




Periodic native trim disabled

---------------  S Y S T E M  ---------------

OS:
 Windows 11 , 64 bit Build 26100 (10.0.26100.7019)
OS uptime: 0 days 13:13 hours
Hyper-V role detected

CPU: total 12 (initial active 12) (6 cores per cpu, 2 threads per core) family 6 model 154 stepping 3 microcode 0x424, cx8, cmov, fxsr, ht, mmx, 3dnowpref, sse, sse2, sse3, ssse3, sse4.1, sse4.2, popcnt, lzcnt, tsc, tscinvbit, avx, avx2, aes, erms, clmul, bmi1, bmi2, adx, sha, fma, vzeroupper, clflush, clflushopt, clwb, hv, serialize, rdtscp, rdpid, fsrm, f16c, cet_ibt, cet_ss
Processor Information for processor 0
  Max Mhz: 2000, Current Mhz: 2000, Mhz Limit: 2000
Processor Information for processor 1
  Max Mhz: 2000, Current Mhz: 2000, Mhz Limit: 2000
Processor Information for processor 2
  Max Mhz: 2000, Current Mhz: 2000, Mhz Limit: 2000
Processor Information for processor 3
  Max Mhz: 2000, Current Mhz: 2000, Mhz Limit: 2000
Processor Information for processor 4
  Max Mhz: 2000, Current Mhz: 2000, Mhz Limit: 2000
Processor Information for processor 5
  Max Mhz: 2000, Current Mhz: 2000, Mhz Limit: 2000
Processor Information for processor 6
  Max Mhz: 2000, Current Mhz: 2000, Mhz Limit: 2000
Processor Information for processor 7
  Max Mhz: 2000, Current Mhz: 2000, Mhz Limit: 2000
Processor Information for processor 8
  Max Mhz: 2000, Current Mhz: 2000, Mhz Limit: 2000
Processor Information for processor 9
  Max Mhz: 2000, Current Mhz: 2000, Mhz Limit: 2000
Processor Information for processor 10
  Max Mhz: 2000, Current Mhz: 1466, Mhz Limit: 2000
Processor Information for processor 11
  Max Mhz: 2000, Current Mhz: 2000, Mhz Limit: 2000

Memory: 4k page, system-wide physical 16085M (5087M free)
TotalPageFile size 19734M (AvailPageFile size 7M)
current process WorkingSet (physical memory assigned to process): 26M, peak: 26M
current process commit charge ("private bytes"): 205M, peak: 206M

vm_info: OpenJDK 64-Bit Server VM (21.0.10+7-LTS) for windows-amd64 JRE (21.0.10+7-LTS), built on 2026-01-20T00:00:00Z by "admin" with MS VC++ 17.12 (VS2022)

END.
