#
# There is insufficient memory for the Java Runtime Environment to continue.
# Native memory allocation (malloc) failed to allocate 197296 bytes. Error detail: Chunk::new
# Possible reasons:
#   The system is out of physical RAM or swap space
#   This process is running with CompressedOops enabled, and the Java Heap may be blocking the growth of the native heap
# Possible solutions:
#   Reduce memory load on the system
#   Increase physical memory or swap space
#   Check if swap backing store is full
#   Decrease Java heap size (-Xmx/-Xms)
#   Decrease number of Java threads
#   Decrease Java thread stack sizes (-Xss)
#   Set larger code cache with -XX:ReservedCodeCacheSize=
#   JVM is running with Unscaled Compressed Oops mode in which the Java heap is
#     placed in the first 4GB address space. The Java Heap base address is the
#     maximum limit for the native heap growth. Please use -XX:HeapBaseMinAddress
#     to set the Java Heap base and to place the Java Heap above 4GB virtual address.
# This output file may be truncated or incomplete.
#
#  Out of Memory Error (arena.cpp:168), pid=16332, tid=25636
#
# JRE version: OpenJDK Runtime Environment Temurin-21.0.10+7 (21.0.10+7) (build 21.0.10+7-LTS)
# Java VM: OpenJDK 64-Bit Server VM Temurin-21.0.10+7 (21.0.10+7-LTS, mixed mode, sharing, tiered, compressed oops, compressed class ptrs, parallel gc, windows-amd64)
# No core dump will be written. Minidumps are not enabled by default on client versions of Windows
#

---------------  S U M M A R Y ------------

Command Line: --add-modules=ALL-SYSTEM --add-opens=java.base/java.util=ALL-UNNAMED --add-opens=java.base/java.lang=ALL-UNNAMED --add-opens=java.base/sun.nio.fs=ALL-UNNAMED -Declipse.application=org.eclipse.jdt.ls.core.id1 -Dosgi.bundles.defaultStartLevel=4 -Declipse.product=org.eclipse.jdt.ls.core.product -Djava.import.generatesMetadataFilesAtProjectRoot=false -DDetectVMInstallationsJob.disabled=true -Dfile.encoding=utf8 -XX:+UseParallelGC -XX:GCTimeRatio=4 -XX:AdaptiveSizePolicyWeight=90 -Dsun.zip.disableMemoryMapping=true -Xmx2G -Xms100m -Xlog:disable -javaagent:c:\Users\HARENKANTO\.vscode\extensions\redhat.java-1.53.0-win32-x64\lombok\lombok-1.18.39-4050.jar -XX:+HeapDumpOnOutOfMemoryError -XX:HeapDumpPath=c:\Users\HARENKANTO\AppData\Roaming\Code\User\workspaceStorage\b0bea17b941859ce0ac68aeeb93758a7\redhat.java -Daether.dependencyCollector.impl=bf c:\Users\HARENKANTO\.vscode\extensions\redhat.java-1.53.0-win32-x64\server\plugins\org.eclipse.equinox.launcher_1.7.100.v20251111-0406.jar -configuration c:\Users\HARENKANTO\AppData\Roaming\Code\User\globalStorage\redhat.java\1.53.0\config_win -data c:\Users\HARENKANTO\AppData\Roaming\Code\User\workspaceStorage\b0bea17b941859ce0ac68aeeb93758a7\redhat.java\jdt_ws --pipe=\\.\pipe\lsp-ac98e1bc332199504cf25cde9f95e9d0-sock

Host: 12th Gen Intel(R) Core(TM) i5-12450H, 12 cores, 15G,  Windows 11 , 64 bit Build 26100 (10.0.26100.7019)
Time: Tue Mar 17 23:45:21 2026 elapsed time: 0.480129 seconds (0d 0h 0m 0s)

---------------  T H R E A D  ---------------

Current thread (0x0000016906459d70):  JavaThread "C2 CompilerThread0" daemon [_thread_in_native, id=25636, stack(0x000000212ee00000,0x000000212ef00000) (1024K)]


Current CompileTask:
C2:480  913       4       sun.security.provider.SHA2::implCompress0 (448 bytes)

Stack: [0x000000212ee00000,0x000000212ef00000]
Native frames: (J=compiled Java code, j=interpreted, Vv=VM code, C=native code)
V  [jvm.dll+0x6d7a39]
V  [jvm.dll+0x8b4b26]
V  [jvm.dll+0x8b70de]
V  [jvm.dll+0x8b77c3]
V  [jvm.dll+0x284346]
V  [jvm.dll+0xc66ed]
V  [jvm.dll+0xc6c31]
V  [jvm.dll+0x2fb29e]
V  [jvm.dll+0x5fe884]
V  [jvm.dll+0x255b17]
V  [jvm.dll+0x255edd]
V  [jvm.dll+0x24e500]
V  [jvm.dll+0x24ba42]
V  [jvm.dll+0x1cb34e]
V  [jvm.dll+0x25b85d]
V  [jvm.dll+0x259dea]
V  [jvm.dll+0x3f857e]
V  [jvm.dll+0x85f59d]
V  [jvm.dll+0x6d626d]
C  [ucrtbase.dll+0x37b0]
C  [KERNEL32.DLL+0x2e8d7]
C  [ntdll.dll+0x8c53c]


---------------  P R O C E S S  ---------------

Threads class SMR info:
_java_thread_list=0x000001695f490010, length=13, elements={
0x00000169063a4a80, 0x000001690634e810, 0x0000016906444b90, 0x000001690644a4b0,
0x000001690644b2c0, 0x000001690644d0d0, 0x000001690644dc60, 0x0000016906459d70,
0x000001695f151fd0, 0x000001695f3371e0, 0x000001695f33f020, 0x000001695f4785f0,
0x000001695f52e320
}

Java Threads: ( => current thread )
  0x00000169063a4a80 JavaThread "main"                              [_thread_in_Java, id=16904, stack(0x000000212e400000,0x000000212e500000) (1024K)]
  0x000001690634e810 JavaThread "Reference Handler"          daemon [_thread_blocked, id=10740, stack(0x000000212e800000,0x000000212e900000) (1024K)]
  0x0000016906444b90 JavaThread "Finalizer"                  daemon [_thread_blocked, id=27000, stack(0x000000212e900000,0x000000212ea00000) (1024K)]
  0x000001690644a4b0 JavaThread "Signal Dispatcher"          daemon [_thread_blocked, id=1816, stack(0x000000212ea00000,0x000000212eb00000) (1024K)]
  0x000001690644b2c0 JavaThread "Attach Listener"            daemon [_thread_blocked, id=3500, stack(0x000000212eb00000,0x000000212ec00000) (1024K)]
  0x000001690644d0d0 JavaThread "Service Thread"             daemon [_thread_blocked, id=27404, stack(0x000000212ec00000,0x000000212ed00000) (1024K)]
  0x000001690644dc60 JavaThread "Monitor Deflation Thread"   daemon [_thread_blocked, id=13956, stack(0x000000212ed00000,0x000000212ee00000) (1024K)]
=>0x0000016906459d70 JavaThread "C2 CompilerThread0"         daemon [_thread_in_native, id=25636, stack(0x000000212ee00000,0x000000212ef00000) (1024K)]
  0x000001695f151fd0 JavaThread "C1 CompilerThread0"         daemon [_thread_blocked, id=21332, stack(0x000000212ef00000,0x000000212f000000) (1024K)]
  0x000001695f3371e0 JavaThread "C2 CompilerThread1"         daemon [_thread_in_native, id=20364, stack(0x000000212f000000,0x000000212f100000) (1024K)]
  0x000001695f33f020 JavaThread "Common-Cleaner"             daemon [_thread_blocked, id=9996, stack(0x000000212f100000,0x000000212f200000) (1024K)]
  0x000001695f4785f0 JavaThread "Notification Thread"        daemon [_thread_blocked, id=26036, stack(0x000000212f200000,0x000000212f300000) (1024K)]
  0x000001695f52e320 JavaThread "C2 CompilerThread2"         daemon [_thread_in_native, id=24980, stack(0x000000212f300000,0x000000212f400000) (1024K)]
Total: 13

Other Threads:
  0x00000169063344e0 VMThread "VM Thread"                           [id=27604, stack(0x000000212e700000,0x000000212e800000) (1024K)]
  0x000001690622bb20 WatcherThread "VM Periodic Task Thread"        [id=1420, stack(0x000000212e600000,0x000000212e700000) (1024K)]
  0x00000169063c3460 WorkerThread "GC Thread#0"                     [id=19180, stack(0x000000212e500000,0x000000212e600000) (1024K)]
Total: 3

Threads with active compile tasks:
C2 CompilerThread0  493  913       4       sun.security.provider.SHA2::implCompress0 (448 bytes)
C2 CompilerThread1  493  929       4       java.util.jar.Manifest$FastInputStream::readLine (296 bytes)
C2 CompilerThread2  493  948       4       java.util.HashMap::resize (356 bytes)
Total: 3

VM state: not at safepoint (normal execution)

VM Mutex/Monitor currently owned by a thread: None

Heap address: 0x0000000080000000, size: 2048 MB, Compressed Oops mode: 32-bit

CDS archive(s) mapped at: [0x000001691d000000-0x000001691dba0000-0x000001691dba0000), size 12189696, SharedBaseAddress: 0x000001691d000000, ArchiveRelocationMode: 1.
Compressed class space mapped at: 0x000001691e000000-0x000001695e000000, reserved size: 1073741824
Narrow klass base: 0x000001691d000000, Narrow klass shift: 0, Narrow klass range: 0x100000000

GC Precious Log:
 CardTable entry size: 512
 CPUs: 12 total, 12 available
 Memory: 16085M
 Large Page Support: Disabled
 NUMA Support: Disabled
 Compressed Oops: Enabled (32-bit)
 Alignments: Space 512K, Generation 512K, Heap 2M
 Heap Min Capacity: 100M
 Heap Initial Capacity: 100M
 Heap Max Capacity: 2G
 Pre-touch: Disabled
 Parallel Workers: 10

Heap:
 PSYoungGen      total 29696K, used 20146K [0x00000000d5580000, 0x00000000d7680000, 0x0000000100000000)
  eden space 25600K, 78% used [0x00000000d5580000,0x00000000d692c868,0x00000000d6e80000)
  from space 4096K, 0% used [0x00000000d7280000,0x00000000d7280000,0x00000000d7680000)
  to   space 4096K, 0% used [0x00000000d6e80000,0x00000000d6e80000,0x00000000d7280000)
 ParOldGen       total 68608K, used 0K [0x0000000080000000, 0x0000000084300000, 0x00000000d5580000)
  object space 68608K, 0% used [0x0000000080000000,0x0000000080000000,0x0000000084300000)
 Metaspace       used 3545K, committed 3776K, reserved 1114112K
  class space    used 390K, committed 512K, reserved 1048576K

Card table byte_map: [0x0000016905d40000,0x0000016906150000] _byte_map_base: 0x0000016905940000

Marking Bits: (ParMarkBitMap*) 0x00007fff6f1e3450
 Begin Bits: [0x0000016918850000, 0x000001691a850000)
 End Bits:   [0x000001691a850000, 0x000001691c850000)

Polling page: 0x0000016904390000

Metaspace:

Usage:
  Non-class:      3.08 MB used.
      Class:    390.24 KB used.
       Both:      3.46 MB used.

Virtual space:
  Non-class space:       64.00 MB reserved,       3.19 MB (  5%) committed,  1 nodes.
      Class space:        1.00 GB reserved,     512.00 KB ( <1%) committed,  1 nodes.
             Both:        1.06 GB reserved,       3.69 MB ( <1%) committed. 

Chunk freelists:
   Non-Class:  11.45 MB
       Class:  15.47 MB
        Both:  26.93 MB

MaxMetaspaceSize: unlimited
CompressedClassSpaceSize: 1.00 GB
Initial GC threshold: 21.00 MB
Current GC threshold: 21.00 MB
CDS: on
 - commit_granule_bytes: 65536.
 - commit_granule_words: 8192.
 - virtual_space_node_default_size: 8388608.
 - enlarge_chunks_in_place: 1.
 - use_allocation_guard: 0.


Internal statistics:

num_allocs_failed_limit: 0.
num_arena_births: 170.
num_arena_deaths: 0.
num_vsnodes_births: 2.
num_vsnodes_deaths: 0.
num_space_committed: 59.
num_space_uncommitted: 0.
num_chunks_returned_to_freelist: 0.
num_chunks_taken_from_freelist: 215.
num_chunk_merges: 0.
num_chunk_splits: 140.
num_chunks_enlarged: 77.
num_inconsistent_stats: 0.

CodeHeap 'non-profiled nmethods': size=120000Kb used=370Kb max_used=370Kb free=119629Kb
 bounds [0x0000016911070000, 0x00000169112e0000, 0x00000169185a0000]
CodeHeap 'profiled nmethods': size=120000Kb used=1476Kb max_used=1476Kb free=118524Kb
 bounds [0x00000169095a0000, 0x0000016909810000, 0x0000016910ad0000]
CodeHeap 'non-nmethods': size=5760Kb used=1189Kb max_used=1220Kb free=4570Kb
 bounds [0x0000016910ad0000, 0x0000016910d40000, 0x0000016911070000]
CodeCache: size=245760Kb, used=3035Kb, max_used=3066Kb, free=242723Kb
 total_blobs=1413, nmethods=963, adapters=357, full_count=0
Compilation: enabled, stopped_count=0, restarted_count=0

Compilation events (20 events):
Event: 0.468 Thread 0x000001695f151fd0  911       3       java.lang.ref.SoftReference::get (29 bytes)
Event: 0.468 Thread 0x000001695f151fd0 nmethod 911 0x00000169096f7790 code [0x00000169096f7940, 0x00000169096f7ad8]
Event: 0.468 Thread 0x000001695f151fd0  910       3       java.lang.invoke.MethodHandles$Lookup::checkSymbolicClass (25 bytes)
Event: 0.469 Thread 0x000001695f151fd0 nmethod 910 0x00000169096f7b90 code [0x00000169096f7d60, 0x00000169096f7fe0]
Event: 0.471 Thread 0x000001695f151fd0  915       3       java.lang.ref.Reference::refersTo (6 bytes)
Event: 0.471 Thread 0x000001695f151fd0 nmethod 915 0x00000169096f8110 code [0x00000169096f82c0, 0x00000169096f8488]
Event: 0.471 Thread 0x000001695f151fd0  916       3       java.lang.ref.Reference::refersToImpl (6 bytes)
Event: 0.471 Thread 0x000001695f151fd0 nmethod 916 0x00000169096f8510 code [0x00000169096f86c0, 0x00000169096f87f8]
Event: 0.472 Thread 0x000001695f3371e0 nmethod 804 0x00000169110c7710 code [0x00000169110c7980, 0x00000169110c8c80]
Event: 0.478 Thread 0x000001695f151fd0  917  s    3       java.io.ByteArrayOutputStream::write (43 bytes)
Event: 0.478 Thread 0x000001695f3371e0  922       4       java.lang.String::checkBoundsOffCount (10 bytes)
Event: 0.479 Thread 0x000001695f151fd0 nmethod 917 0x00000169096f8890 code [0x00000169096f8a80, 0x00000169096f8f20]
Event: 0.479 Thread 0x000001695f151fd0  918       3       java.util.jar.Manifest$FastInputStream::readLine (9 bytes)
Event: 0.479 Thread 0x000001695f52e320  923       4       java.util.HashMap::put (13 bytes)
Event: 0.479 Thread 0x000001695f151fd0 nmethod 918 0x00000169096f9110 code [0x00000169096f92c0, 0x00000169096f9410]
Event: 0.479 Thread 0x000001695f151fd0  919       3       java.lang.String::<init> (22 bytes)
Event: 0.479 Thread 0x000001695f151fd0 nmethod 919 0x00000169096f9510 code [0x00000169096f9700, 0x00000169096f9b60]
Event: 0.479 Thread 0x000001695f151fd0  920       1       java.util.jar.Attributes$Name::hashCode (5 bytes)
Event: 0.479 Thread 0x000001695f151fd0 nmethod 920 0x00000169110c9b10 code [0x00000169110c9ca0, 0x00000169110c9d68]
Event: 0.479 Thread 0x000001695f151fd0  925       3       java.util.jar.Manifest::toLower (24 bytes)

GC Heap History (0 events):
No events

Dll operation events (8 events):
Event: 0.007 Loaded shared library c:\Users\HARENKANTO\.vscode\extensions\redhat.java-1.53.0-win32-x64\jre\21.0.10-win32-x86_64\bin\java.dll
Event: 0.057 Loaded shared library c:\Users\HARENKANTO\.vscode\extensions\redhat.java-1.53.0-win32-x64\jre\21.0.10-win32-x86_64\bin\zip.dll
Event: 0.074 Loaded shared library C:\Users\HARENKANTO\.vscode\extensions\redhat.java-1.53.0-win32-x64\jre\21.0.10-win32-x86_64\bin\instrument.dll
Event: 0.078 Loaded shared library C:\Users\HARENKANTO\.vscode\extensions\redhat.java-1.53.0-win32-x64\jre\21.0.10-win32-x86_64\bin\net.dll
Event: 0.080 Loaded shared library C:\Users\HARENKANTO\.vscode\extensions\redhat.java-1.53.0-win32-x64\jre\21.0.10-win32-x86_64\bin\nio.dll
Event: 0.082 Loaded shared library C:\Users\HARENKANTO\.vscode\extensions\redhat.java-1.53.0-win32-x64\jre\21.0.10-win32-x86_64\bin\zip.dll
Event: 0.099 Loaded shared library C:\Users\HARENKANTO\.vscode\extensions\redhat.java-1.53.0-win32-x64\jre\21.0.10-win32-x86_64\bin\jimage.dll
Event: 0.172 Loaded shared library c:\Users\HARENKANTO\.vscode\extensions\redhat.java-1.53.0-win32-x64\jre\21.0.10-win32-x86_64\bin\verify.dll

Deoptimization events (20 events):
Event: 0.362 Thread 0x00000169063a4a80 DEOPT PACKING pc=0x0000016909690e84 sp=0x000000212e4fdc50
Event: 0.362 Thread 0x00000169063a4a80 DEOPT UNPACKING pc=0x0000016910b24242 sp=0x000000212e4fd0a8 mode 0
Event: 0.402 Thread 0x00000169063a4a80 Uncommon trap: trap_request=0xffffff45 fr.pc=0x000001691109c6b8 relative=0x00000000000004d8
Event: 0.402 Thread 0x00000169063a4a80 Uncommon trap: reason=unstable_if action=reinterpret pc=0x000001691109c6b8 method=java.lang.AbstractStringBuilder.inflateIfNeededFor(Ljava/lang/String;)V @ 14 c2
Event: 0.402 Thread 0x00000169063a4a80 DEOPT PACKING pc=0x000001691109c6b8 sp=0x000000212e4fe890
Event: 0.402 Thread 0x00000169063a4a80 DEOPT UNPACKING pc=0x0000016910b23aa2 sp=0x000000212e4fe740 mode 2
Event: 0.402 Thread 0x00000169063a4a80 Uncommon trap: trap_request=0xffffff45 fr.pc=0x00000169110b010c relative=0x000000000000006c
Event: 0.402 Thread 0x00000169063a4a80 Uncommon trap: reason=unstable_if action=reinterpret pc=0x00000169110b010c method=java.lang.AbstractStringBuilder.isLatin1()Z @ 10 c2
Event: 0.402 Thread 0x00000169063a4a80 DEOPT PACKING pc=0x00000169110b010c sp=0x000000212e4fe780
Event: 0.402 Thread 0x00000169063a4a80 DEOPT UNPACKING pc=0x0000016910b23aa2 sp=0x000000212e4fe710 mode 2
Event: 0.402 Thread 0x00000169063a4a80 Uncommon trap: trap_request=0xffffff45 fr.pc=0x000001691109f08c relative=0x00000000000000ec
Event: 0.402 Thread 0x00000169063a4a80 Uncommon trap: reason=unstable_if action=reinterpret pc=0x000001691109f08c method=java.lang.String.getBytes([BIB)V @ 5 c2
Event: 0.402 Thread 0x00000169063a4a80 DEOPT PACKING pc=0x000001691109f08c sp=0x000000212e4fe7c0
Event: 0.402 Thread 0x00000169063a4a80 DEOPT UNPACKING pc=0x0000016910b23aa2 sp=0x000000212e4fe768 mode 2
Event: 0.404 Thread 0x00000169063a4a80 Uncommon trap: trap_request=0xffffff45 fr.pc=0x00000169110b722c relative=0x000000000000008c
Event: 0.404 Thread 0x00000169063a4a80 Uncommon trap: reason=unstable_if action=reinterpret pc=0x00000169110b722c method=jdk.internal.misc.Unsafe.convEndian(ZI)I @ 4 c2
Event: 0.404 Thread 0x00000169063a4a80 DEOPT PACKING pc=0x00000169110b722c sp=0x000000212e4fde20
Event: 0.404 Thread 0x00000169063a4a80 DEOPT UNPACKING pc=0x0000016910b23aa2 sp=0x000000212e4fdd50 mode 2
Event: 0.468 Thread 0x00000169063a4a80 DEOPT PACKING pc=0x00000169096a767b sp=0x000000212e4fe3c0
Event: 0.468 Thread 0x00000169063a4a80 DEOPT UNPACKING pc=0x0000016910b24242 sp=0x000000212e4fd838 mode 0

Classes loaded (20 events):
Event: 0.469 Loading class sun/nio/fs/WindowsFileSystemProvider$1
Event: 0.469 Loading class sun/nio/fs/WindowsFileSystemProvider$1 done
Event: 0.470 Loading class sun/nio/fs/WindowsLinkSupport
Event: 0.470 Loading class sun/nio/fs/WindowsLinkSupport done
Event: 0.470 Loading class sun/nio/fs/WindowsAclFileAttributeView
Event: 0.470 Loading class sun/nio/fs/AbstractAclFileAttributeView
Event: 0.470 Loading class java/nio/file/attribute/AclFileAttributeView
Event: 0.470 Loading class java/nio/file/attribute/FileOwnerAttributeView
Event: 0.470 Loading class java/nio/file/attribute/FileOwnerAttributeView done
Event: 0.470 Loading class java/nio/file/attribute/AclFileAttributeView done
Event: 0.470 Loading class sun/nio/fs/AbstractAclFileAttributeView done
Event: 0.471 Loading class sun/nio/fs/WindowsAclFileAttributeView done
Event: 0.471 Loading class sun/nio/fs/WindowsSecurity
Event: 0.471 Loading class sun/nio/fs/WindowsSecurity done
Event: 0.471 Loading class sun/nio/fs/WindowsFileStore
Event: 0.472 Loading class java/nio/file/FileStore
Event: 0.472 Loading class java/nio/file/FileStore done
Event: 0.472 Loading class sun/nio/fs/WindowsFileStore done
Event: 0.474 Loading class java/net/URLClassLoader$1
Event: 0.474 Loading class java/net/URLClassLoader$1 done

Classes unloaded (0 events):
No events

Classes redefined (0 events):
No events

Internal exceptions (20 events):
Event: 0.133 Thread 0x00000169063a4a80 Exception <a 'java/lang/NoSuchMethodError'{0x00000000d59deb98}: 'java.lang.Object java.lang.invoke.DirectMethodHandle$Holder.invokeStatic(java.lang.Object, java.lang.Object, java.lang.Object, java.lang.Object, int)'> (0x00000000d59deb98) 
thrown [s\src\hotspot\share\interpreter\linkResolver.cpp, line 773]
Event: 0.135 Thread 0x00000169063a4a80 Exception <a 'java/lang/NoSuchMethodError'{0x00000000d59e9fd8}: 'void java.lang.invoke.DelegatingMethodHandle$Holder.reinvoke_L(java.lang.Object, java.lang.Object, java.lang.Object, int, java.lang.Object)'> (0x00000000d59e9fd8) 
thrown [s\src\hotspot\share\interpreter\linkResolver.cpp, line 773]
Event: 0.139 Thread 0x00000169063a4a80 Exception <a 'java/lang/NoSuchMethodError'{0x00000000d59fa928}: 'int java.lang.invoke.DirectMethodHandle$Holder.invokeSpecial(java.lang.Object, java.lang.Object, java.lang.Object)'> (0x00000000d59fa928) 
thrown [s\src\hotspot\share\interpreter\linkResolver.cpp, line 773]
Event: 0.141 Thread 0x00000169063a4a80 Exception <a 'java/lang/NoSuchMethodError'{0x00000000d5a065e8}: 'java.lang.Object java.lang.invoke.DirectMethodHandle$Holder.invokeStatic(java.lang.Object, java.lang.Object, int)'> (0x00000000d5a065e8) 
thrown [s\src\hotspot\share\interpreter\linkResolver.cpp, line 773]
Event: 0.142 Thread 0x00000169063a4a80 Exception <a 'java/lang/NoSuchMethodError'{0x00000000d5a0af38}: 'void java.lang.invoke.DirectMethodHandle$Holder.invokeStatic(java.lang.Object, java.lang.Object, int, java.lang.Object)'> (0x00000000d5a0af38) 
thrown [s\src\hotspot\share\interpreter\linkResolver.cpp, line 773]
Event: 0.143 Thread 0x00000169063a4a80 Exception <a 'java/lang/NoSuchMethodError'{0x00000000d5a0eac8}: 'void java.lang.invoke.DirectMethodHandle$Holder.invokeSpecial(java.lang.Object, java.lang.Object, java.lang.Object, int, java.lang.Object)'> (0x00000000d5a0eac8) 
thrown [s\src\hotspot\share\interpreter\linkResolver.cpp, line 773]
Event: 0.144 Thread 0x00000169063a4a80 Exception <a 'java/lang/NoSuchMethodError'{0x00000000d5a12188}: 'void java.lang.invoke.DelegatingMethodHandle$Holder.delegate(java.lang.Object, java.lang.Object, int, java.lang.Object)'> (0x00000000d5a12188) 
thrown [s\src\hotspot\share\interpreter\linkResolver.cpp, line 773]
Event: 0.198 Thread 0x00000169063a4a80 Exception <a 'java/lang/NoSuchMethodError'{0x00000000d5bd2fd0}: 'void java.lang.invoke.DelegatingMethodHandle$Holder.reinvoke_L(java.lang.Object, java.lang.Object, java.lang.Object, int)'> (0x00000000d5bd2fd0) 
thrown [s\src\hotspot\share\interpreter\linkResolver.cpp, line 773]
Event: 0.299 Thread 0x00000169063a4a80 Exception <a 'java/lang/NoSuchMethodError'{0x00000000d60602e8}: 'void java.lang.invoke.DirectMethodHandle$Holder.invokeVirtual(java.lang.Object, java.lang.Object)'> (0x00000000d60602e8) 
thrown [s\src\hotspot\share\interpreter\linkResolver.cpp, line 773]
Event: 0.382 Thread 0x00000169063a4a80 Exception <a 'java/lang/NoSuchMethodError'{0x00000000d6445390}: 'void java.lang.invoke.DirectMethodHandle$Holder.invokeStatic(java.lang.Object, java.lang.Object)'> (0x00000000d6445390) 
thrown [s\src\hotspot\share\interpreter\linkResolver.cpp, line 773]
Event: 0.387 Thread 0x00000169063a4a80 Exception <a 'java/lang/ClassNotFoundException'{0x00000000d646d490}: sun/net/www/protocol/c/Handler> (0x00000000d646d490) 
thrown [s\src\hotspot\share\classfile\systemDictionary.cpp, line 312]
Event: 0.402 Thread 0x00000169063a4a80 Exception <a 'java/io/FileNotFoundException'{0x00000000d64d47f0}> (0x00000000d64d47f0) 
thrown [s\src\hotspot\share\prims\jni.cpp, line 520]
Event: 0.403 Thread 0x00000169063a4a80 Exception <a 'java/io/FileNotFoundException'{0x00000000d64d5e78}> (0x00000000d64d5e78) 
thrown [s\src\hotspot\share\prims\jni.cpp, line 520]
Event: 0.403 Thread 0x00000169063a4a80 Exception <a 'java/io/FileNotFoundException'{0x00000000d64d6e60}> (0x00000000d64d6e60) 
thrown [s\src\hotspot\share\prims\jni.cpp, line 520]
Event: 0.403 Thread 0x00000169063a4a80 Exception <a 'java/io/FileNotFoundException'{0x00000000d64d7d30}> (0x00000000d64d7d30) 
thrown [s\src\hotspot\share\prims\jni.cpp, line 520]
Event: 0.408 Thread 0x00000169063a4a80 Exception <a 'java/io/FileNotFoundException'{0x00000000d6512228}> (0x00000000d6512228) 
thrown [s\src\hotspot\share\prims\jni.cpp, line 520]
Event: 0.418 Thread 0x00000169063a4a80 Exception <a 'java/lang/NoSuchMethodError'{0x00000000d654ec30}: 'java.lang.Object java.lang.invoke.DirectMethodHandle$Holder.invokeInterface(java.lang.Object, java.lang.Object)'> (0x00000000d654ec30) 
thrown [s\src\hotspot\share\interpreter\linkResolver.cpp, line 773]
Event: 0.421 Thread 0x00000169063a4a80 Exception <a 'java/lang/NoSuchMethodError'{0x00000000d65626c8}: 'java.lang.Object java.lang.invoke.Invokers$Holder.invokeExact_MT(java.lang.Object, java.lang.Object, java.lang.Object, java.lang.Object, java.lang.Object, java.lang.Object)'> (0x00000000d65626c8) 
thrown [s\src\hotspot\share\interpreter\linkResolver.cpp, line 773]
Event: 0.425 Thread 0x00000169063a4a80 Exception <a 'java/lang/NoSuchMethodError'{0x00000000d65797a0}: 'int java.lang.invoke.DirectMethodHandle$Holder.invokeStatic(java.lang.Object, java.lang.Object, java.lang.Object, java.lang.Object, java.lang.Object)'> (0x00000000d65797a0) 
thrown [s\src\hotspot\share\interpreter\linkResolver.cpp, line 773]
Event: 0.452 Thread 0x00000169063a4a80 Exception <a 'java/lang/NoSuchMethodError'{0x00000000d660f350}: 'java.lang.Object java.lang.invoke.DirectMethodHandle$Holder.invokeInterface(java.lang.Object, java.lang.Object, int)'> (0x00000000d660f350) 
thrown [s\src\hotspot\share\interpreter\linkResolver.cpp, line 773]

ZGC Phase Switch (0 events):
No events

VM Operations (8 events):
Event: 0.056 Executing non-safepoint VM operation: HandshakeAllThreads (Deoptimize)
Event: 0.056 Executing non-safepoint VM operation: HandshakeAllThreads (Deoptimize) done
Event: 0.111 Executing non-safepoint VM operation: HandshakeAllThreads (Deoptimize)
Event: 0.111 Executing non-safepoint VM operation: HandshakeAllThreads (Deoptimize) done
Event: 0.366 Executing non-safepoint VM operation: HandshakeAllThreads (Deoptimize)
Event: 0.366 Executing non-safepoint VM operation: HandshakeAllThreads (Deoptimize) done
Event: 0.378 Executing non-safepoint VM operation: HandshakeAllThreads (Deoptimize)
Event: 0.378 Executing non-safepoint VM operation: HandshakeAllThreads (Deoptimize) done

Memory protections (0 events):
No events

Nmethod flushes (0 events):
No events

Events (13 events):
Event: 0.021 Thread 0x00000169063a4a80 Thread added: 0x00000169063a4a80
Event: 0.031 Thread 0x00000169063a4a80 Thread added: 0x000001690634e810
Event: 0.031 Thread 0x00000169063a4a80 Thread added: 0x0000016906444b90
Event: 0.031 Thread 0x00000169063a4a80 Thread added: 0x000001690644a4b0
Event: 0.031 Thread 0x00000169063a4a80 Thread added: 0x000001690644b2c0
Event: 0.031 Thread 0x00000169063a4a80 Thread added: 0x000001690644d0d0
Event: 0.031 Thread 0x00000169063a4a80 Thread added: 0x000001690644dc60
Event: 0.031 Thread 0x00000169063a4a80 Thread added: 0x0000016906459d70
Event: 0.031 Thread 0x00000169063a4a80 Thread added: 0x000001695f151fd0
Event: 0.065 Thread 0x000001695f151fd0 Thread added: 0x000001695f3371e0
Event: 0.075 Thread 0x00000169063a4a80 Thread added: 0x000001695f33f020
Event: 0.252 Thread 0x00000169063a4a80 Thread added: 0x000001695f4785f0
Event: 0.324 Thread 0x000001695f151fd0 Thread added: 0x000001695f52e320


Dynamic libraries:
0x00007ff6691f0000 - 0x00007ff6691fe000 	c:\Users\HARENKANTO\.vscode\extensions\redhat.java-1.53.0-win32-x64\jre\21.0.10-win32-x86_64\bin\java.exe
0x00007fffe0200000 - 0x00007fffe0468000 	C:\WINDOWS\SYSTEM32\ntdll.dll
0x00007fffdf800000 - 0x00007fffdf8c9000 	C:\WINDOWS\System32\KERNEL32.DLL
0x00007fffdd4a0000 - 0x00007fffdd898000 	C:\WINDOWS\System32\KERNELBASE.dll
0x00007fffddcf0000 - 0x00007fffdde3b000 	C:\WINDOWS\System32\ucrtbase.dll
0x00007fffb4e10000 - 0x00007fffb4e28000 	c:\Users\HARENKANTO\.vscode\extensions\redhat.java-1.53.0-win32-x64\jre\21.0.10-win32-x86_64\bin\jli.dll
0x00007fffc6bd0000 - 0x00007fffc6bee000 	c:\Users\HARENKANTO\.vscode\extensions\redhat.java-1.53.0-win32-x64\jre\21.0.10-win32-x86_64\bin\VCRUNTIME140.dll
0x00007fffde9f0000 - 0x00007fffdebb7000 	C:\WINDOWS\System32\USER32.dll
0x00007fffdde40000 - 0x00007fffdde67000 	C:\WINDOWS\System32\win32u.dll
0x00007fffc8970000 - 0x00007fffc8c04000 	C:\WINDOWS\WinSxS\amd64_microsoft.windows.common-controls_6595b64144ccf1df_6.0.26100.7019_none_3e06ffa0e335b8a8\COMCTL32.dll
0x00007fffde9c0000 - 0x00007fffde9eb000 	C:\WINDOWS\System32\GDI32.dll
0x00007fffe0110000 - 0x00007fffe01b9000 	C:\WINDOWS\System32\msvcrt.dll
0x00007fffdde70000 - 0x00007fffddf9c000 	C:\WINDOWS\System32\gdi32full.dll
0x00007fffdd950000 - 0x00007fffdd9f3000 	C:\WINDOWS\System32\msvcp_win.dll
0x00007fffdec40000 - 0x00007fffdec71000 	C:\WINDOWS\System32\IMM32.DLL
0x00007fffd7ce0000 - 0x00007fffd7cec000 	c:\Users\HARENKANTO\.vscode\extensions\redhat.java-1.53.0-win32-x64\jre\21.0.10-win32-x86_64\bin\vcruntime140_1.dll
0x00007fff978f0000 - 0x00007fff9797d000 	c:\Users\HARENKANTO\.vscode\extensions\redhat.java-1.53.0-win32-x64\jre\21.0.10-win32-x86_64\bin\msvcp140.dll
0x00007fff6e520000 - 0x00007fff6f2c1000 	c:\Users\HARENKANTO\.vscode\extensions\redhat.java-1.53.0-win32-x64\jre\21.0.10-win32-x86_64\bin\server\jvm.dll
0x00007fffdf740000 - 0x00007fffdf7f4000 	C:\WINDOWS\System32\ADVAPI32.dll
0x00007fffdedf0000 - 0x00007fffdee96000 	C:\WINDOWS\System32\sechost.dll
0x00007fffdf5d0000 - 0x00007fffdf6e8000 	C:\WINDOWS\System32\RPCRT4.dll
0x00007fffdfe70000 - 0x00007fffdfee4000 	C:\WINDOWS\System32\WS2_32.dll
0x00007fffdc7a0000 - 0x00007fffdc7fe000 	C:\WINDOWS\SYSTEM32\POWRPROF.dll
0x00007fffd2cf0000 - 0x00007fffd2d25000 	C:\WINDOWS\SYSTEM32\WINMM.dll
0x00007fffd42c0000 - 0x00007fffd42cb000 	C:\WINDOWS\SYSTEM32\VERSION.dll
0x00007fffdc710000 - 0x00007fffdc724000 	C:\WINDOWS\SYSTEM32\UMPDC.dll
0x00007fffdc100000 - 0x00007fffdc11b000 	C:\WINDOWS\SYSTEM32\kernel.appcore.dll
0x00007fffc9100000 - 0x00007fffc910a000 	c:\Users\HARENKANTO\.vscode\extensions\redhat.java-1.53.0-win32-x64\jre\21.0.10-win32-x86_64\bin\jimage.dll
0x00007fffda8e0000 - 0x00007fffdab22000 	C:\WINDOWS\SYSTEM32\DBGHELP.DLL
0x00007fffdfa50000 - 0x00007fffdfddb000 	C:\WINDOWS\System32\combase.dll
0x00007fffde860000 - 0x00007fffde937000 	C:\WINDOWS\System32\OLEAUT32.dll
0x00007fffc6880000 - 0x00007fffc68bc000 	C:\WINDOWS\SYSTEM32\dbgcore.DLL
0x00007fffdd8a0000 - 0x00007fffdd945000 	C:\WINDOWS\System32\bcryptPrimitives.dll
0x00007fffc6fd0000 - 0x00007fffc6fdf000 	c:\Users\HARENKANTO\.vscode\extensions\redhat.java-1.53.0-win32-x64\jre\21.0.10-win32-x86_64\bin\instrument.dll
0x00007fffa88a0000 - 0x00007fffa88c0000 	c:\Users\HARENKANTO\.vscode\extensions\redhat.java-1.53.0-win32-x64\jre\21.0.10-win32-x86_64\bin\java.dll
0x00007fffddfa0000 - 0x00007fffde6ef000 	C:\WINDOWS\System32\SHELL32.dll
0x00007fffdda00000 - 0x00007fffddb6b000 	C:\WINDOWS\System32\wintypes.dll
0x00007fffdaf70000 - 0x00007fffdb7cd000 	C:\WINDOWS\SYSTEM32\windows.storage.dll
0x00007fffde730000 - 0x00007fffde822000 	C:\WINDOWS\System32\SHCORE.dll
0x00007fffdf9e0000 - 0x00007fffdfa47000 	C:\WINDOWS\System32\shlwapi.dll
0x00007fffdd270000 - 0x00007fffdd299000 	C:\WINDOWS\SYSTEM32\profapi.dll
0x00007fffa8390000 - 0x00007fffa83a8000 	c:\Users\HARENKANTO\.vscode\extensions\redhat.java-1.53.0-win32-x64\jre\21.0.10-win32-x86_64\bin\zip.dll
0x00007fffc6f20000 - 0x00007fffc6f30000 	C:\Users\HARENKANTO\.vscode\extensions\redhat.java-1.53.0-win32-x64\jre\21.0.10-win32-x86_64\bin\net.dll
0x00007fffd4e80000 - 0x00007fffd4fa8000 	C:\WINDOWS\SYSTEM32\WINHTTP.dll
0x00007fffdc730000 - 0x00007fffdc79b000 	C:\WINDOWS\system32\mswsock.dll
0x00007fffa7ad0000 - 0x00007fffa7ae6000 	C:\Users\HARENKANTO\.vscode\extensions\redhat.java-1.53.0-win32-x64\jre\21.0.10-win32-x86_64\bin\nio.dll
0x00007fffc6220000 - 0x00007fffc6230000 	c:\Users\HARENKANTO\.vscode\extensions\redhat.java-1.53.0-win32-x64\jre\21.0.10-win32-x86_64\bin\verify.dll

JVMTI agents:
c:\Users\HARENKANTO\.vscode\extensions\redhat.java-1.53.0-win32-x64\lombok\lombok-1.18.39-4050.jar path:c:\Users\HARENKANTO\.vscode\extensions\redhat.java-1.53.0-win32-x64\jre\21.0.10-win32-x86_64\bin\instrument.dll, loaded, initialized, instrumentlib options:none

dbghelp: loaded successfully - version: 4.0.5 - missing functions: none
symbol engine: initialized successfully - sym options: 0x614 - pdb path: .;c:\Users\HARENKANTO\.vscode\extensions\redhat.java-1.53.0-win32-x64\jre\21.0.10-win32-x86_64\bin;C:\WINDOWS\SYSTEM32;C:\WINDOWS\WinSxS\amd64_microsoft.windows.common-controls_6595b64144ccf1df_6.0.26100.7019_none_3e06ffa0e335b8a8;c:\Users\HARENKANTO\.vscode\extensions\redhat.java-1.53.0-win32-x64\jre\21.0.10-win32-x86_64\bin\server

VM Arguments:
jvm_args: --add-modules=ALL-SYSTEM --add-opens=java.base/java.util=ALL-UNNAMED --add-opens=java.base/java.lang=ALL-UNNAMED --add-opens=java.base/sun.nio.fs=ALL-UNNAMED -Declipse.application=org.eclipse.jdt.ls.core.id1 -Dosgi.bundles.defaultStartLevel=4 -Declipse.product=org.eclipse.jdt.ls.core.product -Djava.import.generatesMetadataFilesAtProjectRoot=false -DDetectVMInstallationsJob.disabled=true -Dfile.encoding=utf8 -XX:+UseParallelGC -XX:GCTimeRatio=4 -XX:AdaptiveSizePolicyWeight=90 -Dsun.zip.disableMemoryMapping=true -Xmx2G -Xms100m -Xlog:disable -javaagent:c:\Users\HARENKANTO\.vscode\extensions\redhat.java-1.53.0-win32-x64\lombok\lombok-1.18.39-4050.jar -XX:+HeapDumpOnOutOfMemoryError -XX:HeapDumpPath=c:\Users\HARENKANTO\AppData\Roaming\Code\User\workspaceStorage\b0bea17b941859ce0ac68aeeb93758a7\redhat.java -Daether.dependencyCollector.impl=bf 
java_command: c:\Users\HARENKANTO\.vscode\extensions\redhat.java-1.53.0-win32-x64\server\plugins\org.eclipse.equinox.launcher_1.7.100.v20251111-0406.jar -configuration c:\Users\HARENKANTO\AppData\Roaming\Code\User\globalStorage\redhat.java\1.53.0\config_win -data c:\Users\HARENKANTO\AppData\Roaming\Code\User\workspaceStorage\b0bea17b941859ce0ac68aeeb93758a7\redhat.java\jdt_ws --pipe=\\.\pipe\lsp-ac98e1bc332199504cf25cde9f95e9d0-sock
java_class_path (initial): c:\Users\HARENKANTO\.vscode\extensions\redhat.java-1.53.0-win32-x64\server\plugins\org.eclipse.equinox.launcher_1.7.100.v20251111-0406.jar
Launcher Type: SUN_STANDARD

[Global flags]
    uintx AdaptiveSizePolicyWeight                 = 90                                        {product} {command line}
     intx CICompilerCount                          = 4                                         {product} {ergonomic}
    uintx GCTimeRatio                              = 4                                         {product} {command line}
     bool HeapDumpOnOutOfMemoryError               = true                                   {manageable} {command line}
    ccstr HeapDumpPath                             = c:\Users\HARENKANTO\AppData\Roaming\Code\User\workspaceStorage\b0bea17b941859ce0ac68aeeb93758a7\redhat.java         {manageable} {command line}
   size_t InitialHeapSize                          = 104857600                                 {product} {command line}
   size_t MaxHeapSize                              = 2147483648                                {product} {command line}
   size_t MaxNewSize                               = 715653120                                 {product} {ergonomic}
   size_t MinHeapDeltaBytes                        = 524288                                    {product} {ergonomic}
   size_t MinHeapSize                              = 104857600                                 {product} {command line}
   size_t NewSize                                  = 34603008                                  {product} {ergonomic}
    uintx NonNMethodCodeHeapSize                   = 5839372                                {pd product} {ergonomic}
    uintx NonProfiledCodeHeapSize                  = 122909434                              {pd product} {ergonomic}
   size_t OldSize                                  = 70254592                                  {product} {ergonomic}
    uintx ProfiledCodeHeapSize                     = 122909434                              {pd product} {ergonomic}
    uintx ReservedCodeCacheSize                    = 251658240                              {pd product} {ergonomic}
     bool SegmentedCodeCache                       = true                                      {product} {ergonomic}
   size_t SoftMaxHeapSize                          = 2147483648                             {manageable} {ergonomic}
     bool UseCompressedOops                        = true                           {product lp64_product} {ergonomic}
     bool UseLargePagesIndividualAllocation        = false                                  {pd product} {ergonomic}
     bool UseParallelGC                            = true                                      {product} {command line}

Logging:
Log output configuration:
 #0: stdout all=off uptime,level,tags foldmultilines=false
 #1: stderr all=off uptime,level,tags foldmultilines=false

Release file:
JAVA_VERSION="21.0.10" 
MODULES="java.base java.compiler java.datatransfer java.xml java.prefs java.desktop java.instrument java.logging java.management java.security.sasl java.naming java.rmi java.management.rmi java.net.http java.scripting java.security.jgss java.transaction.xa java.sql java.sql.rowset java.xml.crypto java.se java.smartcardio jdk.accessibility jdk.internal.jvmstat jdk.attach jdk.charsets jdk.internal.opt jdk.zipfs jdk.compiler jdk.crypto.ec jdk.crypto.cryptoki jdk.crypto.mscapi jdk.dynalink jdk.internal.ed jdk.editpad jdk.hotspot.agent jdk.httpserver jdk.internal.le jdk.internal.vm.ci jdk.internal.vm.compiler jdk.internal.vm.compiler.management jdk.jartool jdk.javadoc jdk.jcmd jdk.management jdk.management.agent jdk.jconsole jdk.jdeps jdk.jdwp.agent jdk.jdi jdk.jfr jdk.jshell jdk.jsobject jdk.jstatd jdk.localedata jdk.management.jfr jdk.naming.dns jdk.naming.rmi jdk.net jdk.nio.mapmode jdk.random jdk.sctp jdk.security.auth jdk.security.jgss jdk.unsupported jdk.unsupported.desktop jdk.xml.dom" 

Environment Variables:
JAVA_HOME=C:\Program Files\Java\jdk-21
CLASSPATH=.;C:\ojdbc11.jar;C:\mysql-connector-j-9.1.0.jar;C:\tomcat\lib\servlet-api.jar;
PATH=C:\Program Files\Java\jdk-21\bin;C:\Program Files\Java\jdk1.8.0_152\bin;C:\Program Files\Java\OpenJDK17U-jdk_x64_windows_hotspot_17.0.17_10\jdk-17.0.17+10\bin;C:\app\HARENKANTO\product\11.2.0\dbhome_1\bin;D:\S5\Mr Rojo\Firebase\Cloud\carte\osmosis-0.49.2\bin;D:\app\wildfly-10.1.0.Final\wildfly-10.1.0.Final\bin;D:\S5\Prog\apache-ant-1.10.15-bin\apache-ant-1.10.15\bin;D:\app\wildfly-28.0.1.Final\wildfly-28.0.1.Final\bin;C:\Program Files\PostgreSQL\15\bin;C:\ProgramData\Oracle\Java\javapath;C:\Program Files (x86)\VMware\VMware Workstation\bin\;D:\apache-tomcat-10.1.28\bin;C:\Users\HARENKANTO\apache-maven-3.9.9-bin\apache-maven-3.9.9\bin;C:\Program Files\Git\cmd;C:\Program Files\gnuplot\bin;D:\tomcat\bin;C:\Windows\system32;C:\Windows;C:\Windows\System32\Wbem;C:\Windows\System32\WindowsPowerShell\v1.0\;C:\Windows\System32\OpenSSH\;C:\Program Files (x86)\NVIDIA Corporation\PhysX\Common;C:\Program Files\NVIDIA Corporation\NVIDIA NvDLISR;C:\WINDOWS\system32;C:\WINDOWS;C:\WINDOWS\System32\Wbem;C:\WINDOWS\System32\WindowsPowerShell\v1.0\;C:\WINDOWS\System32\OpenSSH\;C:\Program Files\dotnet\;C:\Program Files (x86)\QuickTime\QTSystem\;D:\xampp\php;C:\Program Files\Microsoft SQL Server\Client SDK\ODBC\170\Tools\Binn\;C:\Program Files (x86)\Microsoft SQL Server\160\Tools\Binn\;C:\Program Files\Microsoft SQL Server\160\Tools\Binn\;C:\Program Files\Microsoft SQL Server\160\DTS\Binn\;C:\Program Files\nodejs\;C:\Program Files\Git\cmd;C:\Program Files\Docker\Docker\resources\bin;C:\Program Files (x86)\Microsoft SQL Server\170\Tools\Binn\;C:\Program Files\Microsoft SQL Server\170\Tools\Binn\;C:\Program Files\Microsoft SQL Server\Client SDK\ODBC\180\Tools\Binn\;C:\Program Files\Microsoft SQL Server\170\DTS\Binn\;C:\Users\HARENKANTO\AppData\Local\Programs\Python\Python313\Scripts\;C:\Users\HARENKANTO\AppData\Local\Programs\Python\Python313\;C:\Users\HARENKANTO\AppData\Local\Programs\Python\Launcher\;C:\Users\HARENKANTO\AppData\Local\Microsoft\WindowsApps;C:\Users\HARENKANTO\AppData\Local\Programs\Microsoft VS Code\bin;C:\Users\HARENKANTO\AppData\Local\GitHubDesktop\bin;C:\Users\HARENKANTO\AppData\Local\Programs\MiKTeX\miktex\bin\x64\;C:\Users\HARENKANTO\AppData\Roaming\npm;C:\Users\HARENKANTO\AppData\Local\ComposerSetup\bin;C:\Users\HARENKANTO\AppData\Roaming\Composer\vendor\bin;C:\Users\HARENKANTO\AppData\Local\Programs\Windsurf\bin
USERNAME=HARENKANTO
OS=Windows_NT
PROCESSOR_IDENTIFIER=Intel64 Family 6 Model 154 Stepping 3, GenuineIntel
TMP=C:\Users\HARENK~1\AppData\Local\Temp
TEMP=C:\Users\HARENK~1\AppData\Local\Temp




Periodic native trim disabled

---------------  S Y S T E M  ---------------

OS:
 Windows 11 , 64 bit Build 26100 (10.0.26100.7019)
OS uptime: 0 days 13:13 hours
Hyper-V role detected

CPU: total 12 (initial active 12) (6 cores per cpu, 2 threads per core) family 6 model 154 stepping 3 microcode 0x424, cx8, cmov, fxsr, ht, mmx, 3dnowpref, sse, sse2, sse3, ssse3, sse4.1, sse4.2, popcnt, lzcnt, tsc, tscinvbit, avx, avx2, aes, erms, clmul, bmi1, bmi2, adx, sha, fma, vzeroupper, clflush, clflushopt, clwb, hv, serialize, rdtscp, rdpid, fsrm, f16c, cet_ibt, cet_ss
Processor Information for the first 12 processors :
  Max Mhz: 2000, Current Mhz: 2000, Mhz Limit: 2000

Memory: 4k page, system-wide physical 16085M (4981M free)
TotalPageFile size 19734M (AvailPageFile size 4M)
current process WorkingSet (physical memory assigned to process): 71M, peak: 71M
current process commit charge ("private bytes"): 241M, peak: 242M

vm_info: OpenJDK 64-Bit Server VM (21.0.10+7-LTS) for windows-amd64 JRE (21.0.10+7-LTS), built on 2026-01-20T00:00:00Z by "admin" with MS VC++ 17.12 (VS2022)

END.
