#
# There is insufficient memory for the Java Runtime Environment to continue.
# Native memory allocation (malloc) failed to allocate 1717248 bytes. Error detail: Chunk::new
# Possible reasons:
#   The system is out of physical RAM or swap space
#   This process is running with CompressedOops enabled, and the Java Heap may be blocking the growth of the native heap
# Possible solutions:
#   Reduce memory load on the system
#   Increase physical memory or swap space
#   Check if swap backing store is full
#   Decrease Java heap size (-Xmx/-Xms)
#   Decrease number of Java threads
#   Decrease Java thread stack sizes (-Xss)
#   Set larger code cache with -XX:ReservedCodeCacheSize=
#   JVM is running with Unscaled Compressed Oops mode in which the Java heap is
#     placed in the first 4GB address space. The Java Heap base address is the
#     maximum limit for the native heap growth. Please use -XX:HeapBaseMinAddress
#     to set the Java Heap base and to place the Java Heap above 4GB virtual address.
# This output file may be truncated or incomplete.
#
#  Out of Memory Error (arena.cpp:168), pid=24172, tid=17108
#
# JRE version: OpenJDK Runtime Environment Temurin-21.0.10+7 (21.0.10+7) (build 21.0.10+7-LTS)
# Java VM: OpenJDK 64-Bit Server VM Temurin-21.0.10+7 (21.0.10+7-LTS, mixed mode, sharing, tiered, compressed oops, compressed class ptrs, parallel gc, windows-amd64)
# No core dump will be written. Minidumps are not enabled by default on client versions of Windows
#

---------------  S U M M A R Y ------------

Command Line: --add-modules=ALL-SYSTEM --add-opens=java.base/java.util=ALL-UNNAMED --add-opens=java.base/java.lang=ALL-UNNAMED --add-opens=java.base/sun.nio.fs=ALL-UNNAMED -Declipse.application=org.eclipse.jdt.ls.core.id1 -Dosgi.bundles.defaultStartLevel=4 -Declipse.product=org.eclipse.jdt.ls.core.product -Djava.import.generatesMetadataFilesAtProjectRoot=false -DDetectVMInstallationsJob.disabled=true -Dfile.encoding=utf8 -XX:+UseParallelGC -XX:GCTimeRatio=4 -XX:AdaptiveSizePolicyWeight=90 -Dsun.zip.disableMemoryMapping=true -Xmx2G -Xms100m -Xlog:disable -javaagent:c:\Users\HARENKANTO\.vscode\extensions\redhat.java-1.53.0-win32-x64\lombok\lombok-1.18.39-4050.jar c:\Users\HARENKANTO\.vscode\extensions\redhat.java-1.53.0-win32-x64\server\plugins\org.eclipse.equinox.launcher_1.7.100.v20251111-0406.jar -configuration c:\Users\HARENKANTO\AppData\Roaming\Code\User\globalStorage\redhat.java\1.53.0\config_ss_win -data c:\Users\HARENKANTO\AppData\Roaming\Code\User\workspaceStorage\b0bea17b941859ce0ac68aeeb93758a7\redhat.java\ss_ws --pipe=\\.\pipe\lsp-d4e9fa072a45e412bc27c864065543ba-sock

Host: 12th Gen Intel(R) Core(TM) i5-12450H, 12 cores, 15G,  Windows 11 , 64 bit Build 26100 (10.0.26100.7019)
Time: Thu Mar 19 04:28:48 2026 elapsed time: 2113.210163 seconds (0d 0h 35m 13s)

---------------  T H R E A D  ---------------

Current thread (0x0000014a95341280):  JavaThread "C2 CompilerThread1" daemon [_thread_in_native, id=17108, stack(0x0000002461f00000,0x0000002462000000) (1024K)]


Current CompileTask:
C2:2113210 8789       4       org.eclipse.jdt.internal.compiler.lookup.ModuleBinding::getVisiblePackage (472 bytes)

Stack: [0x0000002461f00000,0x0000002462000000]
Native frames: (J=compiled Java code, j=interpreted, Vv=VM code, C=native code)
V  [jvm.dll+0x6d7a39]
V  [jvm.dll+0x8b4b26]
V  [jvm.dll+0x8b70de]
V  [jvm.dll+0x8b77c3]
V  [jvm.dll+0x284346]
V  [jvm.dll+0xc66ed]
V  [jvm.dll+0xc6c31]
V  [jvm.dll+0x3bec3b]
V  [jvm.dll+0x38b162]
V  [jvm.dll+0x38a5aa]
V  [jvm.dll+0x24c560]
V  [jvm.dll+0x24bb40]
V  [jvm.dll+0x1cb34e]
V  [jvm.dll+0x25b85d]
V  [jvm.dll+0x259dea]
V  [jvm.dll+0x3f857e]
V  [jvm.dll+0x85f59d]
V  [jvm.dll+0x6d626d]
C  [ucrtbase.dll+0x37b0]
C  [KERNEL32.DLL+0x2e8d7]
C  [ntdll.dll+0x8c53c]


---------------  P R O C E S S  ---------------

Threads class SMR info:
_java_thread_list=0x0000014a9ef67130, length=37, elements={
0x0000014a332fc8b0, 0x0000014a4c22cbb0, 0x0000014a35821f80, 0x0000014a3582cc40,
0x0000014a3582fb60, 0x0000014a35832320, 0x0000014a35835810, 0x0000014a8e57a570,
0x0000014a8e57ae30, 0x0000014a8e7314e0, 0x0000014a8e8a0d60, 0x0000014a8fad4480,
0x0000014a8fae8de0, 0x0000014a8fae9450, 0x0000014a8e72de20, 0x0000014a8fc605b0,
0x0000014a9450af80, 0x0000014a8f559ae0, 0x0000014a8f558dc0, 0x0000014a8f55a170,
0x0000014a8f55b520, 0x0000014a8f55a800, 0x0000014a8f559450, 0x0000014a8f5580a0,
0x0000014a8f55ae90, 0x0000014a8f558730, 0x0000014a943e9980, 0x0000014a943ec0e0,
0x0000014a943eb3c0, 0x0000014a943ea010, 0x0000014a943ead30, 0x0000014a943eba50,
0x0000014a943ea6a0, 0x0000014a943ece00, 0x0000014a943ee1b0, 0x0000014a943ee840,
0x0000014a95341280
}

Java Threads: ( => current thread )
  0x0000014a332fc8b0 JavaThread "main"                              [_thread_blocked, id=23304, stack(0x0000002462200000,0x0000002462300000) (1024K)]
  0x0000014a4c22cbb0 JavaThread "Reference Handler"          daemon [_thread_blocked, id=19584, stack(0x0000002462600000,0x0000002462700000) (1024K)]
  0x0000014a35821f80 JavaThread "Finalizer"                  daemon [_thread_blocked, id=12188, stack(0x0000002462700000,0x0000002462800000) (1024K)]
  0x0000014a3582cc40 JavaThread "Signal Dispatcher"          daemon [_thread_blocked, id=20180, stack(0x0000002462800000,0x0000002462900000) (1024K)]
  0x0000014a3582fb60 JavaThread "Attach Listener"            daemon [_thread_blocked, id=20112, stack(0x0000002462900000,0x0000002462a00000) (1024K)]
  0x0000014a35832320 JavaThread "Service Thread"             daemon [_thread_blocked, id=19596, stack(0x0000002462a00000,0x0000002462b00000) (1024K)]
  0x0000014a35835810 JavaThread "Monitor Deflation Thread"   daemon [_thread_blocked, id=20028, stack(0x0000002462b00000,0x0000002462c00000) (1024K)]
  0x0000014a8e57a570 JavaThread "C2 CompilerThread0"         daemon [_thread_blocked, id=19688, stack(0x0000002462c00000,0x0000002462d00000) (1024K)]
  0x0000014a8e57ae30 JavaThread "C1 CompilerThread0"         daemon [_thread_blocked, id=12144, stack(0x0000002462d00000,0x0000002462e00000) (1024K)]
  0x0000014a8e7314e0 JavaThread "Common-Cleaner"             daemon [_thread_blocked, id=8568, stack(0x0000002462e00000,0x0000002462f00000) (1024K)]
  0x0000014a8e8a0d60 JavaThread "Notification Thread"        daemon [_thread_blocked, id=7408, stack(0x0000002463000000,0x0000002463100000) (1024K)]
  0x0000014a8fad4480 JavaThread "Active Thread: Equinox Container: b731c1fd-0f4a-458f-97a8-f640e201fdc2"        [_thread_blocked, id=2676, stack(0x0000002463800000,0x0000002463900000) (1024K)]
  0x0000014a8fae8de0 JavaThread "Framework Event Dispatcher: Equinox Container: b731c1fd-0f4a-458f-97a8-f640e201fdc2" daemon [_thread_blocked, id=21728, stack(0x0000002462f00000,0x0000002463000000) (1024K)]
  0x0000014a8fae9450 JavaThread "Start Level: Equinox Container: b731c1fd-0f4a-458f-97a8-f640e201fdc2" daemon [_thread_blocked, id=8452, stack(0x0000002463700000,0x0000002463800000) (1024K)]
  0x0000014a8e72de20 JavaThread "SCR Component Actor"        daemon [_thread_blocked, id=9460, stack(0x0000002463a00000,0x0000002463b00000) (1024K)]
  0x0000014a8fc605b0 JavaThread "Worker-JM"                         [_thread_blocked, id=18496, stack(0x0000002463c00000,0x0000002463d00000) (1024K)]
  0x0000014a9450af80 JavaThread "JNA Cleaner"                daemon [_thread_blocked, id=2044, stack(0x0000002463b00000,0x0000002463c00000) (1024K)]
  0x0000014a8f559ae0 JavaThread "Worker-1"                          [_thread_blocked, id=18584, stack(0x0000002464000000,0x0000002464100000) (1024K)]
  0x0000014a8f558dc0 JavaThread "Thread-1"                   daemon [_thread_in_native, id=13320, stack(0x0000002464500000,0x0000002464600000) (1024K)]
  0x0000014a8f55a170 JavaThread "Thread-2"                   daemon [_thread_in_native, id=19580, stack(0x0000002464600000,0x0000002464700000) (1024K)]
  0x0000014a8f55b520 JavaThread "Thread-3"                   daemon [_thread_in_native, id=19472, stack(0x0000002464700000,0x0000002464800000) (1024K)]
  0x0000014a8f55a800 JavaThread "Thread-4"                   daemon [_thread_in_native, id=6040, stack(0x0000002464800000,0x0000002464900000) (1024K)]
  0x0000014a8f559450 JavaThread "Thread-5"                   daemon [_thread_in_native, id=20916, stack(0x0000002464900000,0x0000002464a00000) (1024K)]
  0x0000014a8f5580a0 JavaThread "Thread-6"                   daemon [_thread_in_native, id=10164, stack(0x0000002464a00000,0x0000002464b00000) (1024K)]
  0x0000014a8f55ae90 JavaThread "Thread-7"                   daemon [_thread_in_native, id=1844, stack(0x0000002464b00000,0x0000002464c00000) (1024K)]
  0x0000014a8f558730 JavaThread "Thread-8"                   daemon [_thread_in_native, id=21272, stack(0x0000002464c00000,0x0000002464d00000) (1024K)]
  0x0000014a943e9980 JavaThread "Thread-9"                   daemon [_thread_in_native, id=8516, stack(0x0000002464d00000,0x0000002464e00000) (1024K)]
  0x0000014a943ec0e0 JavaThread "Thread-10"                  daemon [_thread_in_native, id=23768, stack(0x0000002464e00000,0x0000002464f00000) (1024K)]
  0x0000014a943eb3c0 JavaThread "Thread-11"                  daemon [_thread_in_native, id=19692, stack(0x0000002464f00000,0x0000002465000000) (1024K)]
  0x0000014a943ea010 JavaThread "Thread-12"                  daemon [_thread_in_native, id=9040, stack(0x0000002465000000,0x0000002465100000) (1024K)]
  0x0000014a943ead30 JavaThread "Thread-13"                  daemon [_thread_in_native, id=21088, stack(0x0000002465100000,0x0000002465200000) (1024K)]
  0x0000014a943eba50 JavaThread "pool-2-thread-1"                   [_thread_blocked, id=17796, stack(0x0000002465200000,0x0000002465300000) (1024K)]
  0x0000014a943ea6a0 JavaThread "WorkspaceEventsHandler"            [_thread_blocked, id=8348, stack(0x0000002465300000,0x0000002465400000) (1024K)]
  0x0000014a943ece00 JavaThread "pool-1-thread-1"                   [_thread_blocked, id=16276, stack(0x0000002465400000,0x0000002465500000) (1024K)]
  0x0000014a943ee1b0 JavaThread "Worker-5"                          [_thread_blocked, id=18488, stack(0x0000002464100000,0x0000002464200000) (1024K)]
  0x0000014a943ee840 JavaThread "ForkJoinPool.commonPool-worker-8" daemon [_thread_blocked, id=18684, stack(0x0000002462000000,0x0000002462100000) (1024K)]
=>0x0000014a95341280 JavaThread "C2 CompilerThread1"         daemon [_thread_in_native, id=17108, stack(0x0000002461f00000,0x0000002462000000) (1024K)]
Total: 37

Other Threads:
  0x0000014a358219d0 VMThread "VM Thread"                           [id=19952, stack(0x0000002462500000,0x0000002462600000) (1024K)]
  0x0000014a4c10ca00 WatcherThread "VM Periodic Task Thread"        [id=20468, stack(0x0000002462400000,0x0000002462500000) (1024K)]
  0x0000014a3579e2d0 WorkerThread "GC Thread#0"                     [id=20332, stack(0x0000002462300000,0x0000002462400000) (1024K)]
  0x0000014a8fb83d30 WorkerThread "GC Thread#1"                     [id=11432, stack(0x0000002463100000,0x0000002463200000) (1024K)]
  0x0000014a8fb84fa0 WorkerThread "GC Thread#2"                     [id=7196, stack(0x0000002463200000,0x0000002463300000) (1024K)]
  0x0000014a8fb840e0 WorkerThread "GC Thread#3"                     [id=16712, stack(0x0000002463300000,0x0000002463400000) (1024K)]
  0x0000014a8fb84bf0 WorkerThread "GC Thread#4"                     [id=5488, stack(0x0000002463400000,0x0000002463500000) (1024K)]
  0x0000014a8fb85350 WorkerThread "GC Thread#5"                     [id=23836, stack(0x0000002463500000,0x0000002463600000) (1024K)]
  0x0000014a8fb85700 WorkerThread "GC Thread#6"                     [id=19028, stack(0x0000002463600000,0x0000002463700000) (1024K)]
  0x0000014a8fb84840 WorkerThread "GC Thread#7"                     [id=21048, stack(0x0000002463900000,0x0000002463a00000) (1024K)]
  0x0000014a8f96c200 WorkerThread "GC Thread#8"                     [id=10832, stack(0x0000002463d00000,0x0000002463e00000) (1024K)]
  0x0000014a8f96a480 WorkerThread "GC Thread#9"                     [id=18720, stack(0x0000002463e00000,0x0000002463f00000) (1024K)]
Total: 12

Threads with active compile tasks:
C2 CompilerThread1  2113224 8789       4       org.eclipse.jdt.internal.compiler.lookup.ModuleBinding::getVisiblePackage (472 bytes)
Total: 1

VM state: not at safepoint (normal execution)

VM Mutex/Monitor currently owned by a thread: None

Heap address: 0x0000000080000000, size: 2048 MB, Compressed Oops mode: 32-bit

CDS archive(s) mapped at: [0x0000014a4d000000-0x0000014a4dba0000-0x0000014a4dba0000), size 12189696, SharedBaseAddress: 0x0000014a4d000000, ArchiveRelocationMode: 1.
Compressed class space mapped at: 0x0000014a4e000000-0x0000014a8e000000, reserved size: 1073741824
Narrow klass base: 0x0000014a4d000000, Narrow klass shift: 0, Narrow klass range: 0x100000000

GC Precious Log:
 CardTable entry size: 512
 CPUs: 12 total, 12 available
 Memory: 16085M
 Large Page Support: Disabled
 NUMA Support: Disabled
 Compressed Oops: Enabled (32-bit)
 Alignments: Space 512K, Generation 512K, Heap 2M
 Heap Min Capacity: 100M
 Heap Initial Capacity: 100M
 Heap Max Capacity: 2G
 Pre-touch: Disabled
 Parallel Workers: 10

Heap:
 PSYoungGen      total 19456K, used 2227K [0x00000000d5580000, 0x00000000d6b80000, 0x0000000100000000)
  eden space 18432K, 6% used [0x00000000d5580000,0x00000000d56bcf60,0x00000000d6780000)
  from space 1024K, 93% used [0x00000000d6a80000,0x00000000d6b70000,0x00000000d6b80000)
  to   space 1536K, 0% used [0x00000000d6880000,0x00000000d6880000,0x00000000d6a00000)
 ParOldGen       total 68608K, used 44594K [0x0000000080000000, 0x0000000084300000, 0x00000000d5580000)
  object space 68608K, 64% used [0x0000000080000000,0x0000000082b8caa0,0x0000000084300000)
 Metaspace       used 49109K, committed 50368K, reserved 1114112K
  class space    used 4850K, committed 5376K, reserved 1048576K

Card table byte_map: [0x0000014a35120000,0x0000014a35530000] _byte_map_base: 0x0000014a34d20000

Marking Bits: (ParMarkBitMap*) 0x00007ffa2e323450
 Begin Bits: [0x0000014a47c30000, 0x0000014a49c30000)
 End Bits:   [0x0000014a49c30000, 0x0000014a4bc30000)

Polling page: 0x0000014a335d0000

Metaspace:

Usage:
  Non-class:     43.22 MB used.
      Class:      4.74 MB used.
       Both:     47.96 MB used.

Virtual space:
  Non-class space:       64.00 MB reserved,      43.94 MB ( 69%) committed,  1 nodes.
      Class space:        1.00 GB reserved,       5.25 MB ( <1%) committed,  1 nodes.
             Both:        1.06 GB reserved,      49.19 MB (  5%) committed. 

Chunk freelists:
   Non-Class:  3.36 MB
       Class:  10.80 MB
        Both:  14.16 MB

MaxMetaspaceSize: unlimited
CompressedClassSpaceSize: 1.00 GB
Initial GC threshold: 21.00 MB
Current GC threshold: 58.38 MB
CDS: on
 - commit_granule_bytes: 65536.
 - commit_granule_words: 8192.
 - virtual_space_node_default_size: 8388608.
 - enlarge_chunks_in_place: 1.
 - use_allocation_guard: 0.


Internal statistics:

num_allocs_failed_limit: 6.
num_arena_births: 924.
num_arena_deaths: 14.
num_vsnodes_births: 2.
num_vsnodes_deaths: 0.
num_space_committed: 787.
num_space_uncommitted: 0.
num_chunks_returned_to_freelist: 20.
num_chunks_taken_from_freelist: 3075.
num_chunk_merges: 12.
num_chunk_splits: 1966.
num_chunks_enlarged: 1223.
num_inconsistent_stats: 0.

CodeHeap 'non-profiled nmethods': size=120000Kb used=7632Kb max_used=7632Kb free=112367Kb
 bounds [0x0000014a40450000, 0x0000014a40bd0000, 0x0000014a47980000]
CodeHeap 'profiled nmethods': size=120000Kb used=19621Kb max_used=19621Kb free=100378Kb
 bounds [0x0000014a38980000, 0x0000014a39cb0000, 0x0000014a3feb0000]
CodeHeap 'non-nmethods': size=5760Kb used=1423Kb max_used=1498Kb free=4336Kb
 bounds [0x0000014a3feb0000, 0x0000014a40120000, 0x0000014a40450000]
CodeCache: size=245760Kb, used=28676Kb, max_used=28751Kb, free=217081Kb
 total_blobs=9123, nmethods=8396, adapters=631, full_count=0
Compilation: enabled, stopped_count=0, restarted_count=0

Compilation events (20 events):
Event: 2113.120 Thread 0x0000014a8e57ae30 nmethod 8800 0x0000014a39ca5010 code [0x0000014a39ca5280, 0x0000014a39ca5a80]
Event: 2113.120 Thread 0x0000014a8e57ae30 8802   !   3       org.eclipse.jdt.core.dom.InfixExpression::getLeftOperand (60 bytes)
Event: 2113.121 Thread 0x0000014a8e57ae30 nmethod 8802 0x0000014a39ca5e90 code [0x0000014a39ca6100, 0x0000014a39ca6bf8]
Event: 2113.121 Thread 0x0000014a8e57ae30 8807       3       sun.nio.ch.Util::offerFirstTemporaryDirectBuffer (53 bytes)
Event: 2113.121 Thread 0x0000014a8e57ae30 nmethod 8807 0x0000014a39ca7310 code [0x0000014a39ca7580, 0x0000014a39ca8050]
Event: 2113.124 Thread 0x0000014a95341280 nmethod 8788 0x0000014a40bbc610 code [0x0000014a40bbc820, 0x0000014a40bbd038]
Event: 2113.124 Thread 0x0000014a95341280 8789       4       org.eclipse.jdt.internal.compiler.lookup.ModuleBinding::getVisiblePackage (472 bytes)
Event: 2113.124 Thread 0x0000014a8e57a570 nmethod 8787 0x0000014a40bbd390 code [0x0000014a40bbd5e0, 0x0000014a40bbe108]
Event: 2113.124 Thread 0x0000014a8e57a570 8804   !   4       org.eclipse.jdt.core.dom.ASTNode$NodeList::newCursor (50 bytes)
Event: 2113.128 Thread 0x0000014a8e57a570 nmethod 8804 0x0000014a40bbe710 code [0x0000014a40bbe900, 0x0000014a40bbf108]
Event: 2113.128 Thread 0x0000014a8e57a570 8790       4       org.eclipse.jdt.internal.compiler.lookup.ReferenceBinding::computeId (3060 bytes)
Event: 2113.151 Thread 0x0000014a8e57a570 nmethod 8790 0x0000014a40bbf510 code [0x0000014a40bbf900, 0x0000014a40bc39c0]
Event: 2113.165 Thread 0x0000014a8e57ae30 8808       3       java.util.concurrent.atomic.AtomicLong::decrementAndGet (16 bytes)
Event: 2113.165 Thread 0x0000014a8e57ae30 nmethod 8808 0x0000014a39ca8390 code [0x0000014a39ca8520, 0x0000014a39ca8648]
Event: 2113.165 Thread 0x0000014a8e57ae30 8809   !   3       sun.nio.ch.PendingFuture::setResult (67 bytes)
Event: 2113.165 Thread 0x0000014a8e57ae30 nmethod 8809 0x0000014a39ca8710 code [0x0000014a39ca8900, 0x0000014a39ca8e90]
Event: 2113.165 Thread 0x0000014a8e57ae30 8810       3       sun.nio.ch.Invoker::invokeUnchecked (47 bytes)
Event: 2113.166 Thread 0x0000014a8e57ae30 nmethod 8810 0x0000014a39ca9110 code [0x0000014a39ca92e0, 0x0000014a39ca9640]
Event: 2113.166 Thread 0x0000014a8e57a570 8811       4       java.nio.CharBuffer::position (6 bytes)
Event: 2113.167 Thread 0x0000014a8e57a570 nmethod 8811 0x0000014a40bc3f90 code [0x0000014a40bc4120, 0x0000014a40bc4210]

GC Heap History (20 events):
Event: 1558.426 GC heap before
{Heap before GC invocations=31 (full 2):
 PSYoungGen      total 20992K, used 20985K [0x00000000d5580000, 0x00000000d6d80000, 0x0000000100000000)
  eden space 20480K, 100% used [0x00000000d5580000,0x00000000d6980000,0x00000000d6980000)
  from space 512K, 98% used [0x00000000d6c00000,0x00000000d6c7e5d8,0x00000000d6c80000)
  to   space 2048K, 0% used [0x00000000d6980000,0x00000000d6980000,0x00000000d6b80000)
 ParOldGen       total 68608K, used 33900K [0x0000000080000000, 0x0000000084300000, 0x00000000d5580000)
  object space 68608K, 49% used [0x0000000080000000,0x000000008211b298,0x0000000084300000)
 Metaspace       used 47221K, committed 48384K, reserved 1114112K
  class space    used 4774K, committed 5248K, reserved 1048576K
}
Event: 1558.427 GC heap after
{Heap after GC invocations=31 (full 2):
 PSYoungGen      total 22016K, used 1285K [0x00000000d5580000, 0x00000000d6c80000, 0x0000000100000000)
  eden space 20480K, 0% used [0x00000000d5580000,0x00000000d5580000,0x00000000d6980000)
  from space 1536K, 83% used [0x00000000d6980000,0x00000000d6ac1598,0x00000000d6b00000)
  to   space 1536K, 0% used [0x00000000d6b00000,0x00000000d6b00000,0x00000000d6c80000)
 ParOldGen       total 68608K, used 34401K [0x0000000080000000, 0x0000000084300000, 0x00000000d5580000)
  object space 68608K, 50% used [0x0000000080000000,0x0000000082198408,0x0000000084300000)
 Metaspace       used 47221K, committed 48384K, reserved 1114112K
  class space    used 4774K, committed 5248K, reserved 1048576K
}
Event: 1558.512 GC heap before
{Heap before GC invocations=32 (full 2):
 PSYoungGen      total 22016K, used 21697K [0x00000000d5580000, 0x00000000d6c80000, 0x0000000100000000)
  eden space 20480K, 99% used [0x00000000d5580000,0x00000000d696f078,0x00000000d6980000)
  from space 1536K, 83% used [0x00000000d6980000,0x00000000d6ac1598,0x00000000d6b00000)
  to   space 1536K, 0% used [0x00000000d6b00000,0x00000000d6b00000,0x00000000d6c80000)
 ParOldGen       total 68608K, used 34401K [0x0000000080000000, 0x0000000084300000, 0x00000000d5580000)
  object space 68608K, 50% used [0x0000000080000000,0x0000000082198408,0x0000000084300000)
 Metaspace       used 47328K, committed 48512K, reserved 1114112K
  class space    used 4774K, committed 5248K, reserved 1048576K
}
Event: 1558.513 GC heap after
{Heap after GC invocations=32 (full 2):
 PSYoungGen      total 19968K, used 1528K [0x00000000d5580000, 0x00000000d7080000, 0x0000000100000000)
  eden space 18432K, 0% used [0x00000000d5580000,0x00000000d5580000,0x00000000d6780000)
  from space 1536K, 99% used [0x00000000d6b00000,0x00000000d6c7e390,0x00000000d6c80000)
  to   space 3584K, 0% used [0x00000000d6780000,0x00000000d6780000,0x00000000d6b00000)
 ParOldGen       total 68608K, used 35750K [0x0000000080000000, 0x0000000084300000, 0x00000000d5580000)
  object space 68608K, 52% used [0x0000000080000000,0x00000000822e9b78,0x0000000084300000)
 Metaspace       used 47328K, committed 48512K, reserved 1114112K
  class space    used 4774K, committed 5248K, reserved 1048576K
}
Event: 1559.253 GC heap before
{Heap before GC invocations=33 (full 2):
 PSYoungGen      total 19968K, used 19960K [0x00000000d5580000, 0x00000000d7080000, 0x0000000100000000)
  eden space 18432K, 100% used [0x00000000d5580000,0x00000000d6780000,0x00000000d6780000)
  from space 1536K, 99% used [0x00000000d6b00000,0x00000000d6c7e390,0x00000000d6c80000)
  to   space 3584K, 0% used [0x00000000d6780000,0x00000000d6780000,0x00000000d6b00000)
 ParOldGen       total 68608K, used 35750K [0x0000000080000000, 0x0000000084300000, 0x00000000d5580000)
  object space 68608K, 52% used [0x0000000080000000,0x00000000822e9b78,0x0000000084300000)
 Metaspace       used 47451K, committed 48640K, reserved 1114112K
  class space    used 4775K, committed 5248K, reserved 1048576K
}
Event: 1559.259 GC heap after
{Heap after GC invocations=33 (full 2):
 PSYoungGen      total 20480K, used 1708K [0x00000000d5580000, 0x00000000d6c80000, 0x0000000100000000)
  eden space 18432K, 0% used [0x00000000d5580000,0x00000000d5580000,0x00000000d6780000)
  from space 2048K, 83% used [0x00000000d6780000,0x00000000d692b2a8,0x00000000d6980000)
  to   space 2560K, 0% used [0x00000000d6a00000,0x00000000d6a00000,0x00000000d6c80000)
 ParOldGen       total 68608K, used 37331K [0x0000000080000000, 0x0000000084300000, 0x00000000d5580000)
  object space 68608K, 54% used [0x0000000080000000,0x0000000082474e50,0x0000000084300000)
 Metaspace       used 47451K, committed 48640K, reserved 1114112K
  class space    used 4775K, committed 5248K, reserved 1048576K
}
Event: 1559.322 GC heap before
{Heap before GC invocations=34 (full 2):
 PSYoungGen      total 20480K, used 20140K [0x00000000d5580000, 0x00000000d6c80000, 0x0000000100000000)
  eden space 18432K, 100% used [0x00000000d5580000,0x00000000d6780000,0x00000000d6780000)
  from space 2048K, 83% used [0x00000000d6780000,0x00000000d692b2a8,0x00000000d6980000)
  to   space 2560K, 0% used [0x00000000d6a00000,0x00000000d6a00000,0x00000000d6c80000)
 ParOldGen       total 68608K, used 37331K [0x0000000080000000, 0x0000000084300000, 0x00000000d5580000)
  object space 68608K, 54% used [0x0000000080000000,0x0000000082474e50,0x0000000084300000)
 Metaspace       used 47508K, committed 48704K, reserved 1114112K
  class space    used 4775K, committed 5248K, reserved 1048576K
}
Event: 1559.323 GC heap after
{Heap after GC invocations=34 (full 2):
 PSYoungGen      total 19456K, used 537K [0x00000000d5580000, 0x00000000d6b00000, 0x0000000100000000)
  eden space 18432K, 0% used [0x00000000d5580000,0x00000000d5580000,0x00000000d6780000)
  from space 1024K, 52% used [0x00000000d6a00000,0x00000000d6a86758,0x00000000d6b00000)
  to   space 1536K, 0% used [0x00000000d6800000,0x00000000d6800000,0x00000000d6980000)
 ParOldGen       total 68608K, used 38568K [0x0000000080000000, 0x0000000084300000, 0x00000000d5580000)
  object space 68608K, 56% used [0x0000000080000000,0x00000000825aa2d8,0x0000000084300000)
 Metaspace       used 47508K, committed 48704K, reserved 1114112K
  class space    used 4775K, committed 5248K, reserved 1048576K
}
Event: 1559.376 GC heap before
{Heap before GC invocations=35 (full 2):
 PSYoungGen      total 19456K, used 17618K [0x00000000d5580000, 0x00000000d6b00000, 0x0000000100000000)
  eden space 18432K, 92% used [0x00000000d5580000,0x00000000d662e1b0,0x00000000d6780000)
  from space 1024K, 52% used [0x00000000d6a00000,0x00000000d6a86758,0x00000000d6b00000)
  to   space 1536K, 0% used [0x00000000d6800000,0x00000000d6800000,0x00000000d6980000)
 ParOldGen       total 68608K, used 38568K [0x0000000080000000, 0x0000000084300000, 0x00000000d5580000)
  object space 68608K, 56% used [0x0000000080000000,0x00000000825aa2d8,0x0000000084300000)
 Metaspace       used 47554K, committed 48704K, reserved 1114112K
  class space    used 4775K, committed 5248K, reserved 1048576K
}
Event: 1559.377 GC heap after
{Heap after GC invocations=35 (full 2):
 PSYoungGen      total 19968K, used 661K [0x00000000d5580000, 0x00000000d6a80000, 0x0000000100000000)
  eden space 18432K, 0% used [0x00000000d5580000,0x00000000d5580000,0x00000000d6780000)
  from space 1536K, 43% used [0x00000000d6800000,0x00000000d68a56d8,0x00000000d6980000)
  to   space 1024K, 0% used [0x00000000d6980000,0x00000000d6980000,0x00000000d6a80000)
 ParOldGen       total 68608K, used 38945K [0x0000000080000000, 0x0000000084300000, 0x00000000d5580000)
  object space 68608K, 56% used [0x0000000080000000,0x0000000082608430,0x0000000084300000)
 Metaspace       used 47554K, committed 48704K, reserved 1114112K
  class space    used 4775K, committed 5248K, reserved 1048576K
}
Event: 1563.723 GC heap before
{Heap before GC invocations=36 (full 2):
 PSYoungGen      total 19968K, used 19068K [0x00000000d5580000, 0x00000000d6a80000, 0x0000000100000000)
  eden space 18432K, 99% used [0x00000000d5580000,0x00000000d6779cf0,0x00000000d6780000)
  from space 1536K, 43% used [0x00000000d6800000,0x00000000d68a56d8,0x00000000d6980000)
  to   space 1024K, 0% used [0x00000000d6980000,0x00000000d6980000,0x00000000d6a80000)
 ParOldGen       total 68608K, used 38945K [0x0000000080000000, 0x0000000084300000, 0x00000000d5580000)
  object space 68608K, 56% used [0x0000000080000000,0x0000000082608430,0x0000000084300000)
 Metaspace       used 47692K, committed 48832K, reserved 1114112K
  class space    used 4775K, committed 5248K, reserved 1048576K
}
Event: 1563.727 GC heap after
{Heap after GC invocations=36 (full 2):
 PSYoungGen      total 19456K, used 910K [0x00000000d5580000, 0x00000000d6a80000, 0x0000000100000000)
  eden space 18432K, 0% used [0x00000000d5580000,0x00000000d5580000,0x00000000d6780000)
  from space 1024K, 88% used [0x00000000d6980000,0x00000000d6a63920,0x00000000d6a80000)
  to   space 1024K, 0% used [0x00000000d6880000,0x00000000d6880000,0x00000000d6980000)
 ParOldGen       total 68608K, used 39440K [0x0000000080000000, 0x0000000084300000, 0x00000000d5580000)
  object space 68608K, 57% used [0x0000000080000000,0x0000000082684340,0x0000000084300000)
 Metaspace       used 47692K, committed 48832K, reserved 1114112K
  class space    used 4775K, committed 5248K, reserved 1048576K
}
Event: 1798.043 GC heap before
{Heap before GC invocations=37 (full 2):
 PSYoungGen      total 19456K, used 19333K [0x00000000d5580000, 0x00000000d6a80000, 0x0000000100000000)
  eden space 18432K, 99% used [0x00000000d5580000,0x00000000d677dda0,0x00000000d6780000)
  from space 1024K, 88% used [0x00000000d6980000,0x00000000d6a63920,0x00000000d6a80000)
  to   space 1024K, 0% used [0x00000000d6880000,0x00000000d6880000,0x00000000d6980000)
 ParOldGen       total 68608K, used 39440K [0x0000000080000000, 0x0000000084300000, 0x00000000d5580000)
  object space 68608K, 57% used [0x0000000080000000,0x0000000082684340,0x0000000084300000)
 Metaspace       used 48486K, committed 49600K, reserved 1114112K
  class space    used 4835K, committed 5312K, reserved 1048576K
}
Event: 1798.045 GC heap after
{Heap after GC invocations=37 (full 2):
 PSYoungGen      total 19456K, used 1018K [0x00000000d5580000, 0x00000000d6e80000, 0x0000000100000000)
  eden space 18432K, 0% used [0x00000000d5580000,0x00000000d5580000,0x00000000d6780000)
  from space 1024K, 99% used [0x00000000d6880000,0x00000000d697e990,0x00000000d6980000)
  to   space 3584K, 0% used [0x00000000d6b00000,0x00000000d6b00000,0x00000000d6e80000)
 ParOldGen       total 68608K, used 41250K [0x0000000080000000, 0x0000000084300000, 0x00000000d5580000)
  object space 68608K, 60% used [0x0000000080000000,0x0000000082848b50,0x0000000084300000)
 Metaspace       used 48486K, committed 49600K, reserved 1114112K
  class space    used 4835K, committed 5312K, reserved 1048576K
}
Event: 2107.064 GC heap before
{Heap before GC invocations=38 (full 2):
 PSYoungGen      total 19456K, used 19450K [0x00000000d5580000, 0x00000000d6e80000, 0x0000000100000000)
  eden space 18432K, 100% used [0x00000000d5580000,0x00000000d6780000,0x00000000d6780000)
  from space 1024K, 99% used [0x00000000d6880000,0x00000000d697e990,0x00000000d6980000)
  to   space 3584K, 0% used [0x00000000d6b00000,0x00000000d6b00000,0x00000000d6e80000)
 ParOldGen       total 68608K, used 41250K [0x0000000080000000, 0x0000000084300000, 0x00000000d5580000)
  object space 68608K, 60% used [0x0000000080000000,0x0000000082848b50,0x0000000084300000)
 Metaspace       used 48767K, committed 49984K, reserved 1114112K
  class space    used 4841K, committed 5376K, reserved 1048576K
}
Event: 2107.065 GC heap after
{Heap after GC invocations=38 (full 2):
 PSYoungGen      total 18944K, used 416K [0x00000000d5580000, 0x00000000d6b80000, 0x0000000100000000)
  eden space 18432K, 0% used [0x00000000d5580000,0x00000000d5580000,0x00000000d6780000)
  from space 512K, 81% used [0x00000000d6b00000,0x00000000d6b68000,0x00000000d6b80000)
  to   space 1536K, 0% used [0x00000000d6880000,0x00000000d6880000,0x00000000d6a00000)
 ParOldGen       total 68608K, used 42149K [0x0000000080000000, 0x0000000084300000, 0x00000000d5580000)
  object space 68608K, 61% used [0x0000000080000000,0x00000000829294e0,0x0000000084300000)
 Metaspace       used 48767K, committed 49984K, reserved 1114112K
  class space    used 4841K, committed 5376K, reserved 1048576K
}
Event: 2109.013 GC heap before
{Heap before GC invocations=39 (full 2):
 PSYoungGen      total 18944K, used 18848K [0x00000000d5580000, 0x00000000d6b80000, 0x0000000100000000)
  eden space 18432K, 100% used [0x00000000d5580000,0x00000000d6780000,0x00000000d6780000)
  from space 512K, 81% used [0x00000000d6b00000,0x00000000d6b68000,0x00000000d6b80000)
  to   space 1536K, 0% used [0x00000000d6880000,0x00000000d6880000,0x00000000d6a00000)
 ParOldGen       total 68608K, used 42149K [0x0000000080000000, 0x0000000084300000, 0x00000000d5580000)
  object space 68608K, 61% used [0x0000000080000000,0x00000000829294e0,0x0000000084300000)
 Metaspace       used 48925K, committed 50112K, reserved 1114112K
  class space    used 4845K, committed 5376K, reserved 1048576K
}
Event: 2109.014 GC heap after
{Heap after GC invocations=39 (full 2):
 PSYoungGen      total 19968K, used 1504K [0x00000000d5580000, 0x00000000d6d80000, 0x0000000100000000)
  eden space 18432K, 0% used [0x00000000d5580000,0x00000000d5580000,0x00000000d6780000)
  from space 1536K, 97% used [0x00000000d6880000,0x00000000d69f8020,0x00000000d6a00000)
  to   space 3072K, 0% used [0x00000000d6a80000,0x00000000d6a80000,0x00000000d6d80000)
 ParOldGen       total 68608K, used 43074K [0x0000000080000000, 0x0000000084300000, 0x00000000d5580000)
  object space 68608K, 62% used [0x0000000080000000,0x0000000082a10a80,0x0000000084300000)
 Metaspace       used 48925K, committed 50112K, reserved 1114112K
  class space    used 4845K, committed 5376K, reserved 1048576K
}
Event: 2113.108 GC heap before
{Heap before GC invocations=40 (full 2):
 PSYoungGen      total 19968K, used 19936K [0x00000000d5580000, 0x00000000d6d80000, 0x0000000100000000)
  eden space 18432K, 100% used [0x00000000d5580000,0x00000000d6780000,0x00000000d6780000)
  from space 1536K, 97% used [0x00000000d6880000,0x00000000d69f8020,0x00000000d6a00000)
  to   space 3072K, 0% used [0x00000000d6a80000,0x00000000d6a80000,0x00000000d6d80000)
 ParOldGen       total 68608K, used 43074K [0x0000000080000000, 0x0000000084300000, 0x00000000d5580000)
  object space 68608K, 62% used [0x0000000080000000,0x0000000082a10a80,0x0000000084300000)
 Metaspace       used 49064K, committed 50304K, reserved 1114112K
  class space    used 4850K, committed 5376K, reserved 1048576K
}
Event: 2113.110 GC heap after
{Heap after GC invocations=40 (full 2):
 PSYoungGen      total 19456K, used 960K [0x00000000d5580000, 0x00000000d6b80000, 0x0000000100000000)
  eden space 18432K, 0% used [0x00000000d5580000,0x00000000d5580000,0x00000000d6780000)
  from space 1024K, 93% used [0x00000000d6a80000,0x00000000d6b70000,0x00000000d6b80000)
  to   space 1536K, 0% used [0x00000000d6880000,0x00000000d6880000,0x00000000d6a00000)
 ParOldGen       total 68608K, used 44594K [0x0000000080000000, 0x0000000084300000, 0x00000000d5580000)
  object space 68608K, 64% used [0x0000000080000000,0x0000000082b8caa0,0x0000000084300000)
 Metaspace       used 49064K, committed 50304K, reserved 1114112K
  class space    used 4850K, committed 5376K, reserved 1048576K
}

Dll operation events (10 events):
Event: 0.100 Loaded shared library c:\Users\HARENKANTO\.vscode\extensions\redhat.java-1.53.0-win32-x64\jre\21.0.10-win32-x86_64\bin\java.dll
Event: 0.156 Loaded shared library c:\Users\HARENKANTO\.vscode\extensions\redhat.java-1.53.0-win32-x64\jre\21.0.10-win32-x86_64\bin\zip.dll
Event: 0.178 Loaded shared library C:\Users\HARENKANTO\.vscode\extensions\redhat.java-1.53.0-win32-x64\jre\21.0.10-win32-x86_64\bin\instrument.dll
Event: 0.263 Loaded shared library C:\Users\HARENKANTO\.vscode\extensions\redhat.java-1.53.0-win32-x64\jre\21.0.10-win32-x86_64\bin\net.dll
Event: 0.351 Loaded shared library C:\Users\HARENKANTO\.vscode\extensions\redhat.java-1.53.0-win32-x64\jre\21.0.10-win32-x86_64\bin\nio.dll
Event: 0.353 Loaded shared library C:\Users\HARENKANTO\.vscode\extensions\redhat.java-1.53.0-win32-x64\jre\21.0.10-win32-x86_64\bin\zip.dll
Event: 0.366 Loaded shared library C:\Users\HARENKANTO\.vscode\extensions\redhat.java-1.53.0-win32-x64\jre\21.0.10-win32-x86_64\bin\jimage.dll
Event: 0.551 Loaded shared library c:\Users\HARENKANTO\.vscode\extensions\redhat.java-1.53.0-win32-x64\jre\21.0.10-win32-x86_64\bin\verify.dll
Event: 31.722 Loaded shared library C:\Users\HARENKANTO\AppData\Roaming\Code\User\globalStorage\redhat.java\1.53.0\config_ss_win\org.eclipse.equinox.launcher\org.eclipse.equinox.launcher.win32.win32.x86_64_1.3.0.v20260203-2149\eclipse_11919.dll
Event: 32.958 Loaded shared library C:\Users\HARENKANTO\AppData\Local\Temp\jna-1804596881\jna11275247942777364281.dll

Deoptimization events (20 events):
Event: 2112.179 Thread 0x0000014a943ee1b0 Uncommon trap: trap_request=0xffffffbe fr.pc=0x0000014a40b9a8a0 relative=0x0000000000000980
Event: 2112.179 Thread 0x0000014a943ee1b0 Uncommon trap: reason=profile_predicate action=maybe_recompile pc=0x0000014a40b9a8a0 method=java.net.URI.percentNormalizedComparison(Ljava/lang/String;Ljava/lang/String;Z)I @ 74 c2
Event: 2112.179 Thread 0x0000014a943ee1b0 DEOPT PACKING pc=0x0000014a40b9a8a0 sp=0x00000024641fe440
Event: 2112.179 Thread 0x0000014a943ee1b0 DEOPT UNPACKING pc=0x0000014a3ff03aa2 sp=0x00000024641fe3a8 mode 2
Event: 2112.179 Thread 0x0000014a943ee1b0 Uncommon trap: trap_request=0xffffffbe fr.pc=0x0000014a40b9a8a0 relative=0x0000000000000980
Event: 2112.179 Thread 0x0000014a943ee1b0 Uncommon trap: reason=profile_predicate action=maybe_recompile pc=0x0000014a40b9a8a0 method=java.net.URI.percentNormalizedComparison(Ljava/lang/String;Ljava/lang/String;Z)I @ 74 c2
Event: 2112.179 Thread 0x0000014a943ee1b0 DEOPT PACKING pc=0x0000014a40b9a8a0 sp=0x00000024641fdef0
Event: 2112.179 Thread 0x0000014a943ee1b0 DEOPT UNPACKING pc=0x0000014a3ff03aa2 sp=0x00000024641fde58 mode 2
Event: 2112.592 Thread 0x0000014a943ee1b0 Uncommon trap: trap_request=0xffffffd6 fr.pc=0x0000014a40b87df8 relative=0x0000000000000618
Event: 2112.592 Thread 0x0000014a943ee1b0 Uncommon trap: reason=array_check action=maybe_recompile pc=0x0000014a40b87df8 method=java.util.TimSort.binarySort([Ljava/lang/Object;IIILjava/util/Comparator;)V @ 183 c2
Event: 2112.592 Thread 0x0000014a943ee1b0 DEOPT PACKING pc=0x0000014a40b87df8 sp=0x00000024641fe880
Event: 2112.592 Thread 0x0000014a943ee1b0 DEOPT UNPACKING pc=0x0000014a3ff03aa2 sp=0x00000024641fe818 mode 2
Event: 2112.603 Thread 0x0000014a943ee1b0 Uncommon trap: trap_request=0xffffffd6 fr.pc=0x0000014a40ba7bd0 relative=0x00000000000004f0
Event: 2112.603 Thread 0x0000014a943ee1b0 Uncommon trap: reason=array_check action=maybe_recompile pc=0x0000014a40ba7bd0 method=java.util.TimSort.binarySort([Ljava/lang/Object;IIILjava/util/Comparator;)V @ 215 c2
Event: 2112.603 Thread 0x0000014a943ee1b0 DEOPT PACKING pc=0x0000014a40ba7bd0 sp=0x00000024641fe840
Event: 2112.603 Thread 0x0000014a943ee1b0 DEOPT UNPACKING pc=0x0000014a3ff03aa2 sp=0x00000024641fe7d8 mode 2
Event: 2112.603 Thread 0x0000014a943ee1b0 Uncommon trap: trap_request=0xffffffd6 fr.pc=0x0000014a40ba7bd0 relative=0x00000000000004f0
Event: 2112.603 Thread 0x0000014a943ee1b0 Uncommon trap: reason=array_check action=maybe_recompile pc=0x0000014a40ba7bd0 method=java.util.TimSort.binarySort([Ljava/lang/Object;IIILjava/util/Comparator;)V @ 215 c2
Event: 2112.603 Thread 0x0000014a943ee1b0 DEOPT PACKING pc=0x0000014a40ba7bd0 sp=0x00000024641fe7c0
Event: 2112.603 Thread 0x0000014a943ee1b0 DEOPT UNPACKING pc=0x0000014a3ff03aa2 sp=0x00000024641fe758 mode 2

Classes loaded (20 events):
Event: 1458.938 Loading class java/util/stream/DistinctOps$1
Event: 1458.939 Loading class java/util/stream/DistinctOps$1 done
Event: 1458.941 Loading class java/util/stream/DistinctOps$1$2
Event: 1458.941 Loading class java/util/stream/DistinctOps$1$2 done
Event: 1548.975 Loading class java/util/AbstractList$SubList
Event: 1548.976 Loading class java/util/AbstractList$SubList done
Event: 1548.976 Loading class java/util/AbstractList$SubList$1
Event: 1548.976 Loading class java/util/AbstractList$SubList$1 done
Event: 1548.996 Loading class java/util/concurrent/CompletionException
Event: 1548.996 Loading class java/util/concurrent/CompletionException done
Event: 1549.019 Loading class java/util/function/IntPredicate
Event: 1549.019 Loading class java/util/function/IntPredicate done
Event: 1549.037 Loading class java/util/regex/Pattern$Bound
Event: 1549.037 Loading class java/util/regex/Pattern$Bound done
Event: 1558.352 Loading class java/util/Collections$EmptyListIterator
Event: 1558.352 Loading class java/util/Collections$EmptyListIterator done
Event: 1564.390 Loading class java/util/concurrent/ConcurrentHashMap$TreeNode
Event: 1564.390 Loading class java/util/concurrent/ConcurrentHashMap$TreeNode done
Event: 1564.391 Loading class java/util/concurrent/ConcurrentHashMap$TreeBin
Event: 1564.391 Loading class java/util/concurrent/ConcurrentHashMap$TreeBin done

Classes unloaded (7 events):
Event: 33.360 Thread 0x0000014a358219d0 Unloading class 0x0000014a4e190c00 'java/lang/invoke/LambdaForm$MH+0x0000014a4e190c00'
Event: 33.360 Thread 0x0000014a358219d0 Unloading class 0x0000014a4e190800 'java/lang/invoke/LambdaForm$MH+0x0000014a4e190800'
Event: 33.360 Thread 0x0000014a358219d0 Unloading class 0x0000014a4e190400 'java/lang/invoke/LambdaForm$MH+0x0000014a4e190400'
Event: 33.360 Thread 0x0000014a358219d0 Unloading class 0x0000014a4e190000 'java/lang/invoke/LambdaForm$MH+0x0000014a4e190000'
Event: 33.360 Thread 0x0000014a358219d0 Unloading class 0x0000014a4e18fc00 'java/lang/invoke/LambdaForm$BMH+0x0000014a4e18fc00'
Event: 33.360 Thread 0x0000014a358219d0 Unloading class 0x0000014a4e18f800 'java/lang/invoke/LambdaForm$DMH+0x0000014a4e18f800'
Event: 33.360 Thread 0x0000014a358219d0 Unloading class 0x0000014a4e18e400 'java/lang/invoke/LambdaForm$DMH+0x0000014a4e18e400'

Classes redefined (0 events):
No events

Internal exceptions (20 events):
Event: 1061.853 Thread 0x0000014a943ece00 Exception <a 'java/lang/IncompatibleClassChangeError'{0x00000000d5751000}: Found class java.lang.Object, but interface was expected> (0x00000000d5751000) 
thrown [s\src\hotspot\share\interpreter\linkResolver.cpp, line 840]
Event: 1061.875 Thread 0x0000014a943ed490 Exception <a 'java/lang/NoSuchMethodError'{0x00000000d5950a80}: 'int java.lang.invoke.DirectMethodHandle$Holder.invokeInterface(java.lang.Object, java.lang.Object)'> (0x00000000d5950a80) 
thrown [s\src\hotspot\share\interpreter\linkResolver.cpp, line 773]
Event: 1061.875 Thread 0x0000014a943ed490 Exception <a 'java/lang/IncompatibleClassChangeError'{0x00000000d5953fa0}: Found class java.lang.Object, but interface was expected> (0x00000000d5953fa0) 
thrown [s\src\hotspot\share\interpreter\linkResolver.cpp, line 840]
Event: 1288.988 Thread 0x0000014a943ece00 Exception <a 'java/lang/IncompatibleClassChangeError'{0x00000000d5e44200}: Found class java.lang.Object, but interface was expected> (0x00000000d5e44200) 
thrown [s\src\hotspot\share\interpreter\linkResolver.cpp, line 840]
Event: 1436.700 Thread 0x0000014a8f559ae0 Exception <a 'java/lang/NoSuchMethodError'{0x00000000d6759a28}: 'java.lang.Object java.lang.invoke.DirectMethodHandle$Holder.invokeStatic(java.lang.Object, java.lang.Object, int, java.lang.Object, java.lang.Object)'> (0x00000000d6759a28) 
thrown [s\src\hotspot\share\interpreter\linkResolver.cpp, line 773]
Event: 1462.680 Thread 0x0000014a943ece00 Exception <a 'java/lang/IncompatibleClassChangeError'{0x00000000d5f25730}: Found class java.lang.Object, but interface was expected> (0x00000000d5f25730) 
thrown [s\src\hotspot\share\interpreter\linkResolver.cpp, line 840]
Event: 1462.687 Thread 0x0000014a943ee1b0 Exception <a 'java/lang/NoSuchMethodError'{0x00000000d6855b88}: 'java.lang.Object java.lang.invoke.DirectMethodHandle$Holder.invokeSpecial(java.lang.Object, java.lang.Object, java.lang.Object, java.lang.Object, int, java.lang.Object, java.lang.Object)'> (0x00000000d6855b88) 
thrown [s\src\hotspot\share\interpreter\linkResolver.cpp, line 773]
Event: 1462.996 Thread 0x0000014a943ece00 Exception <a 'java/lang/IncompatibleClassChangeError'{0x00000000d647ad50}: Found class java.lang.Object, but interface was expected> (0x00000000d647ad50) 
thrown [s\src\hotspot\share\interpreter\linkResolver.cpp, line 840]
Event: 1549.015 Thread 0x0000014a943ee1b0 Exception <a 'java/lang/NoSuchMethodError'{0x00000000d5d53538}: 'java.lang.Object java.lang.invoke.DirectMethodHandle$Holder.invokeStaticInit(java.lang.Object, java.lang.Object, java.lang.Object)'> (0x00000000d5d53538) 
thrown [s\src\hotspot\share\interpreter\linkResolver.cpp, line 773]
Event: 1549.021 Thread 0x0000014a943ee1b0 Exception <a 'java/lang/NoSuchMethodError'{0x00000000d5dae128}: 'int java.lang.invoke.DirectMethodHandle$Holder.invokeStaticInit(java.lang.Object, int)'> (0x00000000d5dae128) 
thrown [s\src\hotspot\share\interpreter\linkResolver.cpp, line 773]
Event: 1549.174 Thread 0x0000014a943ee1b0 Exception <a 'java/lang/NoSuchMethodError'{0x00000000d67d8db0}: 'int java.lang.invoke.DirectMethodHandle$Holder.invokeSpecialIFC(java.lang.Object, java.lang.Object, int)'> (0x00000000d67d8db0) 
thrown [s\src\hotspot\share\interpreter\linkResolver.cpp, line 773]
Event: 1549.189 Thread 0x0000014a943ee1b0 Exception <a 'sun/nio/fs/WindowsException'{0x00000000d6858e88}> (0x00000000d6858e88) 
thrown [s\src\hotspot\share\prims\jni.cpp, line 520]
Event: 1549.189 Thread 0x0000014a943ee1b0 Exception <a 'sun/nio/fs/WindowsException'{0x00000000d68594b8}> (0x00000000d68594b8) 
thrown [s\src\hotspot\share\prims\jni.cpp, line 520]
Event: 1558.579 Thread 0x0000014a943ee1b0 Exception <a 'sun/nio/fs/WindowsException'{0x00000000d6655ed0}> (0x00000000d6655ed0) 
thrown [s\src\hotspot\share\prims\jni.cpp, line 520]
Event: 1558.579 Thread 0x0000014a943ee1b0 Exception <a 'sun/nio/fs/WindowsException'{0x00000000d6656500}> (0x00000000d6656500) 
thrown [s\src\hotspot\share\prims\jni.cpp, line 520]
Event: 1559.425 Thread 0x0000014a943ee1b0 Exception <a 'sun/nio/fs/WindowsException'{0x00000000d63ccb30}> (0x00000000d63ccb30) 
thrown [s\src\hotspot\share\prims\jni.cpp, line 520]
Event: 1559.425 Thread 0x0000014a943ee1b0 Exception <a 'sun/nio/fs/WindowsException'{0x00000000d63cd160}> (0x00000000d63cd160) 
thrown [s\src\hotspot\share\prims\jni.cpp, line 520]
Event: 1564.280 Thread 0x0000014a943ece00 Exception <a 'java/lang/IncompatibleClassChangeError'{0x00000000d583b7a8}: Found class java.lang.Object, but interface was expected> (0x00000000d583b7a8) 
thrown [s\src\hotspot\share\interpreter\linkResolver.cpp, line 840]
Event: 1564.293 Thread 0x0000014a943ee1b0 Implicit null exception at 0x0000014a4085d968 to 0x0000014a4085db64
Event: 1564.398 Thread 0x0000014a943ee1b0 Exception <a 'java/lang/NoSuchMethodError'{0x00000000d6003cc8}: 'java.lang.Object java.lang.invoke.DirectMethodHandle$Holder.invokeStatic(java.lang.Object, int, java.lang.Object)'> (0x00000000d6003cc8) 
thrown [s\src\hotspot\share\interpreter\linkResolver.cpp, line 773]

ZGC Phase Switch (0 events):
No events

VM Operations (20 events):
Event: 2104.469 Executing non-safepoint VM operation: RendezvousGCThreads
Event: 2104.469 Executing non-safepoint VM operation: RendezvousGCThreads done
Event: 2107.064 Executing safepoint VM operation: ParallelGCFailedAllocation (Allocation Failure)
Event: 2107.065 Executing safepoint VM operation: ParallelGCFailedAllocation (Allocation Failure) done
Event: 2108.072 Executing safepoint VM operation: Cleanup
Event: 2108.073 Executing safepoint VM operation: Cleanup done
Event: 2108.255 Executing non-safepoint VM operation: HandshakeAllThreads (Deoptimize)
Event: 2108.255 Executing non-safepoint VM operation: HandshakeAllThreads (Deoptimize) done
Event: 2108.257 Executing non-safepoint VM operation: HandshakeAllThreads (Deoptimize)
Event: 2108.257 Executing non-safepoint VM operation: HandshakeAllThreads (Deoptimize) done
Event: 2109.013 Executing safepoint VM operation: ParallelGCFailedAllocation (Allocation Failure)
Event: 2109.014 Executing safepoint VM operation: ParallelGCFailedAllocation (Allocation Failure) done
Event: 2110.014 Executing safepoint VM operation: Cleanup
Event: 2110.014 Executing safepoint VM operation: Cleanup done
Event: 2111.015 Executing safepoint VM operation: Cleanup
Event: 2111.015 Executing safepoint VM operation: Cleanup done
Event: 2113.023 Executing safepoint VM operation: Cleanup
Event: 2113.024 Executing safepoint VM operation: Cleanup done
Event: 2113.108 Executing safepoint VM operation: ParallelGCFailedAllocation (Allocation Failure)
Event: 2113.110 Executing safepoint VM operation: ParallelGCFailedAllocation (Allocation Failure) done

Memory protections (0 events):
No events

Nmethod flushes (20 events):
Event: 34.775 Thread 0x0000014a358219d0 flushing  nmethod 0x0000014a38cd8c90
Event: 34.775 Thread 0x0000014a358219d0 flushing  nmethod 0x0000014a38cdb290
Event: 34.775 Thread 0x0000014a358219d0 flushing  nmethod 0x0000014a38d48e10
Event: 34.775 Thread 0x0000014a358219d0 flushing  nmethod 0x0000014a38d93a10
Event: 34.775 Thread 0x0000014a358219d0 flushing  nmethod 0x0000014a38d96410
Event: 34.775 Thread 0x0000014a358219d0 flushing  nmethod 0x0000014a38db9c90
Event: 34.775 Thread 0x0000014a358219d0 flushing  nmethod 0x0000014a38dba090
Event: 34.775 Thread 0x0000014a358219d0 flushing  nmethod 0x0000014a38dbaa10
Event: 34.775 Thread 0x0000014a358219d0 flushing  nmethod 0x0000014a38dc0190
Event: 34.775 Thread 0x0000014a358219d0 flushing  nmethod 0x0000014a38dff090
Event: 34.775 Thread 0x0000014a358219d0 flushing  nmethod 0x0000014a38e37f90
Event: 34.775 Thread 0x0000014a358219d0 flushing  nmethod 0x0000014a38e38c90
Event: 34.775 Thread 0x0000014a358219d0 flushing  nmethod 0x0000014a38e39090
Event: 34.775 Thread 0x0000014a358219d0 flushing  nmethod 0x0000014a38e39a10
Event: 34.775 Thread 0x0000014a358219d0 flushing  nmethod 0x0000014a38e43310
Event: 34.775 Thread 0x0000014a358219d0 flushing  nmethod 0x0000014a38e4a210
Event: 34.775 Thread 0x0000014a358219d0 flushing  nmethod 0x0000014a38e4d590
Event: 34.775 Thread 0x0000014a358219d0 flushing  nmethod 0x0000014a38e55610
Event: 34.775 Thread 0x0000014a358219d0 flushing osr nmethod 0x0000014a38e80210
Event: 34.775 Thread 0x0000014a358219d0 flushing osr nmethod 0x0000014a38e84b90

Events (20 events):
Event: 2107.229 Thread 0x0000014a95341280 Thread exited: 0x0000014a95341280
Event: 2107.237 Thread 0x0000014a8e57ae30 Thread added: 0x0000014a95341280
Event: 2107.237 Thread 0x0000014a8e57ae30 Thread added: 0x0000014a9fd488d0
Event: 2108.222 Thread 0x0000014a9fd488d0 Thread exited: 0x0000014a9fd488d0
Event: 2108.222 Thread 0x0000014a95341280 Thread exited: 0x0000014a95341280
Event: 2108.239 Thread 0x0000014a8e57ae30 Thread added: 0x0000014a95341280
Event: 2108.263 Thread 0x0000014a8e57ae30 Thread added: 0x0000014a9fd488d0
Event: 2108.507 Thread 0x0000014a9fd488d0 Thread exited: 0x0000014a9fd488d0
Event: 2108.516 Thread 0x0000014a8e57ae30 Thread added: 0x0000014a9fd488d0
Event: 2108.854 Thread 0x0000014a9fd488d0 Thread exited: 0x0000014a9fd488d0
Event: 2108.857 Thread 0x0000014a95341280 Thread exited: 0x0000014a95341280
Event: 2108.864 Thread 0x0000014a8e57ae30 Thread added: 0x0000014a95341280
Event: 2108.873 Thread 0x0000014a8e57ae30 Thread added: 0x0000014a9fd488d0
Event: 2109.348 Thread 0x0000014a9fd488d0 Thread exited: 0x0000014a9fd488d0
Event: 2109.349 Thread 0x0000014a95341280 Thread exited: 0x0000014a95341280
Event: 2110.708 Thread 0x0000014a8e57ae30 Thread added: 0x0000014a95341280
Event: 2111.289 Thread 0x0000014a95341280 Thread exited: 0x0000014a95341280
Event: 2112.593 Thread 0x0000014a8e57ae30 Thread added: 0x0000014a95341280
Event: 2113.105 Thread 0x0000014a95341280 Thread exited: 0x0000014a95341280
Event: 2113.118 Thread 0x0000014a8e57ae30 Thread added: 0x0000014a95341280


Dynamic libraries:
0x00007ff7797c0000 - 0x00007ff7797ce000 	c:\Users\HARENKANTO\.vscode\extensions\redhat.java-1.53.0-win32-x64\jre\21.0.10-win32-x86_64\bin\java.exe
0x00007ffab06c0000 - 0x00007ffab0928000 	C:\WINDOWS\SYSTEM32\ntdll.dll
0x00007ffaaf6e0000 - 0x00007ffaaf7a9000 	C:\WINDOWS\System32\KERNEL32.DLL
0x00007ffaadc30000 - 0x00007ffaae028000 	C:\WINDOWS\System32\KERNELBASE.dll
0x00007ffaad8c0000 - 0x00007ffaada0b000 	C:\WINDOWS\System32\ucrtbase.dll
0x00007ffa57950000 - 0x00007ffa57968000 	c:\Users\HARENKANTO\.vscode\extensions\redhat.java-1.53.0-win32-x64\jre\21.0.10-win32-x86_64\bin\jli.dll
0x00007ffa3a220000 - 0x00007ffa3a23e000 	c:\Users\HARENKANTO\.vscode\extensions\redhat.java-1.53.0-win32-x64\jre\21.0.10-win32-x86_64\bin\VCRUNTIME140.dll
0x00007ffaaf2a0000 - 0x00007ffaaf467000 	C:\WINDOWS\System32\USER32.dll
0x00007ffa90b10000 - 0x00007ffa90da4000 	C:\WINDOWS\WinSxS\amd64_microsoft.windows.common-controls_6595b64144ccf1df_6.0.26100.7019_none_3e06ffa0e335b8a8\COMCTL32.dll
0x00007ffaae300000 - 0x00007ffaae327000 	C:\WINDOWS\System32\win32u.dll
0x00007ffaaf020000 - 0x00007ffaaf0c9000 	C:\WINDOWS\System32\msvcrt.dll
0x00007ffaaf270000 - 0x00007ffaaf29b000 	C:\WINDOWS\System32\GDI32.dll
0x00007ffaae330000 - 0x00007ffaae45c000 	C:\WINDOWS\System32\gdi32full.dll
0x00007ffaada10000 - 0x00007ffaadab3000 	C:\WINDOWS\System32\msvcp_win.dll
0x00007ffab0070000 - 0x00007ffab00a1000 	C:\WINDOWS\System32\IMM32.DLL
0x00007ffa57a00000 - 0x00007ffa57a0c000 	c:\Users\HARENKANTO\.vscode\extensions\redhat.java-1.53.0-win32-x64\jre\21.0.10-win32-x86_64\bin\vcruntime140_1.dll
0x00007ffa2ec00000 - 0x00007ffa2ec8d000 	c:\Users\HARENKANTO\.vscode\extensions\redhat.java-1.53.0-win32-x64\jre\21.0.10-win32-x86_64\bin\msvcp140.dll
0x00007ffa2d660000 - 0x00007ffa2e401000 	c:\Users\HARENKANTO\.vscode\extensions\redhat.java-1.53.0-win32-x64\jre\21.0.10-win32-x86_64\bin\server\jvm.dll
0x00007ffaafc40000 - 0x00007ffaafcf4000 	C:\WINDOWS\System32\ADVAPI32.dll
0x00007ffaafb80000 - 0x00007ffaafc26000 	C:\WINDOWS\System32\sechost.dll
0x00007ffaafd00000 - 0x00007ffaafe18000 	C:\WINDOWS\System32\RPCRT4.dll
0x00007ffaaefa0000 - 0x00007ffaaf014000 	C:\WINDOWS\System32\WS2_32.dll
0x00007ffaacb50000 - 0x00007ffaacbae000 	C:\WINDOWS\SYSTEM32\POWRPROF.dll
0x00007ffaa03f0000 - 0x00007ffaa0425000 	C:\WINDOWS\SYSTEM32\WINMM.dll
0x00007ffaa2e10000 - 0x00007ffaa2e1b000 	C:\WINDOWS\SYSTEM32\VERSION.dll
0x00007ffaacb10000 - 0x00007ffaacb24000 	C:\WINDOWS\SYSTEM32\UMPDC.dll
0x00007ffaac640000 - 0x00007ffaac65b000 	C:\WINDOWS\SYSTEM32\kernel.appcore.dll
0x00007ffa37630000 - 0x00007ffa3763a000 	c:\Users\HARENKANTO\.vscode\extensions\redhat.java-1.53.0-win32-x64\jre\21.0.10-win32-x86_64\bin\jimage.dll
0x00007ffaaaf00000 - 0x00007ffaab142000 	C:\WINDOWS\SYSTEM32\DBGHELP.DLL
0x00007ffaae460000 - 0x00007ffaae7eb000 	C:\WINDOWS\System32\combase.dll
0x00007ffab00b0000 - 0x00007ffab0187000 	C:\WINDOWS\System32\OLEAUT32.dll
0x00007ffa92110000 - 0x00007ffa9214c000 	C:\WINDOWS\SYSTEM32\dbgcore.DLL
0x00007ffaad810000 - 0x00007ffaad8b5000 	C:\WINDOWS\System32\bcryptPrimitives.dll
0x00007ffa34940000 - 0x00007ffa3494f000 	c:\Users\HARENKANTO\.vscode\extensions\redhat.java-1.53.0-win32-x64\jre\21.0.10-win32-x86_64\bin\instrument.dll
0x00007ffa33570000 - 0x00007ffa33590000 	c:\Users\HARENKANTO\.vscode\extensions\redhat.java-1.53.0-win32-x64\jre\21.0.10-win32-x86_64\bin\java.dll
0x00007ffaae840000 - 0x00007ffaaef8f000 	C:\WINDOWS\System32\SHELL32.dll
0x00007ffaadac0000 - 0x00007ffaadc2b000 	C:\WINDOWS\System32\wintypes.dll
0x00007ffaab430000 - 0x00007ffaabc8d000 	C:\WINDOWS\SYSTEM32\windows.storage.dll
0x00007ffaaf5e0000 - 0x00007ffaaf6d2000 	C:\WINDOWS\System32\SHCORE.dll
0x00007ffaaf0d0000 - 0x00007ffaaf137000 	C:\WINDOWS\System32\shlwapi.dll
0x00007ffaad730000 - 0x00007ffaad759000 	C:\WINDOWS\SYSTEM32\profapi.dll
0x00007ffa2ebb0000 - 0x00007ffa2ebc8000 	c:\Users\HARENKANTO\.vscode\extensions\redhat.java-1.53.0-win32-x64\jre\21.0.10-win32-x86_64\bin\zip.dll
0x00007ffa2f030000 - 0x00007ffa2f040000 	C:\Users\HARENKANTO\.vscode\extensions\redhat.java-1.53.0-win32-x64\jre\21.0.10-win32-x86_64\bin\net.dll
0x00007ffaa5300000 - 0x00007ffaa5428000 	C:\WINDOWS\SYSTEM32\WINHTTP.dll
0x00007ffaacc60000 - 0x00007ffaacccb000 	C:\WINDOWS\system32\mswsock.dll
0x00007ffa2f010000 - 0x00007ffa2f026000 	C:\Users\HARENKANTO\.vscode\extensions\redhat.java-1.53.0-win32-x64\jre\21.0.10-win32-x86_64\bin\nio.dll
0x00007ffa2f000000 - 0x00007ffa2f010000 	c:\Users\HARENKANTO\.vscode\extensions\redhat.java-1.53.0-win32-x64\jre\21.0.10-win32-x86_64\bin\verify.dll
0x00007ffa72050000 - 0x00007ffa72095000 	C:\Users\HARENKANTO\AppData\Roaming\Code\User\globalStorage\redhat.java\1.53.0\config_ss_win\org.eclipse.equinox.launcher\org.eclipse.equinox.launcher.win32.win32.x86_64_1.3.0.v20260203-2149\eclipse_11919.dll
0x00007ffaafe20000 - 0x00007ffaaffb7000 	C:\WINDOWS\System32\ole32.dll
0x00007ffaacf20000 - 0x00007ffaacf3b000 	C:\WINDOWS\SYSTEM32\CRYPTSP.dll
0x00007ffaac530000 - 0x00007ffaac56a000 	C:\WINDOWS\system32\rsaenh.dll
0x00007ffaacd10000 - 0x00007ffaacd3b000 	C:\WINDOWS\SYSTEM32\USERENV.dll
0x00007ffaad700000 - 0x00007ffaad72a000 	C:\WINDOWS\SYSTEM32\bcrypt.dll
0x00007ffaacf40000 - 0x00007ffaacf4c000 	C:\WINDOWS\SYSTEM32\CRYPTBASE.dll
0x00007ffaac110000 - 0x00007ffaac144000 	C:\WINDOWS\SYSTEM32\IPHLPAPI.DLL
0x00007ffaafc30000 - 0x00007ffaafc3a000 	C:\WINDOWS\System32\NSI.dll
0x00007ffa6ed30000 - 0x00007ffa6ed79000 	C:\Users\HARENKANTO\AppData\Local\Temp\jna-1804596881\jna11275247942777364281.dll
0x00007ffaaffd0000 - 0x00007ffaaffd8000 	C:\WINDOWS\System32\PSAPI.DLL
0x00007ffaa7ac0000 - 0x00007ffaa7ade000 	C:\WINDOWS\SYSTEM32\dhcpcsvc6.DLL
0x00007ffaa54d0000 - 0x00007ffaa54f3000 	C:\WINDOWS\SYSTEM32\dhcpcsvc.DLL

JVMTI agents:
c:\Users\HARENKANTO\.vscode\extensions\redhat.java-1.53.0-win32-x64\lombok\lombok-1.18.39-4050.jar path:c:\Users\HARENKANTO\.vscode\extensions\redhat.java-1.53.0-win32-x64\jre\21.0.10-win32-x86_64\bin\instrument.dll, loaded, initialized, instrumentlib options:none

dbghelp: loaded successfully - version: 4.0.5 - missing functions: none
symbol engine: initialized successfully - sym options: 0x614 - pdb path: .;c:\Users\HARENKANTO\.vscode\extensions\redhat.java-1.53.0-win32-x64\jre\21.0.10-win32-x86_64\bin;C:\WINDOWS\SYSTEM32;C:\WINDOWS\WinSxS\amd64_microsoft.windows.common-controls_6595b64144ccf1df_6.0.26100.7019_none_3e06ffa0e335b8a8;c:\Users\HARENKANTO\.vscode\extensions\redhat.java-1.53.0-win32-x64\jre\21.0.10-win32-x86_64\bin\server;C:\Users\HARENKANTO\AppData\Roaming\Code\User\globalStorage\redhat.java\1.53.0\config_ss_win\org.eclipse.equinox.launcher\org.eclipse.equinox.launcher.win32.win32.x86_64_1.3.0.v20260203-2149;C:\Users\HARENKANTO\AppData\Local\Temp\jna-1804596881

VM Arguments:
jvm_args: --add-modules=ALL-SYSTEM --add-opens=java.base/java.util=ALL-UNNAMED --add-opens=java.base/java.lang=ALL-UNNAMED --add-opens=java.base/sun.nio.fs=ALL-UNNAMED -Declipse.application=org.eclipse.jdt.ls.core.id1 -Dosgi.bundles.defaultStartLevel=4 -Declipse.product=org.eclipse.jdt.ls.core.product -Djava.import.generatesMetadataFilesAtProjectRoot=false -DDetectVMInstallationsJob.disabled=true -Dfile.encoding=utf8 -XX:+UseParallelGC -XX:GCTimeRatio=4 -XX:AdaptiveSizePolicyWeight=90 -Dsun.zip.disableMemoryMapping=true -Xmx2G -Xms100m -Xlog:disable -javaagent:c:\Users\HARENKANTO\.vscode\extensions\redhat.java-1.53.0-win32-x64\lombok\lombok-1.18.39-4050.jar 
java_command: c:\Users\HARENKANTO\.vscode\extensions\redhat.java-1.53.0-win32-x64\server\plugins\org.eclipse.equinox.launcher_1.7.100.v20251111-0406.jar -configuration c:\Users\HARENKANTO\AppData\Roaming\Code\User\globalStorage\redhat.java\1.53.0\config_ss_win -data c:\Users\HARENKANTO\AppData\Roaming\Code\User\workspaceStorage\b0bea17b941859ce0ac68aeeb93758a7\redhat.java\ss_ws --pipe=\\.\pipe\lsp-d4e9fa072a45e412bc27c864065543ba-sock
java_class_path (initial): c:\Users\HARENKANTO\.vscode\extensions\redhat.java-1.53.0-win32-x64\server\plugins\org.eclipse.equinox.launcher_1.7.100.v20251111-0406.jar
Launcher Type: SUN_STANDARD

[Global flags]
    uintx AdaptiveSizePolicyWeight                 = 90                                        {product} {command line}
     intx CICompilerCount                          = 4                                         {product} {ergonomic}
    uintx GCTimeRatio                              = 4                                         {product} {command line}
   size_t InitialHeapSize                          = 104857600                                 {product} {command line}
   size_t MaxHeapSize                              = 2147483648                                {product} {command line}
   size_t MaxNewSize                               = 715653120                                 {product} {ergonomic}
   size_t MinHeapDeltaBytes                        = 524288                                    {product} {ergonomic}
   size_t MinHeapSize                              = 104857600                                 {product} {command line}
   size_t NewSize                                  = 34603008                                  {product} {ergonomic}
    uintx NonNMethodCodeHeapSize                   = 5839372                                {pd product} {ergonomic}
    uintx NonProfiledCodeHeapSize                  = 122909434                              {pd product} {ergonomic}
   size_t OldSize                                  = 70254592                                  {product} {ergonomic}
    uintx ProfiledCodeHeapSize                     = 122909434                              {pd product} {ergonomic}
    uintx ReservedCodeCacheSize                    = 251658240                              {pd product} {ergonomic}
     bool SegmentedCodeCache                       = true                                      {product} {ergonomic}
   size_t SoftMaxHeapSize                          = 2147483648                             {manageable} {ergonomic}
     bool UseCompressedOops                        = true                           {product lp64_product} {ergonomic}
     bool UseLargePagesIndividualAllocation        = false                                  {pd product} {ergonomic}
     bool UseParallelGC                            = true                                      {product} {command line}

Logging:
Log output configuration:
 #0: stdout all=off uptime,level,tags foldmultilines=false
 #1: stderr all=off uptime,level,tags foldmultilines=false

Release file:
JAVA_VERSION="21.0.10" 
MODULES="java.base java.compiler java.datatransfer java.xml java.prefs java.desktop java.instrument java.logging java.management java.security.sasl java.naming java.rmi java.management.rmi java.net.http java.scripting java.security.jgss java.transaction.xa java.sql java.sql.rowset java.xml.crypto java.se java.smartcardio jdk.accessibility jdk.internal.jvmstat jdk.attach jdk.charsets jdk.internal.opt jdk.zipfs jdk.compiler jdk.crypto.ec jdk.crypto.cryptoki jdk.crypto.mscapi jdk.dynalink jdk.internal.ed jdk.editpad jdk.hotspot.agent jdk.httpserver jdk.internal.le jdk.internal.vm.ci jdk.internal.vm.compiler jdk.internal.vm.compiler.management jdk.jartool jdk.javadoc jdk.jcmd jdk.management jdk.management.agent jdk.jconsole jdk.jdeps jdk.jdwp.agent jdk.jdi jdk.jfr jdk.jshell jdk.jsobject jdk.jstatd jdk.localedata jdk.management.jfr jdk.naming.dns jdk.naming.rmi jdk.net jdk.nio.mapmode jdk.random jdk.sctp jdk.security.auth jdk.security.jgss jdk.unsupported jdk.unsupported.desktop jdk.xml.dom" 

Environment Variables:
JAVA_HOME=C:\Program Files\Java\jdk-21
CLASSPATH=.;C:\ojdbc11.jar;C:\mysql-connector-j-9.1.0.jar;C:\tomcat\lib\servlet-api.jar;
PATH=C:\Program Files\Java\jdk-21\bin;C:\Program Files\Java\jdk1.8.0_152\bin;C:\Program Files\Java\OpenJDK17U-jdk_x64_windows_hotspot_17.0.17_10\jdk-17.0.17+10\bin;C:\app\HARENKANTO\product\11.2.0\dbhome_1\bin;D:\S5\Mr Rojo\Firebase\Cloud\carte\osmosis-0.49.2\bin;D:\app\wildfly-10.1.0.Final\wildfly-10.1.0.Final\bin;D:\S5\Prog\apache-ant-1.10.15-bin\apache-ant-1.10.15\bin;D:\app\wildfly-28.0.1.Final\wildfly-28.0.1.Final\bin;C:\Program Files\PostgreSQL\15\bin;C:\ProgramData\Oracle\Java\javapath;C:\Program Files (x86)\VMware\VMware Workstation\bin\;D:\apache-tomcat-10.1.28\bin;C:\Users\HARENKANTO\apache-maven-3.9.9-bin\apache-maven-3.9.9\bin;C:\Program Files\Git\cmd;C:\Program Files\gnuplot\bin;D:\tomcat\bin;C:\Windows\system32;C:\Windows;C:\Windows\System32\Wbem;C:\Windows\System32\WindowsPowerShell\v1.0\;C:\Windows\System32\OpenSSH\;C:\Program Files (x86)\NVIDIA Corporation\PhysX\Common;C:\Program Files\NVIDIA Corporation\NVIDIA NvDLISR;C:\WINDOWS\system32;C:\WINDOWS;C:\WINDOWS\System32\Wbem;C:\WINDOWS\System32\WindowsPowerShell\v1.0\;C:\WINDOWS\System32\OpenSSH\;C:\Program Files\dotnet\;C:\Program Files (x86)\QuickTime\QTSystem\;D:\xampp\php;C:\Program Files\Microsoft SQL Server\Client SDK\ODBC\170\Tools\Binn\;C:\Program Files (x86)\Microsoft SQL Server\160\Tools\Binn\;C:\Program Files\Microsoft SQL Server\160\Tools\Binn\;C:\Program Files\Microsoft SQL Server\160\DTS\Binn\;C:\Program Files\nodejs\;C:\Program Files\Git\cmd;C:\Program Files\Docker\Docker\resources\bin;C:\Program Files (x86)\Microsoft SQL Server\170\Tools\Binn\;C:\Program Files\Microsoft SQL Server\170\Tools\Binn\;C:\Program Files\Microsoft SQL Server\Client SDK\ODBC\180\Tools\Binn\;C:\Program Files\Microsoft SQL Server\170\DTS\Binn\;C:\Users\HARENKANTO\AppData\Local\Programs\Python\Python313\Scripts\;C:\Users\HARENKANTO\AppData\Local\Programs\Python\Python313\;C:\Users\HARENKANTO\AppData\Local\Programs\Python\Launcher\;C:\Users\HARENKANTO\AppData\Local\Microsoft\WindowsApps;C:\Users\HARENKANTO\AppData\Local\Programs\Microsoft VS Code\bin;C:\Users\HARENKANTO\AppData\Local\GitHubDesktop\bin;C:\Users\HARENKANTO\AppData\Local\Programs\MiKTeX\miktex\bin\x64\;C:\Users\HARENKANTO\AppData\Roaming\npm;C:\Users\HARENKANTO\AppData\Local\ComposerSetup\bin;C:\Users\HARENKANTO\AppData\Roaming\Composer\vendor\bin;C:\Users\HARENKANTO\AppData\Local\Programs\Windsurf\bin
USERNAME=HARENKANTO
OS=Windows_NT
PROCESSOR_IDENTIFIER=Intel64 Family 6 Model 154 Stepping 3, GenuineIntel
TMP=C:\Users\HARENK~1\AppData\Local\Temp
TEMP=C:\Users\HARENK~1\AppData\Local\Temp




Periodic native trim disabled

---------------  S Y S T E M  ---------------

OS:
 Windows 11 , 64 bit Build 26100 (10.0.26100.7019)
OS uptime: 0 days 0:40 hours
Hyper-V role detected

CPU: total 12 (initial active 12) (6 cores per cpu, 2 threads per core) family 6 model 154 stepping 3 microcode 0x424, cx8, cmov, fxsr, ht, mmx, 3dnowpref, sse, sse2, sse3, ssse3, sse4.1, sse4.2, popcnt, lzcnt, tsc, tscinvbit, avx, avx2, aes, erms, clmul, bmi1, bmi2, adx, sha, fma, vzeroupper, clflush, clflushopt, clwb, hv, serialize, rdtscp, rdpid, fsrm, f16c, cet_ibt, cet_ss
Processor Information for processor 0
  Max Mhz: 2000, Current Mhz: 2000, Mhz Limit: 2000
Processor Information for processor 1
  Max Mhz: 2000, Current Mhz: 2000, Mhz Limit: 2000
Processor Information for processor 2
  Max Mhz: 2000, Current Mhz: 2000, Mhz Limit: 2000
Processor Information for processor 3
  Max Mhz: 2000, Current Mhz: 2000, Mhz Limit: 2000
Processor Information for processor 4
  Max Mhz: 2000, Current Mhz: 2000, Mhz Limit: 2000
Processor Information for processor 5
  Max Mhz: 2000, Current Mhz: 2000, Mhz Limit: 2000
Processor Information for processor 6
  Max Mhz: 2000, Current Mhz: 2000, Mhz Limit: 2000
Processor Information for processor 7
  Max Mhz: 2000, Current Mhz: 2000, Mhz Limit: 2000
Processor Information for processor 8
  Max Mhz: 2000, Current Mhz: 1466, Mhz Limit: 2000
Processor Information for processor 9
  Max Mhz: 2000, Current Mhz: 2000, Mhz Limit: 2000
Processor Information for processor 10
  Max Mhz: 2000, Current Mhz: 1466, Mhz Limit: 2000
Processor Information for processor 11
  Max Mhz: 2000, Current Mhz: 1466, Mhz Limit: 2000

Memory: 4k page, system-wide physical 16085M (3612M free)
TotalPageFile size 18882M (AvailPageFile size 4M)
current process WorkingSet (physical memory assigned to process): 229M, peak: 252M
current process commit charge ("private bytes"): 362M, peak: 373M

vm_info: OpenJDK 64-Bit Server VM (21.0.10+7-LTS) for windows-amd64 JRE (21.0.10+7-LTS), built on 2026-01-20T00:00:00Z by "admin" with MS VC++ 17.12 (VS2022)

END.
