#
# There is insufficient memory for the Java Runtime Environment to continue.
# Native memory allocation (malloc) failed to allocate 763152 bytes. Error detail: Chunk::new
# Possible reasons:
#   The system is out of physical RAM or swap space
#   This process is running with CompressedOops enabled, and the Java Heap may be blocking the growth of the native heap
# Possible solutions:
#   Reduce memory load on the system
#   Increase physical memory or swap space
#   Check if swap backing store is full
#   Decrease Java heap size (-Xmx/-Xms)
#   Decrease number of Java threads
#   Decrease Java thread stack sizes (-Xss)
#   Set larger code cache with -XX:ReservedCodeCacheSize=
#   JVM is running with Unscaled Compressed Oops mode in which the Java heap is
#     placed in the first 4GB address space. The Java Heap base address is the
#     maximum limit for the native heap growth. Please use -XX:HeapBaseMinAddress
#     to set the Java Heap base and to place the Java Heap above 4GB virtual address.
# This output file may be truncated or incomplete.
#
#  Out of Memory Error (arena.cpp:168), pid=7056, tid=19496
#
# JRE version: OpenJDK Runtime Environment Temurin-21.0.10+7 (21.0.10+7) (build 21.0.10+7-LTS)
# Java VM: OpenJDK 64-Bit Server VM Temurin-21.0.10+7 (21.0.10+7-LTS, mixed mode, sharing, tiered, compressed oops, compressed class ptrs, parallel gc, windows-amd64)
# No core dump will be written. Minidumps are not enabled by default on client versions of Windows
#

---------------  S U M M A R Y ------------

Command Line: --add-modules=ALL-SYSTEM --add-opens=java.base/java.util=ALL-UNNAMED --add-opens=java.base/java.lang=ALL-UNNAMED --add-opens=java.base/sun.nio.fs=ALL-UNNAMED -Declipse.application=org.eclipse.jdt.ls.core.id1 -Dosgi.bundles.defaultStartLevel=4 -Declipse.product=org.eclipse.jdt.ls.core.product -Djava.import.generatesMetadataFilesAtProjectRoot=false -DDetectVMInstallationsJob.disabled=true -Dfile.encoding=utf8 -XX:+UseParallelGC -XX:GCTimeRatio=4 -XX:AdaptiveSizePolicyWeight=90 -Dsun.zip.disableMemoryMapping=true -Xmx2G -Xms100m -Xlog:disable -javaagent:c:\Users\HARENKANTO\.vscode\extensions\redhat.java-1.53.0-win32-x64\lombok\lombok-1.18.39-4050.jar -XX:+HeapDumpOnOutOfMemoryError -XX:HeapDumpPath=c:\Users\HARENKANTO\AppData\Roaming\Code\User\workspaceStorage\b0bea17b941859ce0ac68aeeb93758a7\redhat.java -Daether.dependencyCollector.impl=bf c:\Users\HARENKANTO\.vscode\extensions\redhat.java-1.53.0-win32-x64\server\plugins\org.eclipse.equinox.launcher_1.7.100.v20251111-0406.jar -configuration c:\Users\HARENKANTO\AppData\Roaming\Code\User\globalStorage\redhat.java\1.53.0\config_win -data c:\Users\HARENKANTO\AppData\Roaming\Code\User\workspaceStorage\b0bea17b941859ce0ac68aeeb93758a7\redhat.java\jdt_ws --pipe=\\.\pipe\lsp-dba489f54fcfddfc12c96ac7c23b076b-sock

Host: 12th Gen Intel(R) Core(TM) i5-12450H, 12 cores, 15G,  Windows 11 , 64 bit Build 26100 (10.0.26100.7019)
Time: Thu Mar 19 04:58:02 2026 elapsed time: 39.668403 seconds (0d 0h 0m 39s)

---------------  T H R E A D  ---------------

Current thread (0x000001d2de140b00):  JavaThread "C2 CompilerThread0" daemon [_thread_in_native, id=19496, stack(0x0000006ce8000000,0x0000006ce8100000) (1024K)]


Current CompileTask:
C2:39668 9631 % !   4       org.eclipse.jdt.internal.compiler.classfmt.ClassFileReader::<init> @ 81 (1968 bytes)

Stack: [0x0000006ce8000000,0x0000006ce8100000]
Native frames: (J=compiled Java code, j=interpreted, Vv=VM code, C=native code)
V  [jvm.dll+0x6d7a39]
V  [jvm.dll+0x8b4b26]
V  [jvm.dll+0x8b70de]
V  [jvm.dll+0x8b77c3]
V  [jvm.dll+0x284346]
V  [jvm.dll+0xc66ed]
V  [jvm.dll+0xc6c31]
V  [jvm.dll+0x3bec3b]
V  [jvm.dll+0x1e3bc4]
V  [jvm.dll+0x24c6b3]
V  [jvm.dll+0x24bb40]
V  [jvm.dll+0x1cb34e]
V  [jvm.dll+0x25b85d]
V  [jvm.dll+0x259dea]
V  [jvm.dll+0x3f857e]
V  [jvm.dll+0x85f59d]
V  [jvm.dll+0x6d626d]
C  [ucrtbase.dll+0x37b0]
C  [KERNEL32.DLL+0x2e8d7]
C  [ntdll.dll+0x8c53c]


---------------  P R O C E S S  ---------------

Threads class SMR info:
_java_thread_list=0x000001d2c1ef0170, length=64, elements={
0x000001d2de094bb0, 0x000001d2de03c770, 0x000001d2de03e7f0, 0x000001d2de138090,
0x000001d2de13afa0, 0x000001d2de13cff0, 0x000001d2de13dcb0, 0x000001d2de140b00,
0x000001d2f5dc8170, 0x000001d2f5fc96a0, 0x000001d2f6131f40, 0x000001d2fb8e95b0,
0x000001d2fba76380, 0x000001d2fb887020, 0x000001d2f61687a0, 0x000001d2fb2daef0,
0x000001d2fb8d15c0, 0x000001d2fbac23c0, 0x000001d2fc03e6f0, 0x000001d2fc2b37d0,
0x000001d2fc1af690, 0x000001d2fc393800, 0x000001d2fc394bb0, 0x000001d2fc49bc80,
0x000001d2fc393e90, 0x000001d2fc391dc0, 0x000001d2fc392450, 0x000001d2fc392ae0,
0x000001d2fc393170, 0x000001d2fc394520, 0x000001d2fc391730, 0x000001d2fd037250,
0x000001d2fd034af0, 0x000001d2fd035ea0, 0x000001d2fd0378e0, 0x000001d2fd038600,
0x000001d2fd037f70, 0x000001d2fd035810, 0x000001d2fd036530, 0x000001d2fd035180,
0x000001d2fd0399b0, 0x000001d2fd038c90, 0x000001d2fd039320, 0x000001d2fd036bc0,
0x000001d2fd03a6d0, 0x000001d2fd03ba80, 0x000001d2fd03c110, 0x000001d2ff985390,
0x000001d2ff988810, 0x000001d2ff987af0, 0x000001d2ff987460, 0x000001d2ff988ea0,
0x000001d2ff986740, 0x000001d2ff988180, 0x000001d2ff9860b0, 0x000001d2ff98c9b0,
0x000001d2ff989bc0, 0x000001d2ff98a250, 0x000001d2ff98a8e0, 0x000001d2ff98af70,
0x000001d2ff98b600, 0x000001d2ff98bc90, 0x000001d2ff98c320, 0x000001d2fe6018c0
}

Java Threads: ( => current thread )
  0x000001d2de094bb0 JavaThread "main"                              [_thread_blocked, id=6572, stack(0x0000006ce7600000,0x0000006ce7700000) (1024K)]
  0x000001d2de03c770 JavaThread "Reference Handler"          daemon [_thread_blocked, id=19012, stack(0x0000006ce7a00000,0x0000006ce7b00000) (1024K)]
  0x000001d2de03e7f0 JavaThread "Finalizer"                  daemon [_thread_blocked, id=15976, stack(0x0000006ce7b00000,0x0000006ce7c00000) (1024K)]
  0x000001d2de138090 JavaThread "Signal Dispatcher"          daemon [_thread_blocked, id=12764, stack(0x0000006ce7c00000,0x0000006ce7d00000) (1024K)]
  0x000001d2de13afa0 JavaThread "Attach Listener"            daemon [_thread_blocked, id=18344, stack(0x0000006ce7d00000,0x0000006ce7e00000) (1024K)]
  0x000001d2de13cff0 JavaThread "Service Thread"             daemon [_thread_blocked, id=15268, stack(0x0000006ce7e00000,0x0000006ce7f00000) (1024K)]
  0x000001d2de13dcb0 JavaThread "Monitor Deflation Thread"   daemon [_thread_blocked, id=15792, stack(0x0000006ce7f00000,0x0000006ce8000000) (1024K)]
=>0x000001d2de140b00 JavaThread "C2 CompilerThread0"         daemon [_thread_in_native, id=19496, stack(0x0000006ce8000000,0x0000006ce8100000) (1024K)]
  0x000001d2f5dc8170 JavaThread "C1 CompilerThread0"         daemon [_thread_in_native, id=12748, stack(0x0000006ce8100000,0x0000006ce8200000) (1024K)]
  0x000001d2f5fc96a0 JavaThread "Common-Cleaner"             daemon [_thread_blocked, id=17004, stack(0x0000006ce8200000,0x0000006ce8300000) (1024K)]
  0x000001d2f6131f40 JavaThread "Notification Thread"        daemon [_thread_blocked, id=11976, stack(0x0000006ce8400000,0x0000006ce8500000) (1024K)]
  0x000001d2fb8e95b0 JavaThread "Active Thread: Equinox Container: 5e9ce37e-0813-4e4d-b05a-0bed73d5991e"        [_thread_blocked, id=14056, stack(0x0000006ce8c00000,0x0000006ce8d00000) (1024K)]
  0x000001d2fba76380 JavaThread "Refresh Thread: Equinox Container: 5e9ce37e-0813-4e4d-b05a-0bed73d5991e" daemon [_thread_blocked, id=16252, stack(0x0000006ce8500000,0x0000006ce8600000) (1024K)]
  0x000001d2fb887020 JavaThread "Framework Event Dispatcher: Equinox Container: 5e9ce37e-0813-4e4d-b05a-0bed73d5991e" daemon [_thread_blocked, id=16976, stack(0x0000006ce8d00000,0x0000006ce8e00000) (1024K)]
  0x000001d2f61687a0 JavaThread "Start Level: Equinox Container: 5e9ce37e-0813-4e4d-b05a-0bed73d5991e" daemon [_thread_blocked, id=12104, stack(0x0000006ce8e00000,0x0000006ce8f00000) (1024K)]
  0x000001d2fb2daef0 JavaThread "Bundle File Closer"         daemon [_thread_blocked, id=11568, stack(0x0000006ce9200000,0x0000006ce9300000) (1024K)]
  0x000001d2fb8d15c0 JavaThread "SCR Component Actor"        daemon [_thread_blocked, id=22428, stack(0x0000006ce9300000,0x0000006ce9400000) (1024K)]
  0x000001d2fbac23c0 JavaThread "C2 CompilerThread1"         daemon [_thread_in_native, id=10620, stack(0x0000006ce9400000,0x0000006ce9500000) (1024K)]
  0x000001d2fc03e6f0 JavaThread "Worker-JM"                         [_thread_blocked, id=13052, stack(0x0000006ce9600000,0x0000006ce9700000) (1024K)]
  0x000001d2fc2b37d0 JavaThread "JNA Cleaner"                daemon [_thread_blocked, id=16640, stack(0x0000006ce9500000,0x0000006ce9600000) (1024K)]
  0x000001d2fc1af690 JavaThread "Worker-0: Update invisible project classpath"        [_thread_blocked, id=6716, stack(0x0000006ce9700000,0x0000006ce9800000) (1024K)]
  0x000001d2fc393800 JavaThread "Worker-1: Update invisible project classpath"        [_thread_blocked, id=9968, stack(0x0000006ce9800000,0x0000006ce9900000) (1024K)]
  0x000001d2fc394bb0 JavaThread "Java indexing"              daemon [_thread_blocked, id=1352, stack(0x0000006ce9900000,0x0000006ce9a00000) (1024K)]
  0x000001d2fc49bc80 JavaThread "C2 CompilerThread2"         daemon [_thread_in_native, id=18356, stack(0x0000006ce9a00000,0x0000006ce9b00000) (1024K)]
  0x000001d2fc393e90 JavaThread "Worker-2: Initialize workspace"        [_thread_blocked, id=22076, stack(0x0000006ce9c00000,0x0000006ce9d00000) (1024K)]
  0x000001d2fc391dc0 JavaThread "Worker-3: Update invisible project classpath"        [_thread_blocked, id=22736, stack(0x0000006ce9d00000,0x0000006ce9e00000) (1024K)]
  0x000001d2fc392450 JavaThread "Thread-1"                   daemon [_thread_in_native, id=16956, stack(0x0000006ce9e00000,0x0000006ce9f00000) (1024K)]
  0x000001d2fc392ae0 JavaThread "Thread-2"                   daemon [_thread_in_native, id=22968, stack(0x0000006ce9f00000,0x0000006cea000000) (1024K)]
  0x000001d2fc393170 JavaThread "Thread-3"                   daemon [_thread_in_native, id=22984, stack(0x0000006cea000000,0x0000006cea100000) (1024K)]
  0x000001d2fc394520 JavaThread "Thread-4"                   daemon [_thread_in_native, id=19820, stack(0x0000006cea100000,0x0000006cea200000) (1024K)]
  0x000001d2fc391730 JavaThread "Thread-5"                   daemon [_thread_in_native, id=23608, stack(0x0000006cea200000,0x0000006cea300000) (1024K)]
  0x000001d2fd037250 JavaThread "Thread-6"                   daemon [_thread_in_native, id=1332, stack(0x0000006cea300000,0x0000006cea400000) (1024K)]
  0x000001d2fd034af0 JavaThread "Thread-7"                   daemon [_thread_in_native, id=9752, stack(0x0000006cea400000,0x0000006cea500000) (1024K)]
  0x000001d2fd035ea0 JavaThread "Thread-8"                   daemon [_thread_in_native, id=2784, stack(0x0000006cea500000,0x0000006cea600000) (1024K)]
  0x000001d2fd0378e0 JavaThread "Thread-9"                   daemon [_thread_in_native, id=24324, stack(0x0000006cea600000,0x0000006cea700000) (1024K)]
  0x000001d2fd038600 JavaThread "Thread-10"                  daemon [_thread_in_native, id=18408, stack(0x0000006cea700000,0x0000006cea800000) (1024K)]
  0x000001d2fd037f70 JavaThread "Thread-11"                  daemon [_thread_in_native, id=12776, stack(0x0000006cea800000,0x0000006cea900000) (1024K)]
  0x000001d2fd035810 JavaThread "Thread-12"                  daemon [_thread_in_native, id=7284, stack(0x0000006cea900000,0x0000006ceaa00000) (1024K)]
  0x000001d2fd036530 JavaThread "Thread-13"                  daemon [_thread_in_native, id=23260, stack(0x0000006ceaa00000,0x0000006ceab00000) (1024K)]
  0x000001d2fd035180 JavaThread "pool-2-thread-1"                   [_thread_blocked, id=22688, stack(0x0000006ceab00000,0x0000006ceac00000) (1024K)]
  0x000001d2fd0399b0 JavaThread "WorkspaceEventsHandler"            [_thread_blocked, id=23976, stack(0x0000006ceac00000,0x0000006cead00000) (1024K)]
  0x000001d2fd038c90 JavaThread "pool-1-thread-1"                   [_thread_blocked, id=6508, stack(0x0000006cead00000,0x0000006ceae00000) (1024K)]
  0x000001d2fd039320 JavaThread "Worker-4: Update invisible project classpath"        [_thread_in_Java, id=23760, stack(0x0000006ceae00000,0x0000006ceaf00000) (1024K)]
  0x000001d2fd036bc0 JavaThread "ForkJoinPool.commonPool-worker-1" daemon [_thread_blocked, id=11884, stack(0x0000006ceaf00000,0x0000006ceb000000) (1024K)]
  0x000001d2fd03a6d0 JavaThread "ForkJoinPool.commonPool-worker-2" daemon [_thread_blocked, id=11020, stack(0x0000006ceb000000,0x0000006ceb100000) (1024K)]
  0x000001d2fd03ba80 JavaThread "Compiler Source File Reader" daemon [_thread_blocked, id=4020, stack(0x0000006ceb100000,0x0000006ceb200000) (1024K)]
  0x000001d2fd03c110 JavaThread "Compiler Processing Task"   daemon [_thread_blocked, id=23708, stack(0x0000006ceb200000,0x0000006ceb300000) (1024K)]
  0x000001d2ff985390 JavaThread "Worker-5: Update invisible project classpath"        [_thread_blocked, id=9824, stack(0x0000006ceb300000,0x0000006ceb400000) (1024K)]
  0x000001d2ff988810 JavaThread "Compiler Source File Reader" daemon [_thread_blocked, id=20360, stack(0x0000006ceb400000,0x0000006ceb500000) (1024K)]
  0x000001d2ff987af0 JavaThread "Compiler Source File Reader" daemon [_thread_blocked, id=16260, stack(0x0000006ceb500000,0x0000006ceb600000) (1024K)]
  0x000001d2ff987460 JavaThread "Compiler Source File Reader" daemon [_thread_blocked, id=18840, stack(0x0000006ceb600000,0x0000006ceb700000) (1024K)]
  0x000001d2ff988ea0 JavaThread "Worker-6: Refreshing workspace"        [_thread_blocked, id=13616, stack(0x0000006ceb700000,0x0000006ceb800000) (1024K)]
  0x000001d2ff986740 JavaThread "Worker-7: Update invisible project classpath"        [_thread_blocked, id=15788, stack(0x0000006ceb800000,0x0000006ceb900000) (1024K)]
  0x000001d2ff988180 JavaThread "Worker-8"                          [_thread_blocked, id=22272, stack(0x0000006ceb900000,0x0000006ceba00000) (1024K)]
  0x000001d2ff9860b0 JavaThread "ForkJoinPool.commonPool-worker-3" daemon [_thread_blocked, id=19332, stack(0x0000006ceba00000,0x0000006cebb00000) (1024K)]
  0x000001d2ff98c9b0 JavaThread "ForkJoinPool.commonPool-worker-4" daemon [_thread_blocked, id=19152, stack(0x0000006cebb00000,0x0000006cebc00000) (1024K)]
  0x000001d2ff989bc0 JavaThread "ForkJoinPool.commonPool-worker-5" daemon [_thread_in_Java, id=21148, stack(0x0000006cebc00000,0x0000006cebd00000) (1024K)]
  0x000001d2ff98a250 JavaThread "ForkJoinPool.commonPool-worker-6" daemon [_thread_in_Java, id=8540, stack(0x0000006cebd00000,0x0000006cebe00000) (1024K)]
  0x000001d2ff98a8e0 JavaThread "ForkJoinPool.commonPool-worker-7" daemon [_thread_blocked, id=6568, stack(0x0000006cebe00000,0x0000006cebf00000) (1024K)]
  0x000001d2ff98af70 JavaThread "ForkJoinPool.commonPool-worker-8" daemon [_thread_in_vm, id=20388, stack(0x0000006cebf00000,0x0000006cec000000) (1024K)]
  0x000001d2ff98b600 JavaThread "ForkJoinPool.commonPool-worker-9" daemon [_thread_blocked, id=16232, stack(0x0000006cec000000,0x0000006cec100000) (1024K)]
  0x000001d2ff98bc90 JavaThread "ForkJoinPool.commonPool-worker-10" daemon [_thread_in_Java, id=14280, stack(0x0000006cec100000,0x0000006cec200000) (1024K)]
  0x000001d2ff98c320 JavaThread "ForkJoinPool.commonPool-worker-11" daemon [_thread_in_vm, id=14580, stack(0x0000006cec200000,0x0000006cec300000) (1024K)]
  0x000001d2fe6018c0 JavaThread "Thread-14"                  daemon [_thread_in_native, id=11100, stack(0x0000006cec300000,0x0000006cec400000) (1024K)]
Total: 64

Other Threads:
  0x000001d2de024050 VMThread "VM Thread"                           [id=18912, stack(0x0000006ce7900000,0x0000006ce7a00000) (1024K)]
  0x000001d2ddf1ba00 WatcherThread "VM Periodic Task Thread"        [id=6992, stack(0x0000006ce7800000,0x0000006ce7900000) (1024K)]
  0x000001d2de0b3490 WorkerThread "GC Thread#0"                     [id=17016, stack(0x0000006ce7700000,0x0000006ce7800000) (1024K)]
  0x000001d2f60161c0 WorkerThread "GC Thread#1"                     [id=22952, stack(0x0000006ce8600000,0x0000006ce8700000) (1024K)]
  0x000001d2f6014f50 WorkerThread "GC Thread#2"                     [id=6348, stack(0x0000006ce8700000,0x0000006ce8800000) (1024K)]
  0x000001d2f60156b0 WorkerThread "GC Thread#3"                     [id=10636, stack(0x0000006ce8800000,0x0000006ce8900000) (1024K)]
  0x000001d2f6015300 WorkerThread "GC Thread#4"                     [id=13960, stack(0x0000006ce8900000,0x0000006ce8a00000) (1024K)]
  0x000001d2f6016570 WorkerThread "GC Thread#5"                     [id=9172, stack(0x0000006ce8a00000,0x0000006ce8b00000) (1024K)]
  0x000001d2f6016920 WorkerThread "GC Thread#6"                     [id=24500, stack(0x0000006ce8b00000,0x0000006ce8c00000) (1024K)]
  0x000001d2fb8a8a70 WorkerThread "GC Thread#7"                     [id=12532, stack(0x0000006ce8300000,0x0000006ce8400000) (1024K)]
  0x000001d2fb8aa090 WorkerThread "GC Thread#8"                     [id=21620, stack(0x0000006ce9000000,0x0000006ce9100000) (1024K)]
  0x000001d2fb8a70a0 WorkerThread "GC Thread#9"                     [id=13608, stack(0x0000006ce9100000,0x0000006ce9200000) (1024K)]
Total: 12

Threads with active compile tasks:
C2 CompilerThread0  39687 9631 % !   4       org.eclipse.jdt.internal.compiler.classfmt.ClassFileReader::<init> @ 81 (1968 bytes)
C1 CompilerThread0  39687 9980       3       org.eclipse.jdt.internal.core.JavaProject$$Lambda/0x000001d281584000::apply (8 bytes)
C2 CompilerThread1  39687 9970       4       org.eclipse.jdt.internal.compiler.lookup.LookupEnvironment::getTypeFromSignature (376 bytes)
C2 CompilerThread2  39687 9251       4       org.eclipse.jdt.internal.compiler.lookup.LookupEnvironment::getTypeFromTypeSignature (770 bytes)
Total: 4

VM state: not at safepoint (normal execution)

VM Mutex/Monitor currently owned by a thread:  ([mutex/lock_event])
[0x00007ffc6f24d060] MethodCompileQueue_lock - owner thread: 0x0000000000000000
[0x00007ffc6f24ebe0] SystemDictionary_lock - owner thread: 0x000001d2ff98c320

Heap address: 0x0000000080000000, size: 2048 MB, Compressed Oops mode: 32-bit

CDS archive(s) mapped at: [0x000001d280000000-0x000001d280ba0000-0x000001d280ba0000), size 12189696, SharedBaseAddress: 0x000001d280000000, ArchiveRelocationMode: 1.
Compressed class space mapped at: 0x000001d281000000-0x000001d2c1000000, reserved size: 1073741824
Narrow klass base: 0x000001d280000000, Narrow klass shift: 0, Narrow klass range: 0x100000000

GC Precious Log:
 CardTable entry size: 512
 CPUs: 12 total, 12 available
 Memory: 16085M
 Large Page Support: Disabled
 NUMA Support: Disabled
 Compressed Oops: Enabled (32-bit)
 Alignments: Space 512K, Generation 512K, Heap 2M
 Heap Min Capacity: 100M
 Heap Initial Capacity: 100M
 Heap Max Capacity: 2G
 Pre-touch: Disabled
 Parallel Workers: 10

Heap:
 PSYoungGen      total 22016K, used 19847K [0x00000000d5580000, 0x00000000d6e80000, 0x0000000100000000)
  eden space 19456K, 90% used [0x00000000d5580000,0x00000000d66ab348,0x00000000d6880000)
  from space 2560K, 88% used [0x00000000d6880000,0x00000000d6ab6c60,0x00000000d6b00000)
  to   space 3072K, 0% used [0x00000000d6b80000,0x00000000d6b80000,0x00000000d6e80000)
 ParOldGen       total 68608K, used 49846K [0x0000000080000000, 0x0000000084300000, 0x00000000d5580000)
  object space 68608K, 72% used [0x0000000080000000,0x00000000830ad928,0x0000000084300000)
 Metaspace       used 62395K, committed 63744K, reserved 1114112K
  class space    used 6549K, committed 7168K, reserved 1048576K

Card table byte_map: [0x000001d2dda30000,0x000001d2dde40000] _byte_map_base: 0x000001d2dd630000

Marking Bits: (ParMarkBitMap*) 0x00007ffc6f253450
 Begin Bits: [0x000001d2f0540000, 0x000001d2f2540000)
 End Bits:   [0x000001d2f2540000, 0x000001d2f4540000)

Polling page: 0x000001d2dbe90000

Metaspace:

Usage:
  Non-class:     54.54 MB used.
      Class:      6.40 MB used.
       Both:     60.93 MB used.

Virtual space:
  Non-class space:       64.00 MB reserved,      55.25 MB ( 86%) committed,  1 nodes.
      Class space:        1.00 GB reserved,       7.00 MB ( <1%) committed,  1 nodes.
             Both:        1.06 GB reserved,      62.25 MB (  6%) committed. 

Chunk freelists:
   Non-Class:  8.32 MB
       Class:  8.85 MB
        Both:  17.17 MB

MaxMetaspaceSize: unlimited
CompressedClassSpaceSize: 1.00 GB
Initial GC threshold: 21.00 MB
Current GC threshold: 97.31 MB
CDS: on
 - commit_granule_bytes: 65536.
 - commit_granule_words: 8192.
 - virtual_space_node_default_size: 8388608.
 - enlarge_chunks_in_place: 1.
 - use_allocation_guard: 0.


Internal statistics:

num_allocs_failed_limit: 9.
num_arena_births: 1068.
num_arena_deaths: 14.
num_vsnodes_births: 2.
num_vsnodes_deaths: 0.
num_space_committed: 996.
num_space_uncommitted: 0.
num_chunks_returned_to_freelist: 23.
num_chunks_taken_from_freelist: 3901.
num_chunk_merges: 15.
num_chunk_splits: 2458.
num_chunks_enlarged: 1478.
num_inconsistent_stats: 0.

CodeHeap 'non-profiled nmethods': size=120000Kb used=6183Kb max_used=6183Kb free=113817Kb
 bounds [0x000001d2e8d60000, 0x000001d2e9370000, 0x000001d2f0290000]
CodeHeap 'profiled nmethods': size=120000Kb used=20816Kb max_used=20816Kb free=99183Kb
 bounds [0x000001d2e1290000, 0x000001d2e26f0000, 0x000001d2e87c0000]
CodeHeap 'non-nmethods': size=5760Kb used=1434Kb max_used=1495Kb free=4325Kb
 bounds [0x000001d2e87c0000, 0x000001d2e8a30000, 0x000001d2e8d60000]
CodeCache: size=245760Kb, used=28433Kb, max_used=28494Kb, free=217325Kb
 total_blobs=9906, nmethods=9156, adapters=655, full_count=0
Compilation: enabled, stopped_count=0, restarted_count=0

Compilation events (20 events):
Event: 39.653 Thread 0x000001d2f5dc8170 nmethod 9932 0x000001d2e9366510 code [0x000001d2e93666a0, 0x000001d2e9366768]
Event: 39.653 Thread 0x000001d2f5dc8170 9935       1       org.eclipse.jdt.core.dom.Block::getNodeType0 (3 bytes)
Event: 39.653 Thread 0x000001d2f5dc8170 nmethod 9935 0x000001d2e9366810 code [0x000001d2e93669a0, 0x000001d2e9366a68]
Event: 39.653 Thread 0x000001d2f5dc8170 9925       1       org.eclipse.jdt.internal.core.JavaModelManager$PerWorkingCopyInfo::getWorkingCopy (5 bytes)
Event: 39.653 Thread 0x000001d2f5dc8170 nmethod 9925 0x000001d2e9366b10 code [0x000001d2e9366ca0, 0x000001d2e9366d68]
Event: 39.653 Thread 0x000001d2f5dc8170 9936       2       java.util.Spliterators$ArraySpliterator::tryAdvance (58 bytes)
Event: 39.653 Thread 0x000001d2f5dc8170 nmethod 9936 0x000001d2e26b6290 code [0x000001d2e26b6460, 0x000001d2e26b66e0]
Event: 39.653 Thread 0x000001d2f5dc8170 9940   !   2       org.eclipse.jdt.ls.core.internal.handlers.FoldingRangeHandler::getNextToken (22 bytes)
Event: 39.653 Thread 0x000001d2f5dc8170 nmethod 9940 0x000001d2e26b6810 code [0x000001d2e26b69e0, 0x000001d2e26b6c58]
Event: 39.653 Thread 0x000001d2f5dc8170 9938       2       org.eclipse.jdt.internal.compiler.parser.Scanner::getLineNumber (14 bytes)
Event: 39.654 Thread 0x000001d2f5dc8170 nmethod 9938 0x000001d2e26b6e90 code [0x000001d2e26b7040, 0x000001d2e26b7178]
Event: 39.654 Thread 0x000001d2f5dc8170 9942       2       org.eclipse.jdt.internal.core.util.PublicScanner::translateTokenToTerminalSymbol (1470 bytes)
Event: 39.655 Thread 0x000001d2f5dc8170 nmethod 9942 0x000001d2e26b7210 code [0x000001d2e26b7460, 0x000001d2e26b8270]
Event: 39.655 Thread 0x000001d2f5dc8170 9949   !   3       org.eclipse.jdt.internal.compiler.parser.Scanner::getNextToken0 (3068 bytes)
Event: 39.661 Thread 0x000001d2fbac23c0 nmethod 9931 0x000001d2e9366e10 code [0x000001d2e9367000, 0x000001d2e9367620]
Event: 39.661 Thread 0x000001d2fbac23c0 9944       4       org.eclipse.jdt.internal.compiler.util.Util::getLineNumber (89 bytes)
Event: 39.662 Thread 0x000001d2fbac23c0 nmethod 9944 0x000001d2e9367a10 code [0x000001d2e9367ba0, 0x000001d2e9367cf0]
Event: 39.662 Thread 0x000001d2fbac23c0 9956       4       java.lang.Thread::onSpinWait (1 bytes)
Event: 39.664 Thread 0x000001d2fbac23c0 nmethod 9956 0x000001d2e9367e10 code [0x000001d2e9367f80, 0x000001d2e9367fe8]
Event: 39.665 Thread 0x000001d2fbac23c0 9765       4       org.eclipse.jdt.internal.compiler.ast.ASTNode::<init> (11 bytes)

GC Heap History (20 events):
Event: 37.589 GC heap before
{Heap before GC invocations=31 (full 2):
 PSYoungGen      total 23040K, used 22518K [0x00000000d5580000, 0x00000000d6e00000, 0x0000000100000000)
  eden space 22016K, 100% used [0x00000000d5580000,0x00000000d6b00000,0x00000000d6b00000)
  from space 1024K, 49% used [0x00000000d6d00000,0x00000000d6d7da20,0x00000000d6e00000)
  to   space 1536K, 0% used [0x00000000d6b00000,0x00000000d6b00000,0x00000000d6c80000)
 ParOldGen       total 68608K, used 40651K [0x0000000080000000, 0x0000000084300000, 0x00000000d5580000)
  object space 68608K, 59% used [0x0000000080000000,0x00000000827b2ee8,0x0000000084300000)
 Metaspace       used 52011K, committed 53312K, reserved 1114112K
  class space    used 5657K, committed 6272K, reserved 1048576K
}
Event: 37.590 GC heap after
{Heap after GC invocations=31 (full 2):
 PSYoungGen      total 23552K, used 416K [0x00000000d5580000, 0x00000000d6d80000, 0x0000000100000000)
  eden space 22016K, 0% used [0x00000000d5580000,0x00000000d5580000,0x00000000d6b00000)
  from space 1536K, 27% used [0x00000000d6b00000,0x00000000d6b68010,0x00000000d6c80000)
  to   space 1024K, 0% used [0x00000000d6c80000,0x00000000d6c80000,0x00000000d6d80000)
 ParOldGen       total 68608K, used 40659K [0x0000000080000000, 0x0000000084300000, 0x00000000d5580000)
  object space 68608K, 59% used [0x0000000080000000,0x00000000827b4ee8,0x0000000084300000)
 Metaspace       used 52011K, committed 53312K, reserved 1114112K
  class space    used 5657K, committed 6272K, reserved 1048576K
}
Event: 37.823 GC heap before
{Heap before GC invocations=32 (full 2):
 PSYoungGen      total 23552K, used 22432K [0x00000000d5580000, 0x00000000d6d80000, 0x0000000100000000)
  eden space 22016K, 100% used [0x00000000d5580000,0x00000000d6b00000,0x00000000d6b00000)
  from space 1536K, 27% used [0x00000000d6b00000,0x00000000d6b68010,0x00000000d6c80000)
  to   space 1024K, 0% used [0x00000000d6c80000,0x00000000d6c80000,0x00000000d6d80000)
 ParOldGen       total 68608K, used 40659K [0x0000000080000000, 0x0000000084300000, 0x00000000d5580000)
  object space 68608K, 59% used [0x0000000080000000,0x00000000827b4ee8,0x0000000084300000)
 Metaspace       used 53669K, committed 54976K, reserved 1114112K
  class space    used 5800K, committed 6400K, reserved 1048576K
}
Event: 37.824 GC heap after
{Heap after GC invocations=32 (full 2):
 PSYoungGen      total 23040K, used 768K [0x00000000d5580000, 0x00000000d6d80000, 0x0000000100000000)
  eden space 22016K, 0% used [0x00000000d5580000,0x00000000d5580000,0x00000000d6b00000)
  from space 1024K, 75% used [0x00000000d6c80000,0x00000000d6d40000,0x00000000d6d80000)
  to   space 1024K, 0% used [0x00000000d6b80000,0x00000000d6b80000,0x00000000d6c80000)
 ParOldGen       total 68608K, used 40843K [0x0000000080000000, 0x0000000084300000, 0x00000000d5580000)
  object space 68608K, 59% used [0x0000000080000000,0x00000000827e2ee8,0x0000000084300000)
 Metaspace       used 53669K, committed 54976K, reserved 1114112K
  class space    used 5800K, committed 6400K, reserved 1048576K
}
Event: 38.149 GC heap before
{Heap before GC invocations=33 (full 2):
 PSYoungGen      total 23040K, used 22780K [0x00000000d5580000, 0x00000000d6d80000, 0x0000000100000000)
  eden space 22016K, 99% used [0x00000000d5580000,0x00000000d6aff1c8,0x00000000d6b00000)
  from space 1024K, 75% used [0x00000000d6c80000,0x00000000d6d40000,0x00000000d6d80000)
  to   space 1024K, 0% used [0x00000000d6b80000,0x00000000d6b80000,0x00000000d6c80000)
 ParOldGen       total 68608K, used 40843K [0x0000000080000000, 0x0000000084300000, 0x00000000d5580000)
  object space 68608K, 59% used [0x0000000080000000,0x00000000827e2ee8,0x0000000084300000)
 Metaspace       used 56219K, committed 57408K, reserved 1114112K
  class space    used 6069K, committed 6592K, reserved 1048576K
}
Event: 38.151 GC heap after
{Heap after GC invocations=33 (full 2):
 PSYoungGen      total 23040K, used 1002K [0x00000000d5580000, 0x00000000d7100000, 0x0000000100000000)
  eden space 22016K, 0% used [0x00000000d5580000,0x00000000d5580000,0x00000000d6b00000)
  from space 1024K, 97% used [0x00000000d6b80000,0x00000000d6c7a9a8,0x00000000d6c80000)
  to   space 3072K, 0% used [0x00000000d6e00000,0x00000000d6e00000,0x00000000d7100000)
 ParOldGen       total 68608K, used 42387K [0x0000000080000000, 0x0000000084300000, 0x00000000d5580000)
  object space 68608K, 61% used [0x0000000080000000,0x0000000082964e10,0x0000000084300000)
 Metaspace       used 56219K, committed 57408K, reserved 1114112K
  class space    used 6069K, committed 6592K, reserved 1048576K
}
Event: 38.614 GC heap before
{Heap before GC invocations=34 (full 2):
 PSYoungGen      total 23040K, used 23018K [0x00000000d5580000, 0x00000000d7100000, 0x0000000100000000)
  eden space 22016K, 100% used [0x00000000d5580000,0x00000000d6b00000,0x00000000d6b00000)
  from space 1024K, 97% used [0x00000000d6b80000,0x00000000d6c7a9a8,0x00000000d6c80000)
  to   space 3072K, 0% used [0x00000000d6e00000,0x00000000d6e00000,0x00000000d7100000)
 ParOldGen       total 68608K, used 42387K [0x0000000080000000, 0x0000000084300000, 0x00000000d5580000)
  object space 68608K, 61% used [0x0000000080000000,0x0000000082964e10,0x0000000084300000)
 Metaspace       used 57636K, committed 58944K, reserved 1114112K
  class space    used 6196K, committed 6784K, reserved 1048576K
}
Event: 38.617 GC heap after
{Heap after GC invocations=34 (full 2):
 PSYoungGen      total 22528K, used 3056K [0x00000000d5580000, 0x00000000d7600000, 0x0000000100000000)
  eden space 19456K, 0% used [0x00000000d5580000,0x00000000d5580000,0x00000000d6880000)
  from space 3072K, 99% used [0x00000000d6e00000,0x00000000d70fc228,0x00000000d7100000)
  to   space 5632K, 0% used [0x00000000d6880000,0x00000000d6880000,0x00000000d6e00000)
 ParOldGen       total 68608K, used 44267K [0x0000000080000000, 0x0000000084300000, 0x00000000d5580000)
  object space 68608K, 64% used [0x0000000080000000,0x0000000082b3ad00,0x0000000084300000)
 Metaspace       used 57636K, committed 58944K, reserved 1114112K
  class space    used 6196K, committed 6784K, reserved 1048576K
}
Event: 38.770 GC heap before
{Heap before GC invocations=35 (full 2):
 PSYoungGen      total 22528K, used 15057K [0x00000000d5580000, 0x00000000d7600000, 0x0000000100000000)
  eden space 19456K, 61% used [0x00000000d5580000,0x00000000d61383d0,0x00000000d6880000)
  from space 3072K, 99% used [0x00000000d6e00000,0x00000000d70fc228,0x00000000d7100000)
  to   space 5632K, 0% used [0x00000000d6880000,0x00000000d6880000,0x00000000d6e00000)
 ParOldGen       total 68608K, used 44267K [0x0000000080000000, 0x0000000084300000, 0x00000000d5580000)
  object space 68608K, 64% used [0x0000000080000000,0x0000000082b3ad00,0x0000000084300000)
 Metaspace       used 58508K, committed 59776K, reserved 1114112K
  class space    used 6259K, committed 6848K, reserved 1048576K
}
Event: 38.772 GC heap after
{Heap after GC invocations=35 (full 2):
 PSYoungGen      total 25088K, used 2796K [0x00000000d5580000, 0x00000000d7200000, 0x0000000100000000)
  eden space 19456K, 0% used [0x00000000d5580000,0x00000000d5580000,0x00000000d6880000)
  from space 5632K, 49% used [0x00000000d6880000,0x00000000d6b3b320,0x00000000d6e00000)
  to   space 3584K, 0% used [0x00000000d6e80000,0x00000000d6e80000,0x00000000d7200000)
 ParOldGen       total 68608K, used 47333K [0x0000000080000000, 0x0000000084300000, 0x00000000d5580000)
  object space 68608K, 68% used [0x0000000080000000,0x0000000082e39630,0x0000000084300000)
 Metaspace       used 58508K, committed 59776K, reserved 1114112K
  class space    used 6259K, committed 6848K, reserved 1048576K
}
Event: 38.772 GC heap before
{Heap before GC invocations=36 (full 3):
 PSYoungGen      total 25088K, used 2796K [0x00000000d5580000, 0x00000000d7200000, 0x0000000100000000)
  eden space 19456K, 0% used [0x00000000d5580000,0x00000000d5580000,0x00000000d6880000)
  from space 5632K, 49% used [0x00000000d6880000,0x00000000d6b3b320,0x00000000d6e00000)
  to   space 3584K, 0% used [0x00000000d6e80000,0x00000000d6e80000,0x00000000d7200000)
 ParOldGen       total 68608K, used 47333K [0x0000000080000000, 0x0000000084300000, 0x00000000d5580000)
  object space 68608K, 68% used [0x0000000080000000,0x0000000082e39630,0x0000000084300000)
 Metaspace       used 58508K, committed 59776K, reserved 1114112K
  class space    used 6259K, committed 6848K, reserved 1048576K
}
Event: 38.821 GC heap after
{Heap after GC invocations=36 (full 3):
 PSYoungGen      total 25088K, used 0K [0x00000000d5580000, 0x00000000d7200000, 0x0000000100000000)
  eden space 19456K, 0% used [0x00000000d5580000,0x00000000d5580000,0x00000000d6880000)
  from space 5632K, 0% used [0x00000000d6880000,0x00000000d6880000,0x00000000d6e00000)
  to   space 3584K, 0% used [0x00000000d6e80000,0x00000000d6e80000,0x00000000d7200000)
 ParOldGen       total 68608K, used 43942K [0x0000000080000000, 0x0000000084300000, 0x00000000d5580000)
  object space 68608K, 64% used [0x0000000080000000,0x0000000082ae9a78,0x0000000084300000)
 Metaspace       used 58508K, committed 59776K, reserved 1114112K
  class space    used 6259K, committed 6848K, reserved 1048576K
}
Event: 39.052 GC heap before
{Heap before GC invocations=37 (full 3):
 PSYoungGen      total 25088K, used 19456K [0x00000000d5580000, 0x00000000d7200000, 0x0000000100000000)
  eden space 19456K, 100% used [0x00000000d5580000,0x00000000d6880000,0x00000000d6880000)
  from space 5632K, 0% used [0x00000000d6880000,0x00000000d6880000,0x00000000d6e00000)
  to   space 3584K, 0% used [0x00000000d6e80000,0x00000000d6e80000,0x00000000d7200000)
 ParOldGen       total 68608K, used 43942K [0x0000000080000000, 0x0000000084300000, 0x00000000d5580000)
  object space 68608K, 64% used [0x0000000080000000,0x0000000082ae9a78,0x0000000084300000)
 Metaspace       used 59833K, committed 61184K, reserved 1114112K
  class space    used 6363K, committed 6976K, reserved 1048576K
}
Event: 39.054 GC heap after
{Heap after GC invocations=37 (full 3):
 PSYoungGen      total 23040K, used 3552K [0x00000000d5580000, 0x00000000d7200000, 0x0000000100000000)
  eden space 19456K, 0% used [0x00000000d5580000,0x00000000d5580000,0x00000000d6880000)
  from space 3584K, 99% used [0x00000000d6e80000,0x00000000d71f8068,0x00000000d7200000)
  to   space 4096K, 0% used [0x00000000d6a00000,0x00000000d6a00000,0x00000000d6e00000)
 ParOldGen       total 68608K, used 43990K [0x0000000080000000, 0x0000000084300000, 0x00000000d5580000)
  object space 68608K, 64% used [0x0000000080000000,0x0000000082af5a78,0x0000000084300000)
 Metaspace       used 59833K, committed 61184K, reserved 1114112K
  class space    used 6363K, committed 6976K, reserved 1048576K
}
Event: 39.311 GC heap before
{Heap before GC invocations=38 (full 3):
 PSYoungGen      total 23040K, used 23008K [0x00000000d5580000, 0x00000000d7200000, 0x0000000100000000)
  eden space 19456K, 100% used [0x00000000d5580000,0x00000000d6880000,0x00000000d6880000)
  from space 3584K, 99% used [0x00000000d6e80000,0x00000000d71f8068,0x00000000d7200000)
  to   space 4096K, 0% used [0x00000000d6a00000,0x00000000d6a00000,0x00000000d6e00000)
 ParOldGen       total 68608K, used 43990K [0x0000000080000000, 0x0000000084300000, 0x00000000d5580000)
  object space 68608K, 64% used [0x0000000080000000,0x0000000082af5a78,0x0000000084300000)
 Metaspace       used 60367K, committed 61760K, reserved 1114112K
  class space    used 6389K, committed 7040K, reserved 1048576K
}
Event: 39.314 GC heap after
{Heap after GC invocations=38 (full 3):
 PSYoungGen      total 22528K, used 2690K [0x00000000d5580000, 0x00000000d6f00000, 0x0000000100000000)
  eden space 19456K, 0% used [0x00000000d5580000,0x00000000d5580000,0x00000000d6880000)
  from space 3072K, 87% used [0x00000000d6a00000,0x00000000d6ca09d0,0x00000000d6d00000)
  to   space 2048K, 0% used [0x00000000d6d00000,0x00000000d6d00000,0x00000000d6f00000)
 ParOldGen       total 68608K, used 45851K [0x0000000080000000, 0x0000000084300000, 0x00000000d5580000)
  object space 68608K, 66% used [0x0000000080000000,0x0000000082cc6df0,0x0000000084300000)
 Metaspace       used 60367K, committed 61760K, reserved 1114112K
  class space    used 6389K, committed 7040K, reserved 1048576K
}
Event: 39.501 GC heap before
{Heap before GC invocations=39 (full 3):
 PSYoungGen      total 22528K, used 22146K [0x00000000d5580000, 0x00000000d6f00000, 0x0000000100000000)
  eden space 19456K, 100% used [0x00000000d5580000,0x00000000d6880000,0x00000000d6880000)
  from space 3072K, 87% used [0x00000000d6a00000,0x00000000d6ca09d0,0x00000000d6d00000)
  to   space 2048K, 0% used [0x00000000d6d00000,0x00000000d6d00000,0x00000000d6f00000)
 ParOldGen       total 68608K, used 45851K [0x0000000080000000, 0x0000000084300000, 0x00000000d5580000)
  object space 68608K, 66% used [0x0000000080000000,0x0000000082cc6df0,0x0000000084300000)
 Metaspace       used 60859K, committed 62208K, reserved 1114112K
  class space    used 6418K, committed 7040K, reserved 1048576K
}
Event: 39.503 GC heap after
{Heap after GC invocations=39 (full 3):
 PSYoungGen      total 21504K, used 2028K [0x00000000d5580000, 0x00000000d7180000, 0x0000000100000000)
  eden space 19456K, 0% used [0x00000000d5580000,0x00000000d5580000,0x00000000d6880000)
  from space 2048K, 99% used [0x00000000d6d00000,0x00000000d6efb2b0,0x00000000d6f00000)
  to   space 4608K, 0% used [0x00000000d6880000,0x00000000d6880000,0x00000000d6d00000)
 ParOldGen       total 68608K, used 47943K [0x0000000080000000, 0x0000000084300000, 0x00000000d5580000)
  object space 68608K, 69% used [0x0000000080000000,0x0000000082ed1e20,0x0000000084300000)
 Metaspace       used 60859K, committed 62208K, reserved 1114112K
  class space    used 6418K, committed 7040K, reserved 1048576K
}
Event: 39.615 GC heap before
{Heap before GC invocations=40 (full 3):
 PSYoungGen      total 21504K, used 21459K [0x00000000d5580000, 0x00000000d7180000, 0x0000000100000000)
  eden space 19456K, 99% used [0x00000000d5580000,0x00000000d6879b88,0x00000000d6880000)
  from space 2048K, 99% used [0x00000000d6d00000,0x00000000d6efb2b0,0x00000000d6f00000)
  to   space 4608K, 0% used [0x00000000d6880000,0x00000000d6880000,0x00000000d6d00000)
 ParOldGen       total 68608K, used 47943K [0x0000000080000000, 0x0000000084300000, 0x00000000d5580000)
  object space 68608K, 69% used [0x0000000080000000,0x0000000082ed1e20,0x0000000084300000)
 Metaspace       used 61603K, committed 62976K, reserved 1114112K
  class space    used 6482K, committed 7104K, reserved 1048576K
}
Event: 39.617 GC heap after
{Heap after GC invocations=40 (full 3):
 PSYoungGen      total 22016K, used 2267K [0x00000000d5580000, 0x00000000d6e80000, 0x0000000100000000)
  eden space 19456K, 0% used [0x00000000d5580000,0x00000000d5580000,0x00000000d6880000)
  from space 2560K, 88% used [0x00000000d6880000,0x00000000d6ab6c60,0x00000000d6b00000)
  to   space 3072K, 0% used [0x00000000d6b80000,0x00000000d6b80000,0x00000000d6e80000)
 ParOldGen       total 68608K, used 49846K [0x0000000080000000, 0x0000000084300000, 0x00000000d5580000)
  object space 68608K, 72% used [0x0000000080000000,0x00000000830ad928,0x0000000084300000)
 Metaspace       used 61603K, committed 62976K, reserved 1114112K
  class space    used 6482K, committed 7104K, reserved 1048576K
}

Dll operation events (10 events):
Event: 0.037 Loaded shared library c:\Users\HARENKANTO\.vscode\extensions\redhat.java-1.53.0-win32-x64\jre\21.0.10-win32-x86_64\bin\java.dll
Event: 0.089 Loaded shared library c:\Users\HARENKANTO\.vscode\extensions\redhat.java-1.53.0-win32-x64\jre\21.0.10-win32-x86_64\bin\zip.dll
Event: 0.105 Loaded shared library C:\Users\HARENKANTO\.vscode\extensions\redhat.java-1.53.0-win32-x64\jre\21.0.10-win32-x86_64\bin\instrument.dll
Event: 0.140 Loaded shared library C:\Users\HARENKANTO\.vscode\extensions\redhat.java-1.53.0-win32-x64\jre\21.0.10-win32-x86_64\bin\net.dll
Event: 0.174 Loaded shared library C:\Users\HARENKANTO\.vscode\extensions\redhat.java-1.53.0-win32-x64\jre\21.0.10-win32-x86_64\bin\nio.dll
Event: 0.177 Loaded shared library C:\Users\HARENKANTO\.vscode\extensions\redhat.java-1.53.0-win32-x64\jre\21.0.10-win32-x86_64\bin\zip.dll
Event: 0.195 Loaded shared library C:\Users\HARENKANTO\.vscode\extensions\redhat.java-1.53.0-win32-x64\jre\21.0.10-win32-x86_64\bin\jimage.dll
Event: 0.322 Loaded shared library c:\Users\HARENKANTO\.vscode\extensions\redhat.java-1.53.0-win32-x64\jre\21.0.10-win32-x86_64\bin\verify.dll
Event: 15.484 Loaded shared library C:\Users\HARENKANTO\AppData\Roaming\Code\User\globalStorage\redhat.java\1.53.0\config_win\org.eclipse.equinox.launcher\org.eclipse.equinox.launcher.win32.win32.x86_64_1.3.0.v20260203-2149\eclipse_11919.dll
Event: 34.224 Loaded shared library C:\Users\HARENKANTO\AppData\Local\Temp\jna-1804596881\jna17059798162733444136.dll

Deoptimization events (20 events):
Event: 39.658 Thread 0x000001d2fd03a6d0 Uncommon trap: trap_request=0xffffff45 fr.pc=0x000001d2e906958c relative=0x000000000000038c
Event: 39.658 Thread 0x000001d2fd03a6d0 Uncommon trap: reason=unstable_if action=reinterpret pc=0x000001d2e906958c method=java.lang.CharacterDataLatin1.digit(II)I @ 12 c2
Event: 39.658 Thread 0x000001d2fd03a6d0 DEOPT PACKING pc=0x000001d2e906958c sp=0x0000006ceb0feb50
Event: 39.658 Thread 0x000001d2fd03a6d0 DEOPT UNPACKING pc=0x000001d2e8813aa2 sp=0x0000006ceb0fe970 mode 2
Event: 39.663 Thread 0x000001d2ff98bc90 Uncommon trap: trap_request=0xffffffde fr.pc=0x000001d2e91d374c relative=0x00000000000000ac
Event: 39.663 Thread 0x000001d2ff98bc90 Uncommon trap: reason=class_check action=maybe_recompile pc=0x000001d2e91d374c method=jdk.internal.util.StrongReferenceKey.equals(Ljava/lang/Object;)Z @ 1 c2
Event: 39.663 Thread 0x000001d2ff98bc90 DEOPT PACKING pc=0x000001d2e91d374c sp=0x0000006cec1fd620
Event: 39.663 Thread 0x000001d2ff98bc90 DEOPT UNPACKING pc=0x000001d2e8813aa2 sp=0x0000006cec1fd5a8 mode 2
Event: 39.664 Thread 0x000001d2ff989bc0 DEOPT PACKING pc=0x000001d2e1f3270b sp=0x0000006cebcfde30
Event: 39.664 Thread 0x000001d2ff989bc0 DEOPT UNPACKING pc=0x000001d2e8814242 sp=0x0000006cebcfd318 mode 0
Event: 39.664 Thread 0x000001d2ff98af70 Uncommon trap: trap_request=0xffffff6e fr.pc=0x000001d2e8e9e718 relative=0x0000000000000178
Event: 39.665 Thread 0x000001d2ff98af70 Uncommon trap: reason=loop_limit_check action=maybe_recompile pc=0x000001d2e8e9e718 method=java.lang.StringLatin1.lastIndexOf([BII)I @ 19 c2
Event: 39.665 Thread 0x000001d2ff98af70 DEOPT PACKING pc=0x000001d2e8e9e718 sp=0x0000006cebffe480
Event: 39.665 Thread 0x000001d2ff98af70 DEOPT UNPACKING pc=0x000001d2e8813aa2 sp=0x0000006cebffe338 mode 2
Event: 39.666 Thread 0x000001d2ff98bc90 Uncommon trap: trap_request=0xffffffde fr.pc=0x000001d2e91d374c relative=0x00000000000000ac
Event: 39.666 Thread 0x000001d2ff98bc90 Uncommon trap: reason=class_check action=maybe_recompile pc=0x000001d2e91d374c method=jdk.internal.util.StrongReferenceKey.equals(Ljava/lang/Object;)Z @ 1 c2
Event: 39.667 Thread 0x000001d2ff98bc90 DEOPT PACKING pc=0x000001d2e91d374c sp=0x0000006cec1fd990
Event: 39.667 Thread 0x000001d2ff98bc90 DEOPT UNPACKING pc=0x000001d2e8813aa2 sp=0x0000006cec1fd918 mode 2
Event: 39.667 Thread 0x000001d2ff98af70 DEOPT PACKING pc=0x000001d2e18d13be sp=0x0000006cebffdf60
Event: 39.667 Thread 0x000001d2ff98af70 DEOPT UNPACKING pc=0x000001d2e8814242 sp=0x0000006cebffd4a0 mode 0

Classes loaded (20 events):
Event: 37.957 Loading class java/lang/UnsupportedClassVersionError
Event: 37.957 Loading class java/lang/UnsupportedClassVersionError done
Event: 38.057 Loading class java/util/stream/ReduceOps$4
Event: 38.057 Loading class java/util/stream/ReduceOps$4 done
Event: 38.057 Loading class java/util/stream/ReduceOps$4ReducingSink
Event: 38.057 Loading class java/util/stream/ReduceOps$4ReducingSink done
Event: 38.248 Loading class java/nio/file/Files$2
Event: 38.248 Loading class java/nio/file/Files$2 done
Event: 38.685 Loading class java/util/zip/CheckedInputStream
Event: 38.686 Loading class java/util/zip/CheckedInputStream done
Event: 38.730 Loading class java/util/concurrent/ArrayBlockingQueue
Event: 38.730 Loading class java/util/concurrent/ArrayBlockingQueue done
Event: 39.137 Loading class sun/nio/ch/ChannelOutputStream
Event: 39.137 Loading class sun/nio/ch/ChannelOutputStream done
Event: 39.570 Loading class java/util/concurrent/CompletableFuture$UniApply
Event: 39.570 Loading class java/util/concurrent/CompletableFuture$UniApply done
Event: 39.571 Loading class java/util/concurrent/CompletableFuture$UniExceptionally
Event: 39.571 Loading class java/util/concurrent/CompletableFuture$UniExceptionally done
Event: 39.661 Loading class jdk/internal/event/SecurityPropertyModificationEvent
Event: 39.661 Loading class jdk/internal/event/SecurityPropertyModificationEvent done

Classes unloaded (7 events):
Event: 34.615 Thread 0x000001d2de024050 Unloading class 0x000001d2811a8c00 'java/lang/invoke/LambdaForm$MH+0x000001d2811a8c00'
Event: 34.615 Thread 0x000001d2de024050 Unloading class 0x000001d2811a8800 'java/lang/invoke/LambdaForm$MH+0x000001d2811a8800'
Event: 34.615 Thread 0x000001d2de024050 Unloading class 0x000001d2811a8400 'java/lang/invoke/LambdaForm$MH+0x000001d2811a8400'
Event: 34.615 Thread 0x000001d2de024050 Unloading class 0x000001d2811a8000 'java/lang/invoke/LambdaForm$MH+0x000001d2811a8000'
Event: 34.615 Thread 0x000001d2de024050 Unloading class 0x000001d2811a7c00 'java/lang/invoke/LambdaForm$BMH+0x000001d2811a7c00'
Event: 34.615 Thread 0x000001d2de024050 Unloading class 0x000001d2811a7800 'java/lang/invoke/LambdaForm$DMH+0x000001d2811a7800'
Event: 34.615 Thread 0x000001d2de024050 Unloading class 0x000001d2811a6400 'java/lang/invoke/LambdaForm$DMH+0x000001d2811a6400'

Classes redefined (0 events):
No events

Internal exceptions (20 events):
Event: 39.563 Thread 0x000001d2fd038c90 Exception <a 'sun/nio/fs/WindowsException'{0x00000000d5f0a648}> (0x00000000d5f0a648) 
thrown [s\src\hotspot\share\prims\jni.cpp, line 520]
Event: 39.563 Thread 0x000001d2fd038c90 Exception <a 'sun/nio/fs/WindowsException'{0x00000000d5f0b198}> (0x00000000d5f0b198) 
thrown [s\src\hotspot\share\prims\jni.cpp, line 520]
Event: 39.564 Thread 0x000001d2fd038c90 Exception <a 'sun/nio/fs/WindowsException'{0x00000000d5f77848}> (0x00000000d5f77848) 
thrown [s\src\hotspot\share\prims\jni.cpp, line 520]
Event: 39.564 Thread 0x000001d2fd038c90 Exception <a 'sun/nio/fs/WindowsException'{0x00000000d5f78148}> (0x00000000d5f78148) 
thrown [s\src\hotspot\share\prims\jni.cpp, line 520]
Event: 39.564 Thread 0x000001d2fd038c90 Exception <a 'sun/nio/fs/WindowsException'{0x00000000d5f79d58}> (0x00000000d5f79d58) 
thrown [s\src\hotspot\share\prims\jni.cpp, line 520]
Event: 39.564 Thread 0x000001d2fd038c90 Exception <a 'sun/nio/fs/WindowsException'{0x00000000d5f7a638}> (0x00000000d5f7a638) 
thrown [s\src\hotspot\share\prims\jni.cpp, line 520]
Event: 39.565 Thread 0x000001d2fd038c90 Exception <a 'sun/nio/fs/WindowsException'{0x00000000d5f7d690}> (0x00000000d5f7d690) 
thrown [s\src\hotspot\share\prims\jni.cpp, line 520]
Event: 39.565 Thread 0x000001d2fd038c90 Exception <a 'sun/nio/fs/WindowsException'{0x00000000d5f7e170}> (0x00000000d5f7e170) 
thrown [s\src\hotspot\share\prims\jni.cpp, line 520]
Event: 39.566 Thread 0x000001d2fd038c90 Exception <a 'sun/nio/fs/WindowsException'{0x00000000d5f900e0}> (0x00000000d5f900e0) 
thrown [s\src\hotspot\share\prims\jni.cpp, line 520]
Event: 39.566 Thread 0x000001d2fd038c90 Exception <a 'sun/nio/fs/WindowsException'{0x00000000d5f90710}> (0x00000000d5f90710) 
thrown [s\src\hotspot\share\prims\jni.cpp, line 520]
Event: 39.566 Thread 0x000001d2fd038c90 Exception <a 'sun/nio/fs/WindowsException'{0x00000000d5f91298}> (0x00000000d5f91298) 
thrown [s\src\hotspot\share\prims\jni.cpp, line 520]
Event: 39.566 Thread 0x000001d2fd038c90 Exception <a 'sun/nio/fs/WindowsException'{0x00000000d5f918c8}> (0x00000000d5f918c8) 
thrown [s\src\hotspot\share\prims\jni.cpp, line 520]
Event: 39.566 Thread 0x000001d2fd038c90 Exception <a 'sun/nio/fs/WindowsException'{0x00000000d5f92760}> (0x00000000d5f92760) 
thrown [s\src\hotspot\share\prims\jni.cpp, line 520]
Event: 39.566 Thread 0x000001d2fd038c90 Exception <a 'sun/nio/fs/WindowsException'{0x00000000d5f92f90}> (0x00000000d5f92f90) 
thrown [s\src\hotspot\share\prims\jni.cpp, line 520]
Event: 39.566 Thread 0x000001d2fd038c90 Exception <a 'sun/nio/fs/WindowsException'{0x00000000d5f94038}> (0x00000000d5f94038) 
thrown [s\src\hotspot\share\prims\jni.cpp, line 520]
Event: 39.566 Thread 0x000001d2fd038c90 Exception <a 'sun/nio/fs/WindowsException'{0x00000000d5f94868}> (0x00000000d5f94868) 
thrown [s\src\hotspot\share\prims\jni.cpp, line 520]
Event: 39.569 Thread 0x000001d2fd038c90 Exception <a 'java/lang/IncompatibleClassChangeError'{0x00000000d6076158}: Found class java.lang.Object, but interface was expected> (0x00000000d6076158) 
thrown [s\src\hotspot\share\interpreter\linkResolver.cpp, line 840]
Event: 39.574 Thread 0x000001d2fd038c90 Exception <a 'java/lang/IncompatibleClassChangeError'{0x00000000d60e0618}: Found class java.lang.Object, but interface was expected> (0x00000000d60e0618) 
thrown [s\src\hotspot\share\interpreter\linkResolver.cpp, line 840]
Event: 39.632 Thread 0x000001d2fd038c90 Exception <a 'java/lang/IncompatibleClassChangeError'{0x00000000d5703340}: Found class java.lang.Object, but interface was expected> (0x00000000d5703340) 
thrown [s\src\hotspot\share\interpreter\linkResolver.cpp, line 840]
Event: 39.649 Thread 0x000001d2fd038c90 Exception <a 'java/lang/IncompatibleClassChangeError'{0x00000000d58939b0}: Found class java.lang.Object, but interface was expected> (0x00000000d58939b0) 
thrown [s\src\hotspot\share\interpreter\linkResolver.cpp, line 840]

ZGC Phase Switch (0 events):
No events

VM Operations (20 events):
Event: 38.889 Executing safepoint VM operation: ICBufferFull
Event: 38.889 Executing safepoint VM operation: ICBufferFull done
Event: 39.016 Executing safepoint VM operation: ICBufferFull
Event: 39.016 Executing safepoint VM operation: ICBufferFull done
Event: 39.051 Executing safepoint VM operation: ParallelGCFailedAllocation (Allocation Failure)
Event: 39.054 Executing safepoint VM operation: ParallelGCFailedAllocation (Allocation Failure) done
Event: 39.159 Executing safepoint VM operation: ICBufferFull
Event: 39.159 Executing safepoint VM operation: ICBufferFull done
Event: 39.311 Executing safepoint VM operation: ParallelGCFailedAllocation (Allocation Failure)
Event: 39.314 Executing safepoint VM operation: ParallelGCFailedAllocation (Allocation Failure) done
Event: 39.345 Executing non-safepoint VM operation: HandshakeAllThreads (Deoptimize)
Event: 39.345 Executing non-safepoint VM operation: HandshakeAllThreads (Deoptimize) done
Event: 39.484 Executing safepoint VM operation: ICBufferFull
Event: 39.485 Executing safepoint VM operation: ICBufferFull done
Event: 39.501 Executing safepoint VM operation: ParallelGCFailedAllocation (Allocation Failure)
Event: 39.503 Executing safepoint VM operation: ParallelGCFailedAllocation (Allocation Failure) done
Event: 39.591 Executing non-safepoint VM operation: HandshakeAllThreads (Deoptimize)
Event: 39.592 Executing non-safepoint VM operation: HandshakeAllThreads (Deoptimize) done
Event: 39.615 Executing safepoint VM operation: ParallelGCFailedAllocation (Allocation Failure)
Event: 39.617 Executing safepoint VM operation: ParallelGCFailedAllocation (Allocation Failure) done

Memory protections (0 events):
No events

Nmethod flushes (20 events):
Event: 38.792 Thread 0x000001d2de024050 flushing  nmethod 0x000001d2e1b08210
Event: 38.792 Thread 0x000001d2de024050 flushing  nmethod 0x000001d2e1b0c110
Event: 38.792 Thread 0x000001d2de024050 flushing  nmethod 0x000001d2e1b0c490
Event: 38.792 Thread 0x000001d2de024050 flushing  nmethod 0x000001d2e1b0db90
Event: 38.792 Thread 0x000001d2de024050 flushing  nmethod 0x000001d2e1b27410
Event: 38.792 Thread 0x000001d2de024050 flushing  nmethod 0x000001d2e1b28310
Event: 38.792 Thread 0x000001d2de024050 flushing  nmethod 0x000001d2e1b29390
Event: 38.792 Thread 0x000001d2de024050 flushing  nmethod 0x000001d2e1b2d010
Event: 38.792 Thread 0x000001d2de024050 flushing  nmethod 0x000001d2e1b2db10
Event: 38.792 Thread 0x000001d2de024050 flushing  nmethod 0x000001d2e1b2e610
Event: 38.792 Thread 0x000001d2de024050 flushing  nmethod 0x000001d2e1b2ea90
Event: 38.792 Thread 0x000001d2de024050 flushing  nmethod 0x000001d2e1b31590
Event: 38.792 Thread 0x000001d2de024050 flushing  nmethod 0x000001d2e1b32d10
Event: 38.792 Thread 0x000001d2de024050 flushing  nmethod 0x000001d2e1b3ba90
Event: 38.792 Thread 0x000001d2de024050 flushing  nmethod 0x000001d2e1b4eb90
Event: 38.792 Thread 0x000001d2de024050 flushing  nmethod 0x000001d2e1b60590
Event: 38.792 Thread 0x000001d2de024050 flushing  nmethod 0x000001d2e1b6e610
Event: 38.792 Thread 0x000001d2de024050 flushing  nmethod 0x000001d2e1b8bb10
Event: 38.792 Thread 0x000001d2de024050 flushing  nmethod 0x000001d2e1bb5b10
Event: 38.792 Thread 0x000001d2de024050 flushing  nmethod 0x000001d2e1bb7610

Events (20 events):
Event: 36.506 Thread 0x000001d2fd036bc0 Thread added: 0x000001d2fd03a6d0
Event: 38.715 Thread 0x000001d2fc391dc0 Thread added: 0x000001d2fd03ba80
Event: 38.731 Thread 0x000001d2fc391dc0 Thread added: 0x000001d2fd03c110
Event: 39.085 Thread 0x000001d2fc393800 Thread added: 0x000001d2ff985390
Event: 39.139 Thread 0x000001d2fc391dc0 Thread added: 0x000001d2ff988810
Event: 39.139 Thread 0x000001d2fc391dc0 Thread added: 0x000001d2ff987af0
Event: 39.140 Thread 0x000001d2fc391dc0 Thread added: 0x000001d2ff987460
Event: 39.149 Thread 0x000001d2fd038c90 Thread added: 0x000001d2ff988ea0
Event: 39.335 Thread 0x000001d2fd038c90 Thread added: 0x000001d2ff986740
Event: 39.400 Thread 0x000001d2ff988ea0 Thread added: 0x000001d2ff988180
Event: 39.643 Thread 0x000001d2fd038c90 Thread added: 0x000001d2ff9860b0
Event: 39.644 Thread 0x000001d2fd038c90 Thread added: 0x000001d2ff98c9b0
Event: 39.644 Thread 0x000001d2fd038c90 Thread added: 0x000001d2ff989bc0
Event: 39.646 Thread 0x000001d2fd038c90 Thread added: 0x000001d2ff98a250
Event: 39.650 Thread 0x000001d2fd038c90 Thread added: 0x000001d2ff98a8e0
Event: 39.651 Thread 0x000001d2ff98a8e0 Thread added: 0x000001d2ff98af70
Event: 39.652 Thread 0x000001d2ff98af70 Thread added: 0x000001d2ff98b600
Event: 39.653 Thread 0x000001d2ff98b600 Thread added: 0x000001d2ff98bc90
Event: 39.657 Thread 0x000001d2ff98bc90 Thread added: 0x000001d2ff98c320
Event: 39.667 Thread 0x000001d2fd03a6d0 Thread added: 0x000001d2fe6018c0


Dynamic libraries:
0x00007ff73b1b0000 - 0x00007ff73b1be000 	c:\Users\HARENKANTO\.vscode\extensions\redhat.java-1.53.0-win32-x64\jre\21.0.10-win32-x86_64\bin\java.exe
0x00007ffce4b20000 - 0x00007ffce4d88000 	C:\WINDOWS\SYSTEM32\ntdll.dll
0x00007ffce2980000 - 0x00007ffce2a49000 	C:\WINDOWS\System32\KERNEL32.DLL
0x00007ffce2340000 - 0x00007ffce2738000 	C:\WINDOWS\System32\KERNELBASE.dll
0x00007ffce2080000 - 0x00007ffce21cb000 	C:\WINDOWS\System32\ucrtbase.dll
0x00007ffcddf40000 - 0x00007ffcddf58000 	c:\Users\HARENKANTO\.vscode\extensions\redhat.java-1.53.0-win32-x64\jre\21.0.10-win32-x86_64\bin\jli.dll
0x00007ffcddf00000 - 0x00007ffcddf1e000 	c:\Users\HARENKANTO\.vscode\extensions\redhat.java-1.53.0-win32-x64\jre\21.0.10-win32-x86_64\bin\VCRUNTIME140.dll
0x00007ffce3e30000 - 0x00007ffce3ff7000 	C:\WINDOWS\System32\USER32.dll
0x00007ffcc79d0000 - 0x00007ffcc7c64000 	C:\WINDOWS\WinSxS\amd64_microsoft.windows.common-controls_6595b64144ccf1df_6.0.26100.7019_none_3e06ffa0e335b8a8\COMCTL32.dll
0x00007ffce47c0000 - 0x00007ffce4869000 	C:\WINDOWS\System32\msvcrt.dll
0x00007ffce21d0000 - 0x00007ffce21f7000 	C:\WINDOWS\System32\win32u.dll
0x00007ffce36a0000 - 0x00007ffce36cb000 	C:\WINDOWS\System32\GDI32.dll
0x00007ffce1de0000 - 0x00007ffce1f0c000 	C:\WINDOWS\System32\gdi32full.dll
0x00007ffce2200000 - 0x00007ffce22a3000 	C:\WINDOWS\System32\msvcp_win.dll
0x00007ffce4000000 - 0x00007ffce4031000 	C:\WINDOWS\System32\IMM32.DLL
0x00007ffcddf30000 - 0x00007ffcddf3c000 	c:\Users\HARENKANTO\.vscode\extensions\redhat.java-1.53.0-win32-x64\jre\21.0.10-win32-x86_64\bin\vcruntime140_1.dll
0x00007ffcaf170000 - 0x00007ffcaf1fd000 	c:\Users\HARENKANTO\.vscode\extensions\redhat.java-1.53.0-win32-x64\jre\21.0.10-win32-x86_64\bin\msvcp140.dll
0x00007ffc6e590000 - 0x00007ffc6f331000 	c:\Users\HARENKANTO\.vscode\extensions\redhat.java-1.53.0-win32-x64\jre\21.0.10-win32-x86_64\bin\server\jvm.dll
0x00007ffce28c0000 - 0x00007ffce2974000 	C:\WINDOWS\System32\ADVAPI32.dll
0x00007ffce3180000 - 0x00007ffce3226000 	C:\WINDOWS\System32\sechost.dll
0x00007ffce2a50000 - 0x00007ffce2b68000 	C:\WINDOWS\System32\RPCRT4.dll
0x00007ffce2c70000 - 0x00007ffce2ce4000 	C:\WINDOWS\System32\WS2_32.dll
0x00007ffcd6380000 - 0x00007ffcd63b5000 	C:\WINDOWS\SYSTEM32\WINMM.dll
0x00007ffcd5880000 - 0x00007ffcd588b000 	C:\WINDOWS\SYSTEM32\VERSION.dll
0x00007ffce10c0000 - 0x00007ffce111e000 	C:\WINDOWS\SYSTEM32\POWRPROF.dll
0x00007ffce0f70000 - 0x00007ffce0f84000 	C:\WINDOWS\SYSTEM32\UMPDC.dll
0x00007ffce0a90000 - 0x00007ffce0aab000 	C:\WINDOWS\SYSTEM32\kernel.appcore.dll
0x00007ffcddef0000 - 0x00007ffcddefa000 	c:\Users\HARENKANTO\.vscode\extensions\redhat.java-1.53.0-win32-x64\jre\21.0.10-win32-x86_64\bin\jimage.dll
0x00007ffcdf380000 - 0x00007ffcdf5c2000 	C:\WINDOWS\SYSTEM32\DBGHELP.DLL
0x00007ffce2df0000 - 0x00007ffce317b000 	C:\WINDOWS\System32\combase.dll
0x00007ffce3d50000 - 0x00007ffce3e27000 	C:\WINDOWS\System32\OLEAUT32.dll
0x00007ffcc1a70000 - 0x00007ffcc1aac000 	C:\WINDOWS\SYSTEM32\dbgcore.DLL
0x00007ffce1d30000 - 0x00007ffce1dd5000 	C:\WINDOWS\System32\bcryptPrimitives.dll
0x00007ffcd1890000 - 0x00007ffcd189f000 	c:\Users\HARENKANTO\.vscode\extensions\redhat.java-1.53.0-win32-x64\jre\21.0.10-win32-x86_64\bin\instrument.dll
0x00007ffccd1d0000 - 0x00007ffccd1f0000 	c:\Users\HARENKANTO\.vscode\extensions\redhat.java-1.53.0-win32-x64\jre\21.0.10-win32-x86_64\bin\java.dll
0x00007ffce4040000 - 0x00007ffce478f000 	C:\WINDOWS\System32\SHELL32.dll
0x00007ffce1f10000 - 0x00007ffce207b000 	C:\WINDOWS\System32\wintypes.dll
0x00007ffcdf890000 - 0x00007ffce00ed000 	C:\WINDOWS\SYSTEM32\windows.storage.dll
0x00007ffce2cf0000 - 0x00007ffce2de2000 	C:\WINDOWS\System32\SHCORE.dll
0x00007ffce2b70000 - 0x00007ffce2bd7000 	C:\WINDOWS\System32\shlwapi.dll
0x00007ffce1b90000 - 0x00007ffce1bb9000 	C:\WINDOWS\SYSTEM32\profapi.dll
0x00007ffcaf4a0000 - 0x00007ffcaf4b8000 	c:\Users\HARENKANTO\.vscode\extensions\redhat.java-1.53.0-win32-x64\jre\21.0.10-win32-x86_64\bin\zip.dll
0x00007ffcaf490000 - 0x00007ffcaf4a0000 	C:\Users\HARENKANTO\.vscode\extensions\redhat.java-1.53.0-win32-x64\jre\21.0.10-win32-x86_64\bin\net.dll
0x00007ffcd9910000 - 0x00007ffcd9a38000 	C:\WINDOWS\SYSTEM32\WINHTTP.dll
0x00007ffce1050000 - 0x00007ffce10bb000 	C:\WINDOWS\system32\mswsock.dll
0x00007ffcaf470000 - 0x00007ffcaf486000 	C:\Users\HARENKANTO\.vscode\extensions\redhat.java-1.53.0-win32-x64\jre\21.0.10-win32-x86_64\bin\nio.dll
0x00007ffcaf460000 - 0x00007ffcaf470000 	c:\Users\HARENKANTO\.vscode\extensions\redhat.java-1.53.0-win32-x64\jre\21.0.10-win32-x86_64\bin\verify.dll
0x00007ffccd180000 - 0x00007ffccd1c5000 	C:\Users\HARENKANTO\AppData\Roaming\Code\User\globalStorage\redhat.java\1.53.0\config_win\org.eclipse.equinox.launcher\org.eclipse.equinox.launcher.win32.win32.x86_64_1.3.0.v20260203-2149\eclipse_11919.dll
0x00007ffce3440000 - 0x00007ffce35d7000 	C:\WINDOWS\System32\ole32.dll
0x00007ffce1380000 - 0x00007ffce139b000 	C:\WINDOWS\SYSTEM32\CRYPTSP.dll
0x00007ffce0980000 - 0x00007ffce09ba000 	C:\WINDOWS\system32\rsaenh.dll
0x00007ffce1170000 - 0x00007ffce119b000 	C:\WINDOWS\SYSTEM32\USERENV.dll
0x00007ffce1b60000 - 0x00007ffce1b8a000 	C:\WINDOWS\SYSTEM32\bcrypt.dll
0x00007ffce13a0000 - 0x00007ffce13ac000 	C:\WINDOWS\SYSTEM32\CRYPTBASE.dll
0x00007ffce04c0000 - 0x00007ffce04f4000 	C:\WINDOWS\SYSTEM32\IPHLPAPI.DLL
0x00007ffce4870000 - 0x00007ffce487a000 	C:\WINDOWS\System32\NSI.dll
0x00007ffc8d600000 - 0x00007ffc8d649000 	C:\Users\HARENKANTO\AppData\Local\Temp\jna-1804596881\jna17059798162733444136.dll
0x00007ffce36d0000 - 0x00007ffce36d8000 	C:\WINDOWS\System32\PSAPI.DLL
0x00007ffcd9a70000 - 0x00007ffcd9a8e000 	C:\WINDOWS\SYSTEM32\dhcpcsvc6.DLL
0x00007ffcd9a40000 - 0x00007ffcd9a63000 	C:\WINDOWS\SYSTEM32\dhcpcsvc.DLL

JVMTI agents:
c:\Users\HARENKANTO\.vscode\extensions\redhat.java-1.53.0-win32-x64\lombok\lombok-1.18.39-4050.jar path:c:\Users\HARENKANTO\.vscode\extensions\redhat.java-1.53.0-win32-x64\jre\21.0.10-win32-x86_64\bin\instrument.dll, loaded, initialized, instrumentlib options:none

dbghelp: loaded successfully - version: 4.0.5 - missing functions: none
symbol engine: initialized successfully - sym options: 0x614 - pdb path: .;c:\Users\HARENKANTO\.vscode\extensions\redhat.java-1.53.0-win32-x64\jre\21.0.10-win32-x86_64\bin;C:\WINDOWS\SYSTEM32;C:\WINDOWS\WinSxS\amd64_microsoft.windows.common-controls_6595b64144ccf1df_6.0.26100.7019_none_3e06ffa0e335b8a8;c:\Users\HARENKANTO\.vscode\extensions\redhat.java-1.53.0-win32-x64\jre\21.0.10-win32-x86_64\bin\server;C:\Users\HARENKANTO\AppData\Roaming\Code\User\globalStorage\redhat.java\1.53.0\config_win\org.eclipse.equinox.launcher\org.eclipse.equinox.launcher.win32.win32.x86_64_1.3.0.v20260203-2149;C:\Users\HARENKANTO\AppData\Local\Temp\jna-1804596881

VM Arguments:
jvm_args: --add-modules=ALL-SYSTEM --add-opens=java.base/java.util=ALL-UNNAMED --add-opens=java.base/java.lang=ALL-UNNAMED --add-opens=java.base/sun.nio.fs=ALL-UNNAMED -Declipse.application=org.eclipse.jdt.ls.core.id1 -Dosgi.bundles.defaultStartLevel=4 -Declipse.product=org.eclipse.jdt.ls.core.product -Djava.import.generatesMetadataFilesAtProjectRoot=false -DDetectVMInstallationsJob.disabled=true -Dfile.encoding=utf8 -XX:+UseParallelGC -XX:GCTimeRatio=4 -XX:AdaptiveSizePolicyWeight=90 -Dsun.zip.disableMemoryMapping=true -Xmx2G -Xms100m -Xlog:disable -javaagent:c:\Users\HARENKANTO\.vscode\extensions\redhat.java-1.53.0-win32-x64\lombok\lombok-1.18.39-4050.jar -XX:+HeapDumpOnOutOfMemoryError -XX:HeapDumpPath=c:\Users\HARENKANTO\AppData\Roaming\Code\User\workspaceStorage\b0bea17b941859ce0ac68aeeb93758a7\redhat.java -Daether.dependencyCollector.impl=bf 
java_command: c:\Users\HARENKANTO\.vscode\extensions\redhat.java-1.53.0-win32-x64\server\plugins\org.eclipse.equinox.launcher_1.7.100.v20251111-0406.jar -configuration c:\Users\HARENKANTO\AppData\Roaming\Code\User\globalStorage\redhat.java\1.53.0\config_win -data c:\Users\HARENKANTO\AppData\Roaming\Code\User\workspaceStorage\b0bea17b941859ce0ac68aeeb93758a7\redhat.java\jdt_ws --pipe=\\.\pipe\lsp-dba489f54fcfddfc12c96ac7c23b076b-sock
java_class_path (initial): c:\Users\HARENKANTO\.vscode\extensions\redhat.java-1.53.0-win32-x64\server\plugins\org.eclipse.equinox.launcher_1.7.100.v20251111-0406.jar
Launcher Type: SUN_STANDARD

[Global flags]
    uintx AdaptiveSizePolicyWeight                 = 90                                        {product} {command line}
     intx CICompilerCount                          = 4                                         {product} {ergonomic}
    uintx GCTimeRatio                              = 4                                         {product} {command line}
     bool HeapDumpOnOutOfMemoryError               = true                                   {manageable} {command line}
    ccstr HeapDumpPath                             = c:\Users\HARENKANTO\AppData\Roaming\Code\User\workspaceStorage\b0bea17b941859ce0ac68aeeb93758a7\redhat.java         {manageable} {command line}
   size_t InitialHeapSize                          = 104857600                                 {product} {command line}
   size_t MaxHeapSize                              = 2147483648                                {product} {command line}
   size_t MaxNewSize                               = 715653120                                 {product} {ergonomic}
   size_t MinHeapDeltaBytes                        = 524288                                    {product} {ergonomic}
   size_t MinHeapSize                              = 104857600                                 {product} {command line}
   size_t NewSize                                  = 34603008                                  {product} {ergonomic}
    uintx NonNMethodCodeHeapSize                   = 5839372                                {pd product} {ergonomic}
    uintx NonProfiledCodeHeapSize                  = 122909434                              {pd product} {ergonomic}
   size_t OldSize                                  = 70254592                                  {product} {ergonomic}
    uintx ProfiledCodeHeapSize                     = 122909434                              {pd product} {ergonomic}
    uintx ReservedCodeCacheSize                    = 251658240                              {pd product} {ergonomic}
     bool SegmentedCodeCache                       = true                                      {product} {ergonomic}
   size_t SoftMaxHeapSize                          = 2147483648                             {manageable} {ergonomic}
     bool UseCompressedOops                        = true                           {product lp64_product} {ergonomic}
     bool UseLargePagesIndividualAllocation        = false                                  {pd product} {ergonomic}
     bool UseParallelGC                            = true                                      {product} {command line}

Logging:
Log output configuration:
 #0: stdout all=off uptime,level,tags foldmultilines=false
 #1: stderr all=off uptime,level,tags foldmultilines=false

Release file:
JAVA_VERSION="21.0.10" 
MODULES="java.base java.compiler java.datatransfer java.xml java.prefs java.desktop java.instrument java.logging java.management java.security.sasl java.naming java.rmi java.management.rmi java.net.http java.scripting java.security.jgss java.transaction.xa java.sql java.sql.rowset java.xml.crypto java.se java.smartcardio jdk.accessibility jdk.internal.jvmstat jdk.attach jdk.charsets jdk.internal.opt jdk.zipfs jdk.compiler jdk.crypto.ec jdk.crypto.cryptoki jdk.crypto.mscapi jdk.dynalink jdk.internal.ed jdk.editpad jdk.hotspot.agent jdk.httpserver jdk.internal.le jdk.internal.vm.ci jdk.internal.vm.compiler jdk.internal.vm.compiler.management jdk.jartool jdk.javadoc jdk.jcmd jdk.management jdk.management.agent jdk.jconsole jdk.jdeps jdk.jdwp.agent jdk.jdi jdk.jfr jdk.jshell jdk.jsobject jdk.jstatd jdk.localedata jdk.management.jfr jdk.naming.dns jdk.naming.rmi jdk.net jdk.nio.mapmode jdk.random jdk.sctp jdk.security.auth jdk.security.jgss jdk.unsupported jdk.unsupported.desktop jdk.xml.dom" 

Environment Variables:
JAVA_HOME=C:\Program Files\Java\jdk-21
CLASSPATH=.;C:\ojdbc11.jar;C:\mysql-connector-j-9.1.0.jar;C:\tomcat\lib\servlet-api.jar;
PATH=C:\Program Files\Java\jdk-21\bin;C:\Program Files\Java\jdk1.8.0_152\bin;C:\Program Files\Java\OpenJDK17U-jdk_x64_windows_hotspot_17.0.17_10\jdk-17.0.17+10\bin;C:\app\HARENKANTO\product\11.2.0\dbhome_1\bin;D:\S5\Mr Rojo\Firebase\Cloud\carte\osmosis-0.49.2\bin;D:\app\wildfly-10.1.0.Final\wildfly-10.1.0.Final\bin;D:\S5\Prog\apache-ant-1.10.15-bin\apache-ant-1.10.15\bin;D:\app\wildfly-28.0.1.Final\wildfly-28.0.1.Final\bin;C:\Program Files\PostgreSQL\15\bin;C:\ProgramData\Oracle\Java\javapath;C:\Program Files (x86)\VMware\VMware Workstation\bin\;D:\apache-tomcat-10.1.28\bin;C:\Users\HARENKANTO\apache-maven-3.9.9-bin\apache-maven-3.9.9\bin;C:\Program Files\Git\cmd;C:\Program Files\gnuplot\bin;D:\tomcat\bin;C:\Windows\system32;C:\Windows;C:\Windows\System32\Wbem;C:\Windows\System32\WindowsPowerShell\v1.0\;C:\Windows\System32\OpenSSH\;C:\Program Files (x86)\NVIDIA Corporation\PhysX\Common;C:\Program Files\NVIDIA Corporation\NVIDIA NvDLISR;C:\WINDOWS\system32;C:\WINDOWS;C:\WINDOWS\System32\Wbem;C:\WINDOWS\System32\WindowsPowerShell\v1.0\;C:\WINDOWS\System32\OpenSSH\;C:\Program Files\dotnet\;C:\Program Files (x86)\QuickTime\QTSystem\;D:\xampp\php;C:\Program Files\Microsoft SQL Server\Client SDK\ODBC\170\Tools\Binn\;C:\Program Files (x86)\Microsoft SQL Server\160\Tools\Binn\;C:\Program Files\Microsoft SQL Server\160\Tools\Binn\;C:\Program Files\Microsoft SQL Server\160\DTS\Binn\;C:\Program Files\nodejs\;C:\Program Files\Git\cmd;C:\Program Files\Docker\Docker\resources\bin;C:\Program Files (x86)\Microsoft SQL Server\170\Tools\Binn\;C:\Program Files\Microsoft SQL Server\170\Tools\Binn\;C:\Program Files\Microsoft SQL Server\Client SDK\ODBC\180\Tools\Binn\;C:\Program Files\Microsoft SQL Server\170\DTS\Binn\;C:\Users\HARENKANTO\AppData\Local\Programs\Python\Python313\Scripts\;C:\Users\HARENKANTO\AppData\Local\Programs\Python\Python313\;C:\Users\HARENKANTO\AppData\Local\Programs\Python\Launcher\;C:\Users\HARENKANTO\AppData\Local\Microsoft\WindowsApps;C:\Users\HARENKANTO\AppData\Local\Programs\Microsoft VS Code\bin;C:\Users\HARENKANTO\AppData\Local\GitHubDesktop\bin;C:\Users\HARENKANTO\AppData\Local\Programs\MiKTeX\miktex\bin\x64\;C:\Users\HARENKANTO\AppData\Roaming\npm;C:\Users\HARENKANTO\AppData\Local\ComposerSetup\bin;C:\Users\HARENKANTO\AppData\Roaming\Composer\vendor\bin;C:\Users\HARENKANTO\AppData\Local\Programs\Windsurf\bin
USERNAME=HARENKANTO
OS=Windows_NT
PROCESSOR_IDENTIFIER=Intel64 Family 6 Model 154 Stepping 3, GenuineIntel
TMP=C:\Users\HARENK~1\AppData\Local\Temp
TEMP=C:\Users\HARENK~1\AppData\Local\Temp




Periodic native trim disabled

---------------  S Y S T E M  ---------------

OS:
 Windows 11 , 64 bit Build 26100 (10.0.26100.7019)
OS uptime: 0 days 0:05 hours
Hyper-V role detected

CPU: total 12 (initial active 12) (6 cores per cpu, 2 threads per core) family 6 model 154 stepping 3 microcode 0x424, cx8, cmov, fxsr, ht, mmx, 3dnowpref, sse, sse2, sse3, ssse3, sse4.1, sse4.2, popcnt, lzcnt, tsc, tscinvbit, avx, avx2, aes, erms, clmul, bmi1, bmi2, adx, sha, fma, vzeroupper, clflush, clflushopt, clwb, hv, serialize, rdtscp, rdpid, fsrm, f16c, cet_ibt, cet_ss
Processor Information for the first 12 processors :
  Max Mhz: 2000, Current Mhz: 2000, Mhz Limit: 2000

Memory: 4k page, system-wide physical 16085M (3293M free)
TotalPageFile size 18964M (AvailPageFile size 3M)
current process WorkingSet (physical memory assigned to process): 318M, peak: 318M
current process commit charge ("private bytes"): 410M, peak: 417M

vm_info: OpenJDK 64-Bit Server VM (21.0.10+7-LTS) for windows-amd64 JRE (21.0.10+7-LTS), built on 2026-01-20T00:00:00Z by "admin" with MS VC++ 17.12 (VS2022)

END.
