#
# There is insufficient memory for the Java Runtime Environment to continue.
# Native memory allocation (malloc) failed to allocate 1534560 bytes. Error detail: Chunk::new
# Possible reasons:
#   The system is out of physical RAM or swap space
#   This process is running with CompressedOops enabled, and the Java Heap may be blocking the growth of the native heap
# Possible solutions:
#   Reduce memory load on the system
#   Increase physical memory or swap space
#   Check if swap backing store is full
#   Decrease Java heap size (-Xmx/-Xms)
#   Decrease number of Java threads
#   Decrease Java thread stack sizes (-Xss)
#   Set larger code cache with -XX:ReservedCodeCacheSize=
#   JVM is running with Unscaled Compressed Oops mode in which the Java heap is
#     placed in the first 4GB address space. The Java Heap base address is the
#     maximum limit for the native heap growth. Please use -XX:HeapBaseMinAddress
#     to set the Java Heap base and to place the Java Heap above 4GB virtual address.
# This output file may be truncated or incomplete.
#
#  Out of Memory Error (arena.cpp:168), pid=11868, tid=23832
#
# JRE version: OpenJDK Runtime Environment Temurin-21.0.10+7 (21.0.10+7) (build 21.0.10+7-LTS)
# Java VM: OpenJDK 64-Bit Server VM Temurin-21.0.10+7 (21.0.10+7-LTS, mixed mode, sharing, tiered, compressed oops, compressed class ptrs, parallel gc, windows-amd64)
# No core dump will be written. Minidumps are not enabled by default on client versions of Windows
#

---------------  S U M M A R Y ------------

Command Line: --add-modules=ALL-SYSTEM --add-opens=java.base/java.util=ALL-UNNAMED --add-opens=java.base/java.lang=ALL-UNNAMED --add-opens=java.base/sun.nio.fs=ALL-UNNAMED -Declipse.application=org.eclipse.jdt.ls.core.id1 -Dosgi.bundles.defaultStartLevel=4 -Declipse.product=org.eclipse.jdt.ls.core.product -Djava.import.generatesMetadataFilesAtProjectRoot=false -DDetectVMInstallationsJob.disabled=true -Dfile.encoding=utf8 -XX:+UseParallelGC -XX:GCTimeRatio=4 -XX:AdaptiveSizePolicyWeight=90 -Dsun.zip.disableMemoryMapping=true -Xmx2G -Xms100m -Xlog:disable -javaagent:c:\Users\HARENKANTO\.vscode\extensions\redhat.java-1.53.0-win32-x64\lombok\lombok-1.18.39-4050.jar c:\Users\HARENKANTO\.vscode\extensions\redhat.java-1.53.0-win32-x64\server\plugins\org.eclipse.equinox.launcher_1.7.100.v20251111-0406.jar -configuration c:\Users\HARENKANTO\AppData\Roaming\Code\User\globalStorage\redhat.java\1.53.0\config_ss_win -data c:\Users\HARENKANTO\AppData\Roaming\Code\User\workspaceStorage\b0bea17b941859ce0ac68aeeb93758a7\redhat.java\ss_ws --pipe=\\.\pipe\lsp-1f475a21d68aa1a1584d8a7188b35694-sock

Host: 12th Gen Intel(R) Core(TM) i5-12450H, 12 cores, 15G,  Windows 11 , 64 bit Build 26100 (10.0.26100.7019)
Time: Thu Mar 19 04:29:07 2026 elapsed time: 4.721994 seconds (0d 0h 0m 4s)

---------------  T H R E A D  ---------------

Current thread (0x000001e4e5a70730):  JavaThread "C2 CompilerThread0" daemon [_thread_in_native, id=23832, stack(0x0000003c5ed00000,0x0000003c5ee00000) (1024K)]


Current CompileTask:
C2:4722 5782       4       org.eclipse.jdt.internal.compiler.lookup.BinaryTypeBinding::createMethod (1666 bytes)

Stack: [0x0000003c5ed00000,0x0000003c5ee00000]
Native frames: (J=compiled Java code, j=interpreted, Vv=VM code, C=native code)
V  [jvm.dll+0x6d7a39]
V  [jvm.dll+0x8b4b26]
V  [jvm.dll+0x8b70de]
V  [jvm.dll+0x8b77c3]
V  [jvm.dll+0x284346]
V  [jvm.dll+0xc66ed]
V  [jvm.dll+0xc6c31]
V  [jvm.dll+0x3bec3b]
V  [jvm.dll+0x1e3d62]
V  [jvm.dll+0x24c6b3]
V  [jvm.dll+0x24bb40]
V  [jvm.dll+0x1cb34e]
V  [jvm.dll+0x25b85d]
V  [jvm.dll+0x259dea]
V  [jvm.dll+0x3f857e]
V  [jvm.dll+0x85f59d]
V  [jvm.dll+0x6d626d]
C  [ucrtbase.dll+0x37b0]
C  [KERNEL32.DLL+0x2e8d7]
C  [ntdll.dll+0x8c53c]


---------------  P R O C E S S  ---------------

Threads class SMR info:
_java_thread_list=0x000001e4c8e2c4c0, length=42, elements={
0x000001e4e59c47c0, 0x000001e4fe3cd800, 0x000001e4fe3ce7c0, 0x000001e4e5a6a1b0,
0x000001e4e5a6b560, 0x000001e4e5a6a840, 0x000001e4e5a69b20, 0x000001e4e5a70730,
0x000001e4e5a7e7a0, 0x000001e4e5a6aed0, 0x000001e4e5a680e0, 0x000001e4e5a68770,
0x000001e4e5a68e00, 0x000001e4e5a69490, 0x000001e4c6a247f0, 0x000001e4c6a24160,
0x000001e4c6a22090, 0x000001e4c6a22db0, 0x000001e4c6a23440, 0x000001e4c6a24e80,
0x000001e4c6a25ba0, 0x000001e4c6a22720, 0x000001e4c6a26230, 0x000001e4c6a268c0,
0x000001e4c6a26f50, 0x000001e4c6a23ad0, 0x000001e4c6a275e0, 0x000001e4c6a296b0,
0x000001e4c6a27c70, 0x000001e4c6a28300, 0x000001e4c6a28990, 0x000001e4c6a29020,
0x000001e4c7533470, 0x000001e4c7535540, 0x000001e4c7533b00, 0x000001e4c75320c0,
0x000001e4c7534eb0, 0x000001e4c7534190, 0x000001e4c7534820, 0x000001e4c7532750,
0x000001e4ffa32bc0, 0x000001e4c88950b0
}

Java Threads: ( => current thread )
  0x000001e4e59c47c0 JavaThread "main"                              [_thread_blocked, id=10760, stack(0x0000003c5e300000,0x0000003c5e400000) (1024K)]
  0x000001e4fe3cd800 JavaThread "Reference Handler"          daemon [_thread_blocked, id=21768, stack(0x0000003c5e700000,0x0000003c5e800000) (1024K)]
  0x000001e4fe3ce7c0 JavaThread "Finalizer"                  daemon [_thread_blocked, id=21268, stack(0x0000003c5e800000,0x0000003c5e900000) (1024K)]
  0x000001e4e5a6a1b0 JavaThread "Signal Dispatcher"          daemon [_thread_blocked, id=20744, stack(0x0000003c5e900000,0x0000003c5ea00000) (1024K)]
  0x000001e4e5a6b560 JavaThread "Attach Listener"            daemon [_thread_blocked, id=15396, stack(0x0000003c5ea00000,0x0000003c5eb00000) (1024K)]
  0x000001e4e5a6a840 JavaThread "Service Thread"             daemon [_thread_blocked, id=9240, stack(0x0000003c5eb00000,0x0000003c5ec00000) (1024K)]
  0x000001e4e5a69b20 JavaThread "Monitor Deflation Thread"   daemon [_thread_blocked, id=15328, stack(0x0000003c5ec00000,0x0000003c5ed00000) (1024K)]
=>0x000001e4e5a70730 JavaThread "C2 CompilerThread0"         daemon [_thread_in_native, id=23832, stack(0x0000003c5ed00000,0x0000003c5ee00000) (1024K)]
  0x000001e4e5a7e7a0 JavaThread "C1 CompilerThread0"         daemon [_thread_in_vm, id=23900, stack(0x0000003c5ee00000,0x0000003c5ef00000) (1024K)]
  0x000001e4e5a6aed0 JavaThread "Common-Cleaner"             daemon [_thread_blocked, id=3188, stack(0x0000003c5f000000,0x0000003c5f100000) (1024K)]
  0x000001e4e5a680e0 JavaThread "Notification Thread"        daemon [_thread_blocked, id=19080, stack(0x0000003c5f100000,0x0000003c5f200000) (1024K)]
  0x000001e4e5a68770 JavaThread "Active Thread: Equinox Container: 125f3b23-1d43-43f5-ba24-75683f78e7f1"        [_thread_blocked, id=18720, stack(0x0000003c5f900000,0x0000003c5fa00000) (1024K)]
  0x000001e4e5a68e00 JavaThread "Framework Event Dispatcher: Equinox Container: 125f3b23-1d43-43f5-ba24-75683f78e7f1" daemon [_thread_blocked, id=10832, stack(0x0000003c5fa00000,0x0000003c5fb00000) (1024K)]
  0x000001e4e5a69490 JavaThread "Start Level: Equinox Container: 125f3b23-1d43-43f5-ba24-75683f78e7f1" daemon [_thread_blocked, id=9460, stack(0x0000003c5fb00000,0x0000003c5fc00000) (1024K)]
  0x000001e4c6a247f0 JavaThread "SCR Component Actor"        daemon [_thread_blocked, id=21728, stack(0x0000003c5fd00000,0x0000003c5fe00000) (1024K)]
  0x000001e4c6a24160 JavaThread "Worker-JM"                         [_thread_blocked, id=18496, stack(0x0000003c5fe00000,0x0000003c5ff00000) (1024K)]
  0x000001e4c6a22090 JavaThread "JNA Cleaner"                daemon [_thread_blocked, id=19740, stack(0x0000003c5f200000,0x0000003c5f300000) (1024K)]
  0x000001e4c6a22db0 JavaThread "Worker-0"                          [_thread_blocked, id=22392, stack(0x0000003c60100000,0x0000003c60200000) (1024K)]
  0x000001e4c6a23440 JavaThread "Worker-1"                          [_thread_blocked, id=20288, stack(0x0000003c60200000,0x0000003c60300000) (1024K)]
  0x000001e4c6a24e80 JavaThread "Thread-1"                   daemon [_thread_in_native, id=18512, stack(0x0000003c60600000,0x0000003c60700000) (1024K)]
  0x000001e4c6a25ba0 JavaThread "Thread-2"                   daemon [_thread_in_native, id=9668, stack(0x0000003c60700000,0x0000003c60800000) (1024K)]
  0x000001e4c6a22720 JavaThread "Thread-3"                   daemon [_thread_in_native, id=14284, stack(0x0000003c60800000,0x0000003c60900000) (1024K)]
  0x000001e4c6a26230 JavaThread "Thread-4"                   daemon [_thread_in_native, id=1756, stack(0x0000003c60900000,0x0000003c60a00000) (1024K)]
  0x000001e4c6a268c0 JavaThread "Thread-5"                   daemon [_thread_in_native, id=3328, stack(0x0000003c60a00000,0x0000003c60b00000) (1024K)]
  0x000001e4c6a26f50 JavaThread "Thread-6"                   daemon [_thread_in_native, id=1672, stack(0x0000003c60b00000,0x0000003c60c00000) (1024K)]
  0x000001e4c6a23ad0 JavaThread "Thread-7"                   daemon [_thread_in_native, id=21216, stack(0x0000003c60c00000,0x0000003c60d00000) (1024K)]
  0x000001e4c6a275e0 JavaThread "Thread-8"                   daemon [_thread_in_native, id=22944, stack(0x0000003c60d00000,0x0000003c60e00000) (1024K)]
  0x000001e4c6a296b0 JavaThread "Thread-9"                   daemon [_thread_in_native, id=22948, stack(0x0000003c60e00000,0x0000003c60f00000) (1024K)]
  0x000001e4c6a27c70 JavaThread "Thread-10"                  daemon [_thread_in_native, id=18368, stack(0x0000003c60f00000,0x0000003c61000000) (1024K)]
  0x000001e4c6a28300 JavaThread "Thread-11"                  daemon [_thread_in_native, id=4592, stack(0x0000003c61000000,0x0000003c61100000) (1024K)]
  0x000001e4c6a28990 JavaThread "Thread-12"                  daemon [_thread_in_native, id=5848, stack(0x0000003c61100000,0x0000003c61200000) (1024K)]
  0x000001e4c6a29020 JavaThread "Thread-13"                  daemon [_thread_in_native, id=11464, stack(0x0000003c61200000,0x0000003c61300000) (1024K)]
  0x000001e4c7533470 JavaThread "pool-2-thread-1"                   [_thread_blocked, id=20248, stack(0x0000003c61300000,0x0000003c61400000) (1024K)]
  0x000001e4c7535540 JavaThread "Worker-2: Publish Diagnostics"        [_thread_in_vm, id=16936, stack(0x0000003c61400000,0x0000003c61500000) (1024K)]
  0x000001e4c7533b00 JavaThread "WorkspaceEventsHandler"            [_thread_blocked, id=17700, stack(0x0000003c61500000,0x0000003c61600000) (1024K)]
  0x000001e4c75320c0 JavaThread "pool-1-thread-1"                   [_thread_blocked, id=15536, stack(0x0000003c61600000,0x0000003c61700000) (1024K)]
  0x000001e4c7534eb0 JavaThread "ForkJoinPool.commonPool-worker-1" daemon [_thread_blocked, id=9504, stack(0x0000003c61700000,0x0000003c61800000) (1024K)]
  0x000001e4c7534190 JavaThread "ForkJoinPool.commonPool-worker-2" daemon [_thread_blocked, id=8368, stack(0x0000003c61800000,0x0000003c61900000) (1024K)]
  0x000001e4c7534820 JavaThread "ForkJoinPool.commonPool-worker-3" daemon [_thread_blocked, id=16832, stack(0x0000003c61900000,0x0000003c61a00000) (1024K)]
  0x000001e4c7532750 JavaThread "ForkJoinPool.commonPool-worker-4" daemon [_thread_blocked, id=9276, stack(0x0000003c61a00000,0x0000003c61b00000) (1024K)]
  0x000001e4ffa32bc0 JavaThread "C2 CompilerThread1"         daemon [_thread_in_native, id=5304, stack(0x0000003c5ef00000,0x0000003c5f000000) (1024K)]
  0x000001e4c88950b0 JavaThread "C2 CompilerThread2"         daemon [_thread_in_native, id=6752, stack(0x0000003c60400000,0x0000003c60500000) (1024K)]
Total: 42

Other Threads:
  0x000001e4fe3b4970 VMThread "VM Thread"                           [id=8964, stack(0x0000003c5e600000,0x0000003c5e700000) (1024K)]
  0x000001e4fe2aca00 WatcherThread "VM Periodic Task Thread"        [id=15500, stack(0x0000003c5e500000,0x0000003c5e600000) (1024K)]
  0x000001e4e59e2f40 WorkerThread "GC Thread#0"                     [id=20004, stack(0x0000003c5e400000,0x0000003c5e500000) (1024K)]
  0x000001e4c6662590 WorkerThread "GC Thread#1"                     [id=6572, stack(0x0000003c5f300000,0x0000003c5f400000) (1024K)]
  0x000001e4c68f0550 WorkerThread "GC Thread#2"                     [id=10272, stack(0x0000003c5f400000,0x0000003c5f500000) (1024K)]
  0x000001e4c69b9ac0 WorkerThread "GC Thread#3"                     [id=16812, stack(0x0000003c5f500000,0x0000003c5f600000) (1024K)]
  0x000001e4c6370610 WorkerThread "GC Thread#4"                     [id=17512, stack(0x0000003c5f600000,0x0000003c5f700000) (1024K)]
  0x000001e4c6777ad0 WorkerThread "GC Thread#5"                     [id=16620, stack(0x0000003c5f700000,0x0000003c5f800000) (1024K)]
  0x000001e4c6778280 WorkerThread "GC Thread#6"                     [id=14340, stack(0x0000003c5f800000,0x0000003c5f900000) (1024K)]
  0x000001e4c6b7a060 WorkerThread "GC Thread#7"                     [id=21048, stack(0x0000003c5fc00000,0x0000003c5fd00000) (1024K)]
  0x000001e4c6ab1930 WorkerThread "GC Thread#8"                     [id=11432, stack(0x0000003c5ff00000,0x0000003c60000000) (1024K)]
  0x000001e4c6f898d0 WorkerThread "GC Thread#9"                     [id=2676, stack(0x0000003c60000000,0x0000003c60100000) (1024K)]
Total: 12

Threads with active compile tasks:
C2 CompilerThread0  4731 5782       4       org.eclipse.jdt.internal.compiler.lookup.BinaryTypeBinding::createMethod (1666 bytes)
C1 CompilerThread0  4731 6153   !   3       org.eclipse.jdt.internal.compiler.lookup.Scope::getBinding (1577 bytes)
C2 CompilerThread1  4731 5918   !   4       jdk.internal.jrtfs.JrtPath::toUri (169 bytes)
C2 CompilerThread2  4731 5919 % !   4       org.eclipse.jdt.internal.compiler.classfmt.ClassFileReader::<init> @ 81 (1968 bytes)
Total: 4

VM state: not at safepoint (normal execution)

VM Mutex/Monitor currently owned by a thread: None

Heap address: 0x0000000080000000, size: 2048 MB, Compressed Oops mode: 32-bit

CDS archive(s) mapped at: [0x000001e480000000-0x000001e480ba0000-0x000001e480ba0000), size 12189696, SharedBaseAddress: 0x000001e480000000, ArchiveRelocationMode: 1.
Compressed class space mapped at: 0x000001e481000000-0x000001e4c1000000, reserved size: 1073741824
Narrow klass base: 0x000001e480000000, Narrow klass shift: 0, Narrow klass range: 0x100000000

GC Precious Log:
 CardTable entry size: 512
 CPUs: 12 total, 12 available
 Memory: 16085M
 Large Page Support: Disabled
 NUMA Support: Disabled
 Compressed Oops: Enabled (32-bit)
 Alignments: Space 512K, Generation 512K, Heap 2M
 Heap Min Capacity: 100M
 Heap Initial Capacity: 100M
 Heap Max Capacity: 2G
 Pre-touch: Disabled
 Parallel Workers: 10

Heap:
 PSYoungGen      total 24576K, used 10975K [0x00000000d5580000, 0x00000000d7180000, 0x0000000100000000)
  eden space 21504K, 36% used [0x00000000d5580000,0x00000000d5d43880,0x00000000d6a80000)
  from space 3072K, 98% used [0x00000000d6e80000,0x00000000d7174668,0x00000000d7180000)
  to   space 3584K, 0% used [0x00000000d6a80000,0x00000000d6a80000,0x00000000d6e00000)
 ParOldGen       total 68608K, used 32654K [0x0000000080000000, 0x0000000084300000, 0x00000000d5580000)
  object space 68608K, 47% used [0x0000000080000000,0x0000000081fe3a68,0x0000000084300000)
 Metaspace       used 43588K, committed 44544K, reserved 1114112K
  class space    used 4418K, committed 4864K, reserved 1048576K

Card table byte_map: [0x000001e4f96e0000,0x000001e4f9af0000] _byte_map_base: 0x000001e4f92e0000

Marking Bits: (ParMarkBitMap*) 0x00007ffa2e323450
 Begin Bits: [0x000001e4f9da0000, 0x000001e4fbda0000)
 End Bits:   [0x000001e4fbda0000, 0x000001e4fdda0000)

Polling page: 0x000001e4e5c90000

Metaspace:

Usage:
  Non-class:     38.25 MB used.
      Class:      4.31 MB used.
       Both:     42.57 MB used.

Virtual space:
  Non-class space:       64.00 MB reserved,      38.75 MB ( 61%) committed,  1 nodes.
      Class space:        1.00 GB reserved,       4.75 MB ( <1%) committed,  1 nodes.
             Both:        1.06 GB reserved,      43.50 MB (  4%) committed. 

Chunk freelists:
   Non-Class:  8.88 MB
       Class:  11.06 MB
        Both:  19.94 MB

MaxMetaspaceSize: unlimited
CompressedClassSpaceSize: 1.00 GB
Initial GC threshold: 21.00 MB
Current GC threshold: 58.38 MB
CDS: on
 - commit_granule_bytes: 65536.
 - commit_granule_words: 8192.
 - virtual_space_node_default_size: 8388608.
 - enlarge_chunks_in_place: 1.
 - use_allocation_guard: 0.


Internal statistics:

num_allocs_failed_limit: 6.
num_arena_births: 958.
num_arena_deaths: 150.
num_vsnodes_births: 2.
num_vsnodes_deaths: 0.
num_space_committed: 696.
num_space_uncommitted: 0.
num_chunks_returned_to_freelist: 214.
num_chunks_taken_from_freelist: 3002.
num_chunk_merges: 73.
num_chunk_splits: 1791.
num_chunks_enlarged: 1041.
num_inconsistent_stats: 0.

CodeHeap 'non-profiled nmethods': size=120000Kb used=3663Kb max_used=3663Kb free=116336Kb
 bounds [0x000001e4f20c0000, 0x000001e4f2460000, 0x000001e4f95f0000]
CodeHeap 'profiled nmethods': size=120000Kb used=12325Kb max_used=12325Kb free=107674Kb
 bounds [0x000001e4ea5f0000, 0x000001e4eb200000, 0x000001e4f1b20000]
CodeHeap 'non-nmethods': size=5760Kb used=1446Kb max_used=1488Kb free=4313Kb
 bounds [0x000001e4f1b20000, 0x000001e4f1d90000, 0x000001e4f20c0000]
CodeCache: size=245760Kb, used=17434Kb, max_used=17476Kb, free=228323Kb
 total_blobs=6474, nmethods=5748, adapters=627, full_count=0
Compilation: enabled, stopped_count=0, restarted_count=0

Compilation events (20 events):
Event: 4.714 Thread 0x000001e4e5a7e7a0 nmethod 6104 0x000001e4eb1d9290 code [0x000001e4eb1d94a0, 0x000001e4eb1d99e0]
Event: 4.714 Thread 0x000001e4e5a7e7a0 6106       3       org.eclipse.jdt.internal.compiler.util.Util::scanTypeVariableSignature (60 bytes)
Event: 4.715 Thread 0x000001e4e5a7e7a0 nmethod 6106 0x000001e4eb1d9c10 code [0x000001e4eb1d9ea0, 0x000001e4eb1da820]
Event: 4.715 Thread 0x000001e4e5a7e7a0 6107       3       java.util.LinkedHashMap::values (5 bytes)
Event: 4.715 Thread 0x000001e4e5a7e7a0 nmethod 6107 0x000001e4eb1dac10 code [0x000001e4eb1dadc0, 0x000001e4eb1daf80]
Event: 4.716 Thread 0x000001e4e5a7e7a0 6108       3       org.eclipse.jdt.internal.compiler.lookup.UnresolvedReferenceBinding::setResolvedType (69 bytes)
Event: 4.716 Thread 0x000001e4e5a7e7a0 nmethod 6108 0x000001e4eb1db010 code [0x000001e4eb1db200, 0x000001e4eb1db6e0]
Event: 4.716 Thread 0x000001e4e5a7e7a0 6109       1       org.eclipse.jdt.internal.compiler.lookup.ParameterizedTypeBinding::kind (4 bytes)
Event: 4.716 Thread 0x000001e4e5a7e7a0 nmethod 6109 0x000001e4f2452a90 code [0x000001e4f2452c20, 0x000001e4f2452ce8]
Event: 4.716 Thread 0x000001e4e5a7e7a0 6110       3       org.eclipse.jdt.internal.compiler.lookup.ParameterizedTypeBinding::initialize (293 bytes)
Event: 4.716 Thread 0x000001e4e5a7e7a0 nmethod 6110 0x000001e4eb1db910 code [0x000001e4eb1dbae0, 0x000001e4eb1dc1a8]
Event: 4.717 Thread 0x000001e4e5a7e7a0 6111       3       org.eclipse.jdt.internal.compiler.util.Util::scanTypeArgumentSignature (62 bytes)
Event: 4.717 Thread 0x000001e4e5a7e7a0 nmethod 6111 0x000001e4eb1dc390 code [0x000001e4eb1dc5a0, 0x000001e4eb1dcab0]
Event: 4.717 Thread 0x000001e4e5a7e7a0 6112       3       org.eclipse.jdt.internal.compiler.lookup.TypeSystem$HashedParameterizedTypes$PTBKey::equals (45 bytes)
Event: 4.717 Thread 0x000001e4e5a7e7a0 nmethod 6112 0x000001e4eb1dcd10 code [0x000001e4eb1dcee0, 0x000001e4eb1dd1e8]
Event: 4.717 Thread 0x000001e4e5a7e7a0 6113       3       java.io.ByteArrayInputStream::<init> (26 bytes)
Event: 4.717 Thread 0x000001e4e5a7e7a0 nmethod 6113 0x000001e4eb1dd310 code [0x000001e4eb1dd4c0, 0x000001e4eb1dd6c0]
Event: 4.719 Thread 0x000001e4e5a7e7a0 6114       3       org.eclipse.jdt.internal.compiler.lookup.LookupEnvironment::askForTypeFromModules (229 bytes)
Event: 4.719 Thread 0x000001e4e5a7e7a0 nmethod 6114 0x000001e4eb1dd810 code [0x000001e4eb1ddae0, 0x000001e4eb1dee10]
Event: 4.720 Thread 0x000001e4e5a7e7a0 6115   !   3       org.eclipse.jdt.internal.compiler.lookup.BinaryTypeBinding::resolveTypesFor (295 bytes)

GC Heap History (20 events):
Event: 2.421 GC heap before
{Heap before GC invocations=17 (full 1):
 PSYoungGen      total 24064K, used 23744K [0x00000000d5580000, 0x00000000d6f80000, 0x0000000100000000)
  eden space 21504K, 100% used [0x00000000d5580000,0x00000000d6a80000,0x00000000d6a80000)
  from space 2560K, 87% used [0x00000000d6b00000,0x00000000d6d30010,0x00000000d6d80000)
  to   space 2048K, 0% used [0x00000000d6d80000,0x00000000d6d80000,0x00000000d6f80000)
 ParOldGen       total 68608K, used 24521K [0x0000000080000000, 0x0000000084300000, 0x00000000d5580000)
  object space 68608K, 35% used [0x0000000080000000,0x00000000817f27d8,0x0000000084300000)
 Metaspace       used 32802K, committed 33728K, reserved 1114112K
  class space    used 3335K, committed 3776K, reserved 1048576K
}
Event: 2.423 GC heap after
{Heap after GC invocations=17 (full 1):
 PSYoungGen      total 23552K, used 1952K [0x00000000d5580000, 0x00000000d6f80000, 0x0000000100000000)
  eden space 21504K, 0% used [0x00000000d5580000,0x00000000d5580000,0x00000000d6a80000)
  from space 2048K, 95% used [0x00000000d6d80000,0x00000000d6f68000,0x00000000d6f80000)
  to   space 2560K, 0% used [0x00000000d6a80000,0x00000000d6a80000,0x00000000d6d00000)
 ParOldGen       total 68608K, used 26673K [0x0000000080000000, 0x0000000084300000, 0x00000000d5580000)
  object space 68608K, 38% used [0x0000000080000000,0x0000000081a0c7e8,0x0000000084300000)
 Metaspace       used 32802K, committed 33728K, reserved 1114112K
  class space    used 3335K, committed 3776K, reserved 1048576K
}
Event: 2.489 GC heap before
{Heap before GC invocations=18 (full 1):
 PSYoungGen      total 23552K, used 23456K [0x00000000d5580000, 0x00000000d6f80000, 0x0000000100000000)
  eden space 21504K, 100% used [0x00000000d5580000,0x00000000d6a80000,0x00000000d6a80000)
  from space 2048K, 95% used [0x00000000d6d80000,0x00000000d6f68000,0x00000000d6f80000)
  to   space 2560K, 0% used [0x00000000d6a80000,0x00000000d6a80000,0x00000000d6d00000)
 ParOldGen       total 68608K, used 26673K [0x0000000080000000, 0x0000000084300000, 0x00000000d5580000)
  object space 68608K, 38% used [0x0000000080000000,0x0000000081a0c7e8,0x0000000084300000)
 Metaspace       used 33737K, committed 34752K, reserved 1114112K
  class space    used 3432K, committed 3904K, reserved 1048576K
}
Event: 2.491 GC heap after
{Heap after GC invocations=18 (full 1):
 PSYoungGen      total 23552K, used 2000K [0x00000000d5580000, 0x00000000d6e80000, 0x0000000100000000)
  eden space 21504K, 0% used [0x00000000d5580000,0x00000000d5580000,0x00000000d6a80000)
  from space 2048K, 97% used [0x00000000d6a80000,0x00000000d6c74158,0x00000000d6c80000)
  to   space 2048K, 0% used [0x00000000d6c80000,0x00000000d6c80000,0x00000000d6e80000)
 ParOldGen       total 68608K, used 28578K [0x0000000080000000, 0x0000000084300000, 0x00000000d5580000)
  object space 68608K, 41% used [0x0000000080000000,0x0000000081be89e8,0x0000000084300000)
 Metaspace       used 33737K, committed 34752K, reserved 1114112K
  class space    used 3432K, committed 3904K, reserved 1048576K
}
Event: 2.574 GC heap before
{Heap before GC invocations=19 (full 1):
 PSYoungGen      total 23552K, used 9501K [0x00000000d5580000, 0x00000000d6e80000, 0x0000000100000000)
  eden space 21504K, 34% used [0x00000000d5580000,0x00000000d5cd32e8,0x00000000d6a80000)
  from space 2048K, 97% used [0x00000000d6a80000,0x00000000d6c74158,0x00000000d6c80000)
  to   space 2048K, 0% used [0x00000000d6c80000,0x00000000d6c80000,0x00000000d6e80000)
 ParOldGen       total 68608K, used 28578K [0x0000000080000000, 0x0000000084300000, 0x00000000d5580000)
  object space 68608K, 41% used [0x0000000080000000,0x0000000081be89e8,0x0000000084300000)
 Metaspace       used 34840K, committed 35840K, reserved 1114112K
  class space    used 3562K, committed 4032K, reserved 1048576K
}
Event: 2.575 GC heap after
{Heap after GC invocations=19 (full 1):
 PSYoungGen      total 22528K, used 792K [0x00000000d5580000, 0x00000000d6d80000, 0x0000000100000000)
  eden space 21504K, 0% used [0x00000000d5580000,0x00000000d5580000,0x00000000d6a80000)
  from space 1024K, 77% used [0x00000000d6c80000,0x00000000d6d462e8,0x00000000d6d80000)
  to   space 1536K, 0% used [0x00000000d6a80000,0x00000000d6a80000,0x00000000d6c00000)
 ParOldGen       total 68608K, used 30223K [0x0000000080000000, 0x0000000084300000, 0x00000000d5580000)
  object space 68608K, 44% used [0x0000000080000000,0x0000000081d83fd0,0x0000000084300000)
 Metaspace       used 34840K, committed 35840K, reserved 1114112K
  class space    used 3562K, committed 4032K, reserved 1048576K
}
Event: 2.575 GC heap before
{Heap before GC invocations=20 (full 2):
 PSYoungGen      total 22528K, used 792K [0x00000000d5580000, 0x00000000d6d80000, 0x0000000100000000)
  eden space 21504K, 0% used [0x00000000d5580000,0x00000000d5580000,0x00000000d6a80000)
  from space 1024K, 77% used [0x00000000d6c80000,0x00000000d6d462e8,0x00000000d6d80000)
  to   space 1536K, 0% used [0x00000000d6a80000,0x00000000d6a80000,0x00000000d6c00000)
 ParOldGen       total 68608K, used 30223K [0x0000000080000000, 0x0000000084300000, 0x00000000d5580000)
  object space 68608K, 44% used [0x0000000080000000,0x0000000081d83fd0,0x0000000084300000)
 Metaspace       used 34840K, committed 35840K, reserved 1114112K
  class space    used 3562K, committed 4032K, reserved 1048576K
}
Event: 2.603 GC heap after
{Heap after GC invocations=20 (full 2):
 PSYoungGen      total 22528K, used 0K [0x00000000d5580000, 0x00000000d6d80000, 0x0000000100000000)
  eden space 21504K, 0% used [0x00000000d5580000,0x00000000d5580000,0x00000000d6a80000)
  from space 1024K, 0% used [0x00000000d6c80000,0x00000000d6c80000,0x00000000d6d80000)
  to   space 1536K, 0% used [0x00000000d6a80000,0x00000000d6a80000,0x00000000d6c00000)
 ParOldGen       total 68608K, used 28481K [0x0000000080000000, 0x0000000084300000, 0x00000000d5580000)
  object space 68608K, 41% used [0x0000000080000000,0x0000000081bd0438,0x0000000084300000)
 Metaspace       used 34720K, committed 35840K, reserved 1114112K
  class space    used 3527K, committed 4032K, reserved 1048576K
}
Event: 2.639 GC heap before
{Heap before GC invocations=21 (full 2):
 PSYoungGen      total 22528K, used 21504K [0x00000000d5580000, 0x00000000d6d80000, 0x0000000100000000)
  eden space 21504K, 100% used [0x00000000d5580000,0x00000000d6a80000,0x00000000d6a80000)
  from space 1024K, 0% used [0x00000000d6c80000,0x00000000d6c80000,0x00000000d6d80000)
  to   space 1536K, 0% used [0x00000000d6a80000,0x00000000d6a80000,0x00000000d6c00000)
 ParOldGen       total 68608K, used 28481K [0x0000000080000000, 0x0000000084300000, 0x00000000d5580000)
  object space 68608K, 41% used [0x0000000080000000,0x0000000081bd0438,0x0000000084300000)
 Metaspace       used 34755K, committed 35840K, reserved 1114112K
  class space    used 3529K, committed 4032K, reserved 1048576K
}
Event: 2.640 GC heap after
{Heap after GC invocations=21 (full 2):
 PSYoungGen      total 23040K, used 1464K [0x00000000d5580000, 0x00000000d6e80000, 0x0000000100000000)
  eden space 21504K, 0% used [0x00000000d5580000,0x00000000d5580000,0x00000000d6a80000)
  from space 1536K, 95% used [0x00000000d6a80000,0x00000000d6bee278,0x00000000d6c00000)
  to   space 2048K, 0% used [0x00000000d6c80000,0x00000000d6c80000,0x00000000d6e80000)
 ParOldGen       total 68608K, used 28671K [0x0000000080000000, 0x0000000084300000, 0x00000000d5580000)
  object space 68608K, 41% used [0x0000000080000000,0x0000000081bfff60,0x0000000084300000)
 Metaspace       used 34755K, committed 35840K, reserved 1114112K
  class space    used 3529K, committed 4032K, reserved 1048576K
}
Event: 2.725 GC heap before
{Heap before GC invocations=22 (full 2):
 PSYoungGen      total 23040K, used 22968K [0x00000000d5580000, 0x00000000d6e80000, 0x0000000100000000)
  eden space 21504K, 100% used [0x00000000d5580000,0x00000000d6a80000,0x00000000d6a80000)
  from space 1536K, 95% used [0x00000000d6a80000,0x00000000d6bee278,0x00000000d6c00000)
  to   space 2048K, 0% used [0x00000000d6c80000,0x00000000d6c80000,0x00000000d6e80000)
 ParOldGen       total 68608K, used 28671K [0x0000000080000000, 0x0000000084300000, 0x00000000d5580000)
  object space 68608K, 41% used [0x0000000080000000,0x0000000081bfff60,0x0000000084300000)
 Metaspace       used 35988K, committed 36928K, reserved 1114112K
  class space    used 3664K, committed 4096K, reserved 1048576K
}
Event: 2.726 GC heap after
{Heap after GC invocations=22 (full 2):
 PSYoungGen      total 22016K, used 288K [0x00000000d5580000, 0x00000000d6d00000, 0x0000000100000000)
  eden space 21504K, 0% used [0x00000000d5580000,0x00000000d5580000,0x00000000d6a80000)
  from space 512K, 56% used [0x00000000d6c80000,0x00000000d6cc8000,0x00000000d6d00000)
  to   space 1024K, 0% used [0x00000000d6b00000,0x00000000d6b00000,0x00000000d6c00000)
 ParOldGen       total 68608K, used 28735K [0x0000000080000000, 0x0000000084300000, 0x00000000d5580000)
  object space 68608K, 41% used [0x0000000080000000,0x0000000081c0ff60,0x0000000084300000)
 Metaspace       used 35988K, committed 36928K, reserved 1114112K
  class space    used 3664K, committed 4096K, reserved 1048576K
}
Event: 2.902 GC heap before
{Heap before GC invocations=23 (full 2):
 PSYoungGen      total 22016K, used 21750K [0x00000000d5580000, 0x00000000d6d00000, 0x0000000100000000)
  eden space 21504K, 99% used [0x00000000d5580000,0x00000000d6a75ad8,0x00000000d6a80000)
  from space 512K, 56% used [0x00000000d6c80000,0x00000000d6cc8000,0x00000000d6d00000)
  to   space 1024K, 0% used [0x00000000d6b00000,0x00000000d6b00000,0x00000000d6c00000)
 ParOldGen       total 68608K, used 28735K [0x0000000080000000, 0x0000000084300000, 0x00000000d5580000)
  object space 68608K, 41% used [0x0000000080000000,0x0000000081c0ff60,0x0000000084300000)
 Metaspace       used 36932K, committed 37824K, reserved 1114112K
  class space    used 3783K, committed 4224K, reserved 1048576K
}
Event: 2.903 GC heap after
{Heap after GC invocations=23 (full 2):
 PSYoungGen      total 22528K, used 480K [0x00000000d5580000, 0x00000000d6d00000, 0x0000000100000000)
  eden space 21504K, 0% used [0x00000000d5580000,0x00000000d5580000,0x00000000d6a80000)
  from space 1024K, 46% used [0x00000000d6b00000,0x00000000d6b78000,0x00000000d6c00000)
  to   space 1024K, 0% used [0x00000000d6c00000,0x00000000d6c00000,0x00000000d6d00000)
 ParOldGen       total 68608K, used 28879K [0x0000000080000000, 0x0000000084300000, 0x00000000d5580000)
  object space 68608K, 42% used [0x0000000080000000,0x0000000081c33f60,0x0000000084300000)
 Metaspace       used 36932K, committed 37824K, reserved 1114112K
  class space    used 3783K, committed 4224K, reserved 1048576K
}
Event: 3.212 GC heap before
{Heap before GC invocations=24 (full 2):
 PSYoungGen      total 22528K, used 21984K [0x00000000d5580000, 0x00000000d6d00000, 0x0000000100000000)
  eden space 21504K, 100% used [0x00000000d5580000,0x00000000d6a80000,0x00000000d6a80000)
  from space 1024K, 46% used [0x00000000d6b00000,0x00000000d6b78000,0x00000000d6c00000)
  to   space 1024K, 0% used [0x00000000d6c00000,0x00000000d6c00000,0x00000000d6d00000)
 ParOldGen       total 68608K, used 28879K [0x0000000080000000, 0x0000000084300000, 0x00000000d5580000)
  object space 68608K, 42% used [0x0000000080000000,0x0000000081c33f60,0x0000000084300000)
 Metaspace       used 39403K, committed 40320K, reserved 1114112K
  class space    used 4002K, committed 4416K, reserved 1048576K
}
Event: 3.212 GC heap after
{Heap after GC invocations=24 (full 2):
 PSYoungGen      total 22528K, used 794K [0x00000000d5580000, 0x00000000d6d00000, 0x0000000100000000)
  eden space 21504K, 0% used [0x00000000d5580000,0x00000000d5580000,0x00000000d6a80000)
  from space 1024K, 77% used [0x00000000d6c00000,0x00000000d6cc6970,0x00000000d6d00000)
  to   space 1024K, 0% used [0x00000000d6b00000,0x00000000d6b00000,0x00000000d6c00000)
 ParOldGen       total 68608K, used 29159K [0x0000000080000000, 0x0000000084300000, 0x00000000d5580000)
  object space 68608K, 42% used [0x0000000080000000,0x0000000081c79f60,0x0000000084300000)
 Metaspace       used 39403K, committed 40320K, reserved 1114112K
  class space    used 4002K, committed 4416K, reserved 1048576K
}
Event: 3.946 GC heap before
{Heap before GC invocations=25 (full 2):
 PSYoungGen      total 22528K, used 22298K [0x00000000d5580000, 0x00000000d6d00000, 0x0000000100000000)
  eden space 21504K, 100% used [0x00000000d5580000,0x00000000d6a80000,0x00000000d6a80000)
  from space 1024K, 77% used [0x00000000d6c00000,0x00000000d6cc6970,0x00000000d6d00000)
  to   space 1024K, 0% used [0x00000000d6b00000,0x00000000d6b00000,0x00000000d6c00000)
 ParOldGen       total 68608K, used 29159K [0x0000000080000000, 0x0000000084300000, 0x00000000d5580000)
  object space 68608K, 42% used [0x0000000080000000,0x0000000081c79f60,0x0000000084300000)
 Metaspace       used 41666K, committed 42688K, reserved 1114112K
  class space    used 4255K, committed 4736K, reserved 1048576K
}
Event: 3.950 GC heap after
{Heap after GC invocations=25 (full 2):
 PSYoungGen      total 22528K, used 995K [0x00000000d5580000, 0x00000000d7280000, 0x0000000100000000)
  eden space 21504K, 0% used [0x00000000d5580000,0x00000000d5580000,0x00000000d6a80000)
  from space 1024K, 97% used [0x00000000d6b00000,0x00000000d6bf8fe8,0x00000000d6c00000)
  to   space 4096K, 0% used [0x00000000d6e80000,0x00000000d6e80000,0x00000000d7280000)
 ParOldGen       total 68608K, used 31650K [0x0000000080000000, 0x0000000084300000, 0x00000000d5580000)
  object space 68608K, 46% used [0x0000000080000000,0x0000000081ee88b0,0x0000000084300000)
 Metaspace       used 41666K, committed 42688K, reserved 1114112K
  class space    used 4255K, committed 4736K, reserved 1048576K
}
Event: 4.650 GC heap before
{Heap before GC invocations=26 (full 2):
 PSYoungGen      total 22528K, used 22499K [0x00000000d5580000, 0x00000000d7280000, 0x0000000100000000)
  eden space 21504K, 100% used [0x00000000d5580000,0x00000000d6a80000,0x00000000d6a80000)
  from space 1024K, 97% used [0x00000000d6b00000,0x00000000d6bf8fe8,0x00000000d6c00000)
  to   space 4096K, 0% used [0x00000000d6e80000,0x00000000d6e80000,0x00000000d7280000)
 ParOldGen       total 68608K, used 31650K [0x0000000080000000, 0x0000000084300000, 0x00000000d5580000)
  object space 68608K, 46% used [0x0000000080000000,0x0000000081ee88b0,0x0000000084300000)
 Metaspace       used 43321K, committed 44352K, reserved 1114112K
  class space    used 4397K, committed 4864K, reserved 1048576K
}
Event: 4.652 GC heap after
{Heap after GC invocations=26 (full 2):
 PSYoungGen      total 24576K, used 3025K [0x00000000d5580000, 0x00000000d7180000, 0x0000000100000000)
  eden space 21504K, 0% used [0x00000000d5580000,0x00000000d5580000,0x00000000d6a80000)
  from space 3072K, 98% used [0x00000000d6e80000,0x00000000d7174668,0x00000000d7180000)
  to   space 3584K, 0% used [0x00000000d6a80000,0x00000000d6a80000,0x00000000d6e00000)
 ParOldGen       total 68608K, used 32654K [0x0000000080000000, 0x0000000084300000, 0x00000000d5580000)
  object space 68608K, 47% used [0x0000000080000000,0x0000000081fe3a68,0x0000000084300000)
 Metaspace       used 43321K, committed 44352K, reserved 1114112K
  class space    used 4397K, committed 4864K, reserved 1048576K
}

Dll operation events (10 events):
Event: 0.007 Loaded shared library c:\Users\HARENKANTO\.vscode\extensions\redhat.java-1.53.0-win32-x64\jre\21.0.10-win32-x86_64\bin\java.dll
Event: 0.044 Loaded shared library c:\Users\HARENKANTO\.vscode\extensions\redhat.java-1.53.0-win32-x64\jre\21.0.10-win32-x86_64\bin\zip.dll
Event: 0.054 Loaded shared library C:\Users\HARENKANTO\.vscode\extensions\redhat.java-1.53.0-win32-x64\jre\21.0.10-win32-x86_64\bin\instrument.dll
Event: 0.057 Loaded shared library C:\Users\HARENKANTO\.vscode\extensions\redhat.java-1.53.0-win32-x64\jre\21.0.10-win32-x86_64\bin\net.dll
Event: 0.058 Loaded shared library C:\Users\HARENKANTO\.vscode\extensions\redhat.java-1.53.0-win32-x64\jre\21.0.10-win32-x86_64\bin\nio.dll
Event: 0.060 Loaded shared library C:\Users\HARENKANTO\.vscode\extensions\redhat.java-1.53.0-win32-x64\jre\21.0.10-win32-x86_64\bin\zip.dll
Event: 0.071 Loaded shared library C:\Users\HARENKANTO\.vscode\extensions\redhat.java-1.53.0-win32-x64\jre\21.0.10-win32-x86_64\bin\jimage.dll
Event: 0.109 Loaded shared library c:\Users\HARENKANTO\.vscode\extensions\redhat.java-1.53.0-win32-x64\jre\21.0.10-win32-x86_64\bin\verify.dll
Event: 0.763 Loaded shared library C:\Users\HARENKANTO\AppData\Roaming\Code\User\globalStorage\redhat.java\1.53.0\config_ss_win\org.eclipse.equinox.launcher\org.eclipse.equinox.launcher.win32.win32.x86_64_1.3.0.v20260203-2149\eclipse_11919.dll
Event: 1.232 Loaded shared library C:\Users\HARENKANTO\AppData\Local\Temp\jna-1804596881\jna9985752434006600813.dll

Deoptimization events (20 events):
Event: 4.653 Thread 0x000001e4c7535540 DEOPT PACKING pc=0x000001e4f22dcf34 sp=0x0000003c614fd990
Event: 4.653 Thread 0x000001e4c7535540 DEOPT UNPACKING pc=0x000001e4f1b73aa2 sp=0x0000003c614fd898 mode 2
Event: 4.661 Thread 0x000001e4c7535540 Uncommon trap: trap_request=0xffffffbe fr.pc=0x000001e4f2446a20 relative=0x0000000000000480
Event: 4.661 Thread 0x000001e4c7535540 Uncommon trap: reason=profile_predicate action=maybe_recompile pc=0x000001e4f2446a20 method=org.eclipse.jdt.internal.compiler.parser.Scanner.jumpOverMethodBody()V @ 12 c2
Event: 4.661 Thread 0x000001e4c7535540 DEOPT PACKING pc=0x000001e4f2446a20 sp=0x0000003c614fead0
Event: 4.661 Thread 0x000001e4c7535540 DEOPT UNPACKING pc=0x000001e4f1b73aa2 sp=0x0000003c614fea60 mode 2
Event: 4.662 Thread 0x000001e4c7535540 Uncommon trap: trap_request=0xffffffbe fr.pc=0x000001e4f2446a20 relative=0x0000000000000480
Event: 4.662 Thread 0x000001e4c7535540 Uncommon trap: reason=profile_predicate action=maybe_recompile pc=0x000001e4f2446a20 method=org.eclipse.jdt.internal.compiler.parser.Scanner.jumpOverMethodBody()V @ 12 c2
Event: 4.662 Thread 0x000001e4c7535540 DEOPT PACKING pc=0x000001e4f2446a20 sp=0x0000003c614fead0
Event: 4.662 Thread 0x000001e4c7535540 DEOPT UNPACKING pc=0x000001e4f1b73aa2 sp=0x0000003c614fea60 mode 2
Event: 4.662 Thread 0x000001e4c7535540 Uncommon trap: trap_request=0xffffffbe fr.pc=0x000001e4f2446a20 relative=0x0000000000000480
Event: 4.662 Thread 0x000001e4c7535540 Uncommon trap: reason=profile_predicate action=maybe_recompile pc=0x000001e4f2446a20 method=org.eclipse.jdt.internal.compiler.parser.Scanner.jumpOverMethodBody()V @ 12 c2
Event: 4.662 Thread 0x000001e4c7535540 DEOPT PACKING pc=0x000001e4f2446a20 sp=0x0000003c614fead0
Event: 4.662 Thread 0x000001e4c7535540 DEOPT UNPACKING pc=0x000001e4f1b73aa2 sp=0x0000003c614fea60 mode 2
Event: 4.662 Thread 0x000001e4c7535540 Uncommon trap: trap_request=0xffffffbe fr.pc=0x000001e4f2446a20 relative=0x0000000000000480
Event: 4.662 Thread 0x000001e4c7535540 Uncommon trap: reason=profile_predicate action=maybe_recompile pc=0x000001e4f2446a20 method=org.eclipse.jdt.internal.compiler.parser.Scanner.jumpOverMethodBody()V @ 12 c2
Event: 4.662 Thread 0x000001e4c7535540 DEOPT PACKING pc=0x000001e4f2446a20 sp=0x0000003c614fead0
Event: 4.662 Thread 0x000001e4c7535540 DEOPT UNPACKING pc=0x000001e4f1b73aa2 sp=0x0000003c614fea60 mode 2
Event: 4.692 Thread 0x000001e4c7535540 DEOPT PACKING pc=0x000001e4eb0d2295 sp=0x0000003c614fde40
Event: 4.692 Thread 0x000001e4c7535540 DEOPT UNPACKING pc=0x000001e4f1b74242 sp=0x0000003c614fd250 mode 0

Classes loaded (20 events):
Event: 3.208 Loading class sun/util/logging/resources/logging_fr_FR
Event: 3.208 Loading class sun/util/logging/resources/logging_fr_FR done
Event: 3.208 Loading class sun/util/logging/resources/logging_fr_FR
Event: 3.208 Loading class sun/util/logging/resources/logging_fr_FR done
Event: 3.208 Loading class java/util/Formatter$DateTime
Event: 3.209 Loading class java/util/Formatter$DateTime done
Event: 3.209 Loading class java/time/ZonedDateTime$1
Event: 3.209 Loading class java/time/ZonedDateTime$1 done
Event: 3.224 Loading class java/util/regex/PatternSyntaxException
Event: 3.224 Loading class java/util/regex/PatternSyntaxException done
Event: 3.284 Loading class java/util/stream/ReduceOps$4
Event: 3.284 Loading class java/util/stream/ReduceOps$4 done
Event: 3.284 Loading class java/util/stream/ReduceOps$4ReducingSink
Event: 3.284 Loading class java/util/stream/ReduceOps$4ReducingSink done
Event: 3.511 Loading class java/util/Collections$SynchronizedRandomAccessList
Event: 3.511 Loading class java/util/Collections$SynchronizedList
Event: 3.511 Loading class java/util/Collections$SynchronizedList done
Event: 3.511 Loading class java/util/Collections$SynchronizedRandomAccessList done
Event: 3.519 Loading class java/util/concurrent/CompletionException
Event: 3.519 Loading class java/util/concurrent/CompletionException done

Classes unloaded (20 events):
Event: 2.581 Thread 0x000001e4fe3b4970 Unloading class 0x000001e48138a400 'java/lang/invoke/LambdaForm$MH+0x000001e48138a400'
Event: 2.581 Thread 0x000001e4fe3b4970 Unloading class 0x000001e48138a000 'java/lang/invoke/LambdaForm$MH+0x000001e48138a000'
Event: 2.581 Thread 0x000001e4fe3b4970 Unloading class 0x000001e481389800 'java/lang/invoke/LambdaForm$MH+0x000001e481389800'
Event: 2.581 Thread 0x000001e4fe3b4970 Unloading class 0x000001e481389400 'java/lang/invoke/LambdaForm$MH+0x000001e481389400'
Event: 2.581 Thread 0x000001e4fe3b4970 Unloading class 0x000001e481389000 'java/lang/invoke/LambdaForm$MH+0x000001e481389000'
Event: 2.581 Thread 0x000001e4fe3b4970 Unloading class 0x000001e481388800 'java/lang/invoke/LambdaForm$MH+0x000001e481388800'
Event: 2.581 Thread 0x000001e4fe3b4970 Unloading class 0x000001e481388400 'java/lang/invoke/LambdaForm$MH+0x000001e481388400'
Event: 2.581 Thread 0x000001e4fe3b4970 Unloading class 0x000001e481388000 'java/lang/invoke/LambdaForm$MH+0x000001e481388000'
Event: 2.581 Thread 0x000001e4fe3b4970 Unloading class 0x000001e481387800 'java/lang/invoke/LambdaForm$MH+0x000001e481387800'
Event: 2.581 Thread 0x000001e4fe3b4970 Unloading class 0x000001e481387000 'java/lang/invoke/LambdaForm$MH+0x000001e481387000'
Event: 2.581 Thread 0x000001e4fe3b4970 Unloading class 0x000001e481387400 'java/lang/invoke/LambdaForm$MH+0x000001e481387400'
Event: 2.581 Thread 0x000001e4fe3b4970 Unloading class 0x000001e481386000 'java/lang/invoke/LambdaForm$MH+0x000001e481386000'
Event: 2.581 Thread 0x000001e4fe3b4970 Unloading class 0x000001e481386800 'java/lang/invoke/LambdaForm$MH+0x000001e481386800'
Event: 2.581 Thread 0x000001e4fe3b4970 Unloading class 0x000001e481386400 'java/lang/invoke/LambdaForm$MH+0x000001e481386400'
Event: 2.581 Thread 0x000001e4fe3b4970 Unloading class 0x000001e481385c00 'java/lang/invoke/LambdaForm$MH+0x000001e481385c00'
Event: 2.581 Thread 0x000001e4fe3b4970 Unloading class 0x000001e481385800 'java/lang/invoke/LambdaForm$MH+0x000001e481385800'
Event: 2.581 Thread 0x000001e4fe3b4970 Unloading class 0x000001e481385400 'java/lang/invoke/LambdaForm$MH+0x000001e481385400'
Event: 2.581 Thread 0x000001e4fe3b4970 Unloading class 0x000001e481384c00 'java/lang/invoke/LambdaForm$DMH+0x000001e481384c00'
Event: 2.581 Thread 0x000001e4fe3b4970 Unloading class 0x000001e481384800 'java/lang/invoke/LambdaForm$DMH+0x000001e481384800'
Event: 2.581 Thread 0x000001e4fe3b4970 Unloading class 0x000001e481384000 'java/lang/invoke/LambdaForm$DMH+0x000001e481384000'

Classes redefined (0 events):
No events

Internal exceptions (20 events):
Event: 2.256 Thread 0x000001e4c75320c0 Exception <a 'java/lang/NoSuchMethodError'{0x00000000d609bc30}: 'int java.lang.invoke.Invokers$Holder.linkToTargetMethod(java.lang.Object, java.lang.Object, java.lang.Object)'> (0x00000000d609bc30) 
thrown [s\src\hotspot\share\interpreter\linkResolver.cpp, line 773]
Event: 2.256 Thread 0x000001e4c7534820 Exception <a 'java/lang/NoSuchMethodError'{0x00000000d60e2868}: 'int java.lang.invoke.Invokers$Holder.linkToTargetMethod(java.lang.Object, java.lang.Object, java.lang.Object)'> (0x00000000d60e2868) 
thrown [s\src\hotspot\share\interpreter\linkResolver.cpp, line 773]
Event: 2.456 Thread 0x000001e4c75320c0 Exception <a 'java/lang/NoSuchMethodError'{0x00000000d6600288}: 'int java.lang.invoke.Invokers$Holder.invokeExact_MT(java.lang.Object, java.lang.Object)'> (0x00000000d6600288) 
thrown [s\src\hotspot\share\interpreter\linkResolver.cpp, line 773]
Event: 2.527 Thread 0x000001e4c75320c0 Exception <a 'java/lang/NoSuchMethodError'{0x00000000d585e2c8}: 'java.lang.Object java.lang.invoke.DirectMethodHandle$Holder.invokeVirtual(java.lang.Object, java.lang.Object, int)'> (0x00000000d585e2c8) 
thrown [s\src\hotspot\share\interpreter\linkResolver.cpp, line 773]
Event: 3.207 Thread 0x000001e4c75320c0 Exception <a 'java/lang/ClassNotFoundException'{0x00000000d6a05bf8}: sun/util/logging/resources/spi/loggingProvider> (0x00000000d6a05bf8) 
thrown [s\src\hotspot\share\classfile\systemDictionary.cpp, line 312]
Event: 3.210 Thread 0x000001e4c75320c0 Exception <a 'java/lang/IncompatibleClassChangeError'{0x00000000d6a43790}: Found class java.lang.Object, but interface was expected> (0x00000000d6a43790) 
thrown [s\src\hotspot\share\interpreter\linkResolver.cpp, line 840]
Event: 3.214 Thread 0x000001e4c75320c0 Exception <a 'java/lang/IncompatibleClassChangeError'{0x00000000d558afa8}: Found class java.lang.Object, but interface was expected> (0x00000000d558afa8) 
thrown [s\src\hotspot\share\interpreter\linkResolver.cpp, line 840]
Event: 3.239 Thread 0x000001e4c7532750 Exception <a 'java/lang/NoSuchMethodError'{0x00000000d58037b8}: 'int java.lang.invoke.DirectMethodHandle$Holder.invokeInterface(java.lang.Object, java.lang.Object)'> (0x00000000d58037b8) 
thrown [s\src\hotspot\share\interpreter\linkResolver.cpp, line 773]
Event: 3.240 Thread 0x000001e4c7532750 Exception <a 'java/lang/IncompatibleClassChangeError'{0x00000000d5806a78}: Found class java.lang.Object, but interface was expected> (0x00000000d5806a78) 
thrown [s\src\hotspot\share\interpreter\linkResolver.cpp, line 840]
Event: 3.288 Thread 0x000001e4c7532750 Exception <a 'java/lang/NoSuchMethodError'{0x00000000d5c2cbc0}: 'int java.lang.invoke.DirectMethodHandle$Holder.invokeSpecialIFC(java.lang.Object, java.lang.Object, java.lang.Object)'> (0x00000000d5c2cbc0) 
thrown [s\src\hotspot\share\interpreter\linkResolver.cpp, line 773]
Event: 3.332 Thread 0x000001e4c7532750 Exception <a 'java/io/FileNotFoundException'{0x00000000d5f37fa8}> (0x00000000d5f37fa8) 
thrown [s\src\hotspot\share\prims\jni.cpp, line 520]
Event: 3.332 Thread 0x000001e4c7532750 Exception <a 'java/io/FileNotFoundException'{0x00000000d5f39688}> (0x00000000d5f39688) 
thrown [s\src\hotspot\share\prims\jni.cpp, line 520]
Event: 3.937 Thread 0x000001e4c7535540 Exception <a 'java/lang/NoSuchMethodError'{0x00000000d69fc180}: 'java.lang.Object java.lang.invoke.DirectMethodHandle$Holder.invokeSpecial(java.lang.Object, java.lang.Object, int, long)'> (0x00000000d69fc180) 
thrown [s\src\hotspot\share\interpreter\linkResolver.cpp, line 773]
Event: 3.953 Thread 0x000001e4c7534190 Exception <a 'java/lang/NoSuchMethodError'{0x00000000d559b1b8}: 'java.lang.Object java.lang.invoke.DirectMethodHandle$Holder.invokeSpecial(java.lang.Object, java.lang.Object, java.lang.Object, java.lang.Object, int, java.lang.Object, java.lang.Object)'> (0x00000000d559b1b8) 
thrown [s\src\hotspot\share\interpreter\linkResolver.cpp, line 773]
Event: 3.959 Thread 0x000001e4c7534820 Exception <a 'java/lang/ArrayIndexOutOfBoundsException'{0x00000000d56a1c08}> (0x00000000d56a1c08) 
thrown [s\src\hotspot\share\runtime\sharedRuntime.cpp, line 625]
Event: 4.024 Thread 0x000001e4c7534eb0 Exception <a 'java/lang/NoSuchMethodError'{0x00000000d5ddd880}: 'java.lang.Object java.lang.invoke.DirectMethodHandle$Holder.invokeStatic(java.lang.Object, java.lang.Object, int, java.lang.Object)'> (0x00000000d5ddd880) 
thrown [s\src\hotspot\share\interpreter\linkResolver.cpp, line 773]
Event: 4.024 Thread 0x000001e4c7534eb0 Exception <a 'java/lang/NoSuchMethodError'{0x00000000d5de46f8}: 'java.lang.Object java.lang.invoke.DirectMethodHandle$Holder.newInvokeSpecial(java.lang.Object, java.lang.Object, int)'> (0x00000000d5de46f8) 
thrown [s\src\hotspot\share\interpreter\linkResolver.cpp, line 773]
Event: 4.605 Thread 0x000001e4c7535540 Exception <a 'java/io/FileNotFoundException'{0x00000000d65ca280}> (0x00000000d65ca280) 
thrown [s\src\hotspot\share\prims\jni.cpp, line 520]
Event: 4.605 Thread 0x000001e4c7535540 Exception <a 'java/io/FileNotFoundException'{0x00000000d65cb4f8}> (0x00000000d65cb4f8) 
thrown [s\src\hotspot\share\prims\jni.cpp, line 520]
Event: 4.605 Thread 0x000001e4c7535540 Exception <a 'java/io/FileNotFoundException'{0x00000000d65cc6b0}> (0x00000000d65cc6b0) 
thrown [s\src\hotspot\share\prims\jni.cpp, line 520]

ZGC Phase Switch (0 events):
No events

VM Operations (20 events):
Event: 3.261 Executing non-safepoint VM operation: HandshakeAllThreads (Deoptimize)
Event: 3.261 Executing non-safepoint VM operation: HandshakeAllThreads (Deoptimize) done
Event: 3.262 Executing non-safepoint VM operation: HandshakeAllThreads (Deoptimize)
Event: 3.262 Executing non-safepoint VM operation: HandshakeAllThreads (Deoptimize) done
Event: 3.290 Executing non-safepoint VM operation: HandshakeAllThreads (Deoptimize)
Event: 3.290 Executing non-safepoint VM operation: HandshakeAllThreads (Deoptimize) done
Event: 3.509 Executing non-safepoint VM operation: HandshakeAllThreads (Deoptimize)
Event: 3.509 Executing non-safepoint VM operation: HandshakeAllThreads (Deoptimize) done
Event: 3.509 Executing non-safepoint VM operation: HandshakeAllThreads (Deoptimize)
Event: 3.509 Executing non-safepoint VM operation: HandshakeAllThreads (Deoptimize) done
Event: 3.926 Executing safepoint VM operation: ICBufferFull
Event: 3.926 Executing safepoint VM operation: ICBufferFull done
Event: 3.946 Executing safepoint VM operation: ParallelGCFailedAllocation (Allocation Failure)
Event: 3.950 Executing safepoint VM operation: ParallelGCFailedAllocation (Allocation Failure) done
Event: 3.979 Executing non-safepoint VM operation: HandshakeAllThreads (Deoptimize)
Event: 3.979 Executing non-safepoint VM operation: HandshakeAllThreads (Deoptimize) done
Event: 4.572 Executing safepoint VM operation: ICBufferFull
Event: 4.572 Executing safepoint VM operation: ICBufferFull done
Event: 4.649 Executing safepoint VM operation: ParallelGCFailedAllocation (Allocation Failure)
Event: 4.652 Executing safepoint VM operation: ParallelGCFailedAllocation (Allocation Failure) done

Memory protections (0 events):
No events

Nmethod flushes (20 events):
Event: 2.585 Thread 0x000001e4fe3b4970 flushing  nmethod 0x000001e4ea901790
Event: 2.585 Thread 0x000001e4fe3b4970 flushing  nmethod 0x000001e4ea907310
Event: 2.585 Thread 0x000001e4fe3b4970 flushing  nmethod 0x000001e4ea90e690
Event: 2.585 Thread 0x000001e4fe3b4970 flushing  nmethod 0x000001e4ea920490
Event: 2.585 Thread 0x000001e4fe3b4970 flushing  nmethod 0x000001e4ea921a90
Event: 2.585 Thread 0x000001e4fe3b4970 flushing  nmethod 0x000001e4ea93ab10
Event: 2.585 Thread 0x000001e4fe3b4970 flushing  nmethod 0x000001e4ea93ae90
Event: 2.585 Thread 0x000001e4fe3b4970 flushing  nmethod 0x000001e4ea9a2c90
Event: 2.585 Thread 0x000001e4fe3b4970 flushing  nmethod 0x000001e4ea9ec090
Event: 2.585 Thread 0x000001e4fe3b4970 flushing  nmethod 0x000001e4ea9ef790
Event: 2.585 Thread 0x000001e4fe3b4970 flushing  nmethod 0x000001e4eaa11d10
Event: 2.585 Thread 0x000001e4fe3b4970 flushing  nmethod 0x000001e4eaa12110
Event: 2.585 Thread 0x000001e4fe3b4970 flushing  nmethod 0x000001e4eaa17b10
Event: 2.585 Thread 0x000001e4fe3b4970 flushing  nmethod 0x000001e4eaa51e90
Event: 2.585 Thread 0x000001e4fe3b4970 flushing  nmethod 0x000001e4eaa88b10
Event: 2.585 Thread 0x000001e4fe3b4970 flushing  nmethod 0x000001e4eaa89810
Event: 2.585 Thread 0x000001e4fe3b4970 flushing  nmethod 0x000001e4eaa8a190
Event: 2.585 Thread 0x000001e4fe3b4970 flushing  nmethod 0x000001e4eaa8a590
Event: 2.585 Thread 0x000001e4fe3b4970 flushing  nmethod 0x000001e4eaaa2b90
Event: 2.585 Thread 0x000001e4fe3b4970 flushing  nmethod 0x000001e4eaaa4890

Events (20 events):
Event: 1.777 Thread 0x000001e4e59c47c0 Thread added: 0x000001e4c6a275e0
Event: 1.777 Thread 0x000001e4e59c47c0 Thread added: 0x000001e4c6a296b0
Event: 1.777 Thread 0x000001e4e59c47c0 Thread added: 0x000001e4c6a27c70
Event: 1.777 Thread 0x000001e4e59c47c0 Thread added: 0x000001e4c6a28300
Event: 1.777 Thread 0x000001e4e59c47c0 Thread added: 0x000001e4c6a28990
Event: 1.777 Thread 0x000001e4e59c47c0 Thread added: 0x000001e4c6a29020
Event: 1.794 Thread 0x000001e4e59c47c0 Thread added: 0x000001e4c7533470
Event: 1.874 Thread 0x000001e4c6a22db0 Thread added: 0x000001e4c7535540
Event: 1.915 Thread 0x000001e4e59c47c0 Thread added: 0x000001e4c7533b00
Event: 1.915 Thread 0x000001e4e59c47c0 Thread added: 0x000001e4c75320c0
Event: 2.054 Thread 0x000001e4c75320c0 Thread added: 0x000001e4c7534eb0
Event: 2.055 Thread 0x000001e4c75320c0 Thread added: 0x000001e4c7534190
Event: 2.057 Thread 0x000001e4c75320c0 Thread added: 0x000001e4c7534820
Event: 3.220 Thread 0x000001e4c75320c0 Thread added: 0x000001e4c7532750
Event: 3.720 Thread 0x000001e4c7452ed0 Thread exited: 0x000001e4c7452ed0
Event: 3.721 Thread 0x000001e4ffa32bc0 Thread exited: 0x000001e4ffa32bc0
Event: 3.928 Thread 0x000001e4e5a7e7a0 Thread added: 0x000001e4ffa32bc0
Event: 3.960 Thread 0x000001e4e5a7e7a0 Thread added: 0x000001e4c88950b0
Event: 4.544 Thread 0x000001e4c88950b0 Thread exited: 0x000001e4c88950b0
Event: 4.559 Thread 0x000001e4e5a70730 Thread added: 0x000001e4c88950b0


Dynamic libraries:
0x00007ff7797c0000 - 0x00007ff7797ce000 	c:\Users\HARENKANTO\.vscode\extensions\redhat.java-1.53.0-win32-x64\jre\21.0.10-win32-x86_64\bin\java.exe
0x00007ffab06c0000 - 0x00007ffab0928000 	C:\WINDOWS\SYSTEM32\ntdll.dll
0x00007ffaaf6e0000 - 0x00007ffaaf7a9000 	C:\WINDOWS\System32\KERNEL32.DLL
0x00007ffaadc30000 - 0x00007ffaae028000 	C:\WINDOWS\System32\KERNELBASE.dll
0x00007ffaad8c0000 - 0x00007ffaada0b000 	C:\WINDOWS\System32\ucrtbase.dll
0x00007ffa72080000 - 0x00007ffa72098000 	c:\Users\HARENKANTO\.vscode\extensions\redhat.java-1.53.0-win32-x64\jre\21.0.10-win32-x86_64\bin\jli.dll
0x00007ffa72060000 - 0x00007ffa7207e000 	c:\Users\HARENKANTO\.vscode\extensions\redhat.java-1.53.0-win32-x64\jre\21.0.10-win32-x86_64\bin\VCRUNTIME140.dll
0x00007ffaaf2a0000 - 0x00007ffaaf467000 	C:\WINDOWS\System32\USER32.dll
0x00007ffaae300000 - 0x00007ffaae327000 	C:\WINDOWS\System32\win32u.dll
0x00007ffa90b10000 - 0x00007ffa90da4000 	C:\WINDOWS\WinSxS\amd64_microsoft.windows.common-controls_6595b64144ccf1df_6.0.26100.7019_none_3e06ffa0e335b8a8\COMCTL32.dll
0x00007ffaaf270000 - 0x00007ffaaf29b000 	C:\WINDOWS\System32\GDI32.dll
0x00007ffaaf020000 - 0x00007ffaaf0c9000 	C:\WINDOWS\System32\msvcrt.dll
0x00007ffaae330000 - 0x00007ffaae45c000 	C:\WINDOWS\System32\gdi32full.dll
0x00007ffaada10000 - 0x00007ffaadab3000 	C:\WINDOWS\System32\msvcp_win.dll
0x00007ffab0070000 - 0x00007ffab00a1000 	C:\WINDOWS\System32\IMM32.DLL
0x00007ffa9eb20000 - 0x00007ffa9eb2c000 	c:\Users\HARENKANTO\.vscode\extensions\redhat.java-1.53.0-win32-x64\jre\21.0.10-win32-x86_64\bin\vcruntime140_1.dll
0x00007ffa2ec00000 - 0x00007ffa2ec8d000 	c:\Users\HARENKANTO\.vscode\extensions\redhat.java-1.53.0-win32-x64\jre\21.0.10-win32-x86_64\bin\msvcp140.dll
0x00007ffa2d660000 - 0x00007ffa2e401000 	c:\Users\HARENKANTO\.vscode\extensions\redhat.java-1.53.0-win32-x64\jre\21.0.10-win32-x86_64\bin\server\jvm.dll
0x00007ffaafc40000 - 0x00007ffaafcf4000 	C:\WINDOWS\System32\ADVAPI32.dll
0x00007ffaafb80000 - 0x00007ffaafc26000 	C:\WINDOWS\System32\sechost.dll
0x00007ffaafd00000 - 0x00007ffaafe18000 	C:\WINDOWS\System32\RPCRT4.dll
0x00007ffaaefa0000 - 0x00007ffaaf014000 	C:\WINDOWS\System32\WS2_32.dll
0x00007ffaacb50000 - 0x00007ffaacbae000 	C:\WINDOWS\SYSTEM32\POWRPROF.dll
0x00007ffaa03f0000 - 0x00007ffaa0425000 	C:\WINDOWS\SYSTEM32\WINMM.dll
0x00007ffaa2e10000 - 0x00007ffaa2e1b000 	C:\WINDOWS\SYSTEM32\VERSION.dll
0x00007ffaacb10000 - 0x00007ffaacb24000 	C:\WINDOWS\SYSTEM32\UMPDC.dll
0x00007ffaac640000 - 0x00007ffaac65b000 	C:\WINDOWS\SYSTEM32\kernel.appcore.dll
0x00007ffa9e670000 - 0x00007ffa9e67a000 	c:\Users\HARENKANTO\.vscode\extensions\redhat.java-1.53.0-win32-x64\jre\21.0.10-win32-x86_64\bin\jimage.dll
0x00007ffaaaf00000 - 0x00007ffaab142000 	C:\WINDOWS\SYSTEM32\DBGHELP.DLL
0x00007ffaae460000 - 0x00007ffaae7eb000 	C:\WINDOWS\System32\combase.dll
0x00007ffab00b0000 - 0x00007ffab0187000 	C:\WINDOWS\System32\OLEAUT32.dll
0x00007ffa92110000 - 0x00007ffa9214c000 	C:\WINDOWS\SYSTEM32\dbgcore.DLL
0x00007ffaad810000 - 0x00007ffaad8b5000 	C:\WINDOWS\System32\bcryptPrimitives.dll
0x00007ffaa4cb0000 - 0x00007ffaa4cbf000 	c:\Users\HARENKANTO\.vscode\extensions\redhat.java-1.53.0-win32-x64\jre\21.0.10-win32-x86_64\bin\instrument.dll
0x00007ffa88550000 - 0x00007ffa88570000 	c:\Users\HARENKANTO\.vscode\extensions\redhat.java-1.53.0-win32-x64\jre\21.0.10-win32-x86_64\bin\java.dll
0x00007ffaae840000 - 0x00007ffaaef8f000 	C:\WINDOWS\System32\SHELL32.dll
0x00007ffaadac0000 - 0x00007ffaadc2b000 	C:\WINDOWS\System32\wintypes.dll
0x00007ffaab430000 - 0x00007ffaabc8d000 	C:\WINDOWS\SYSTEM32\windows.storage.dll
0x00007ffaaf5e0000 - 0x00007ffaaf6d2000 	C:\WINDOWS\System32\SHCORE.dll
0x00007ffaaf0d0000 - 0x00007ffaaf137000 	C:\WINDOWS\System32\shlwapi.dll
0x00007ffaad730000 - 0x00007ffaad759000 	C:\WINDOWS\SYSTEM32\profapi.dll
0x00007ffa88530000 - 0x00007ffa88548000 	c:\Users\HARENKANTO\.vscode\extensions\redhat.java-1.53.0-win32-x64\jre\21.0.10-win32-x86_64\bin\zip.dll
0x00007ffa894d0000 - 0x00007ffa894e0000 	C:\Users\HARENKANTO\.vscode\extensions\redhat.java-1.53.0-win32-x64\jre\21.0.10-win32-x86_64\bin\net.dll
0x00007ffaa5300000 - 0x00007ffaa5428000 	C:\WINDOWS\SYSTEM32\WINHTTP.dll
0x00007ffaacc60000 - 0x00007ffaacccb000 	C:\WINDOWS\system32\mswsock.dll
0x00007ffa88510000 - 0x00007ffa88526000 	C:\Users\HARENKANTO\.vscode\extensions\redhat.java-1.53.0-win32-x64\jre\21.0.10-win32-x86_64\bin\nio.dll
0x00007ffa88500000 - 0x00007ffa88510000 	c:\Users\HARENKANTO\.vscode\extensions\redhat.java-1.53.0-win32-x64\jre\21.0.10-win32-x86_64\bin\verify.dll
0x00007ffa6ed30000 - 0x00007ffa6ed75000 	C:\Users\HARENKANTO\AppData\Roaming\Code\User\globalStorage\redhat.java\1.53.0\config_ss_win\org.eclipse.equinox.launcher\org.eclipse.equinox.launcher.win32.win32.x86_64_1.3.0.v20260203-2149\eclipse_11919.dll
0x00007ffaafe20000 - 0x00007ffaaffb7000 	C:\WINDOWS\System32\ole32.dll
0x00007ffaacf20000 - 0x00007ffaacf3b000 	C:\WINDOWS\SYSTEM32\CRYPTSP.dll
0x00007ffaac530000 - 0x00007ffaac56a000 	C:\WINDOWS\system32\rsaenh.dll
0x00007ffaacd10000 - 0x00007ffaacd3b000 	C:\WINDOWS\SYSTEM32\USERENV.dll
0x00007ffaad700000 - 0x00007ffaad72a000 	C:\WINDOWS\SYSTEM32\bcrypt.dll
0x00007ffaacf40000 - 0x00007ffaacf4c000 	C:\WINDOWS\SYSTEM32\CRYPTBASE.dll
0x00007ffaac110000 - 0x00007ffaac144000 	C:\WINDOWS\SYSTEM32\IPHLPAPI.DLL
0x00007ffaafc30000 - 0x00007ffaafc3a000 	C:\WINDOWS\System32\NSI.dll
0x00007ffa30d40000 - 0x00007ffa30d89000 	C:\Users\HARENKANTO\AppData\Local\Temp\jna-1804596881\jna9985752434006600813.dll
0x00007ffaaffd0000 - 0x00007ffaaffd8000 	C:\WINDOWS\System32\PSAPI.DLL
0x00007ffaa7ac0000 - 0x00007ffaa7ade000 	C:\WINDOWS\SYSTEM32\dhcpcsvc6.DLL
0x00007ffaa54d0000 - 0x00007ffaa54f3000 	C:\WINDOWS\SYSTEM32\dhcpcsvc.DLL

JVMTI agents:
c:\Users\HARENKANTO\.vscode\extensions\redhat.java-1.53.0-win32-x64\lombok\lombok-1.18.39-4050.jar path:c:\Users\HARENKANTO\.vscode\extensions\redhat.java-1.53.0-win32-x64\jre\21.0.10-win32-x86_64\bin\instrument.dll, loaded, initialized, instrumentlib options:none

dbghelp: loaded successfully - version: 4.0.5 - missing functions: none
symbol engine: initialized successfully - sym options: 0x614 - pdb path: .;c:\Users\HARENKANTO\.vscode\extensions\redhat.java-1.53.0-win32-x64\jre\21.0.10-win32-x86_64\bin;C:\WINDOWS\SYSTEM32;C:\WINDOWS\WinSxS\amd64_microsoft.windows.common-controls_6595b64144ccf1df_6.0.26100.7019_none_3e06ffa0e335b8a8;c:\Users\HARENKANTO\.vscode\extensions\redhat.java-1.53.0-win32-x64\jre\21.0.10-win32-x86_64\bin\server;C:\Users\HARENKANTO\AppData\Roaming\Code\User\globalStorage\redhat.java\1.53.0\config_ss_win\org.eclipse.equinox.launcher\org.eclipse.equinox.launcher.win32.win32.x86_64_1.3.0.v20260203-2149;C:\Users\HARENKANTO\AppData\Local\Temp\jna-1804596881

VM Arguments:
jvm_args: --add-modules=ALL-SYSTEM --add-opens=java.base/java.util=ALL-UNNAMED --add-opens=java.base/java.lang=ALL-UNNAMED --add-opens=java.base/sun.nio.fs=ALL-UNNAMED -Declipse.application=org.eclipse.jdt.ls.core.id1 -Dosgi.bundles.defaultStartLevel=4 -Declipse.product=org.eclipse.jdt.ls.core.product -Djava.import.generatesMetadataFilesAtProjectRoot=false -DDetectVMInstallationsJob.disabled=true -Dfile.encoding=utf8 -XX:+UseParallelGC -XX:GCTimeRatio=4 -XX:AdaptiveSizePolicyWeight=90 -Dsun.zip.disableMemoryMapping=true -Xmx2G -Xms100m -Xlog:disable -javaagent:c:\Users\HARENKANTO\.vscode\extensions\redhat.java-1.53.0-win32-x64\lombok\lombok-1.18.39-4050.jar 
java_command: c:\Users\HARENKANTO\.vscode\extensions\redhat.java-1.53.0-win32-x64\server\plugins\org.eclipse.equinox.launcher_1.7.100.v20251111-0406.jar -configuration c:\Users\HARENKANTO\AppData\Roaming\Code\User\globalStorage\redhat.java\1.53.0\config_ss_win -data c:\Users\HARENKANTO\AppData\Roaming\Code\User\workspaceStorage\b0bea17b941859ce0ac68aeeb93758a7\redhat.java\ss_ws --pipe=\\.\pipe\lsp-1f475a21d68aa1a1584d8a7188b35694-sock
java_class_path (initial): c:\Users\HARENKANTO\.vscode\extensions\redhat.java-1.53.0-win32-x64\server\plugins\org.eclipse.equinox.launcher_1.7.100.v20251111-0406.jar
Launcher Type: SUN_STANDARD

[Global flags]
    uintx AdaptiveSizePolicyWeight                 = 90                                        {product} {command line}
     intx CICompilerCount                          = 4                                         {product} {ergonomic}
    uintx GCTimeRatio                              = 4                                         {product} {command line}
   size_t InitialHeapSize                          = 104857600                                 {product} {command line}
   size_t MaxHeapSize                              = 2147483648                                {product} {command line}
   size_t MaxNewSize                               = 715653120                                 {product} {ergonomic}
   size_t MinHeapDeltaBytes                        = 524288                                    {product} {ergonomic}
   size_t MinHeapSize                              = 104857600                                 {product} {command line}
   size_t NewSize                                  = 34603008                                  {product} {ergonomic}
    uintx NonNMethodCodeHeapSize                   = 5839372                                {pd product} {ergonomic}
    uintx NonProfiledCodeHeapSize                  = 122909434                              {pd product} {ergonomic}
   size_t OldSize                                  = 70254592                                  {product} {ergonomic}
    uintx ProfiledCodeHeapSize                     = 122909434                              {pd product} {ergonomic}
    uintx ReservedCodeCacheSize                    = 251658240                              {pd product} {ergonomic}
     bool SegmentedCodeCache                       = true                                      {product} {ergonomic}
   size_t SoftMaxHeapSize                          = 2147483648                             {manageable} {ergonomic}
     bool UseCompressedOops                        = true                           {product lp64_product} {ergonomic}
     bool UseLargePagesIndividualAllocation        = false                                  {pd product} {ergonomic}
     bool UseParallelGC                            = true                                      {product} {command line}

Logging:
Log output configuration:
 #0: stdout all=off uptime,level,tags foldmultilines=false
 #1: stderr all=off uptime,level,tags foldmultilines=false

Release file:
JAVA_VERSION="21.0.10" 
MODULES="java.base java.compiler java.datatransfer java.xml java.prefs java.desktop java.instrument java.logging java.management java.security.sasl java.naming java.rmi java.management.rmi java.net.http java.scripting java.security.jgss java.transaction.xa java.sql java.sql.rowset java.xml.crypto java.se java.smartcardio jdk.accessibility jdk.internal.jvmstat jdk.attach jdk.charsets jdk.internal.opt jdk.zipfs jdk.compiler jdk.crypto.ec jdk.crypto.cryptoki jdk.crypto.mscapi jdk.dynalink jdk.internal.ed jdk.editpad jdk.hotspot.agent jdk.httpserver jdk.internal.le jdk.internal.vm.ci jdk.internal.vm.compiler jdk.internal.vm.compiler.management jdk.jartool jdk.javadoc jdk.jcmd jdk.management jdk.management.agent jdk.jconsole jdk.jdeps jdk.jdwp.agent jdk.jdi jdk.jfr jdk.jshell jdk.jsobject jdk.jstatd jdk.localedata jdk.management.jfr jdk.naming.dns jdk.naming.rmi jdk.net jdk.nio.mapmode jdk.random jdk.sctp jdk.security.auth jdk.security.jgss jdk.unsupported jdk.unsupported.desktop jdk.xml.dom" 

Environment Variables:
JAVA_HOME=C:\Program Files\Java\jdk-21
CLASSPATH=.;C:\ojdbc11.jar;C:\mysql-connector-j-9.1.0.jar;C:\tomcat\lib\servlet-api.jar;
PATH=C:\Program Files\Java\jdk-21\bin;C:\Program Files\Java\jdk1.8.0_152\bin;C:\Program Files\Java\OpenJDK17U-jdk_x64_windows_hotspot_17.0.17_10\jdk-17.0.17+10\bin;C:\app\HARENKANTO\product\11.2.0\dbhome_1\bin;D:\S5\Mr Rojo\Firebase\Cloud\carte\osmosis-0.49.2\bin;D:\app\wildfly-10.1.0.Final\wildfly-10.1.0.Final\bin;D:\S5\Prog\apache-ant-1.10.15-bin\apache-ant-1.10.15\bin;D:\app\wildfly-28.0.1.Final\wildfly-28.0.1.Final\bin;C:\Program Files\PostgreSQL\15\bin;C:\ProgramData\Oracle\Java\javapath;C:\Program Files (x86)\VMware\VMware Workstation\bin\;D:\apache-tomcat-10.1.28\bin;C:\Users\HARENKANTO\apache-maven-3.9.9-bin\apache-maven-3.9.9\bin;C:\Program Files\Git\cmd;C:\Program Files\gnuplot\bin;D:\tomcat\bin;C:\Windows\system32;C:\Windows;C:\Windows\System32\Wbem;C:\Windows\System32\WindowsPowerShell\v1.0\;C:\Windows\System32\OpenSSH\;C:\Program Files (x86)\NVIDIA Corporation\PhysX\Common;C:\Program Files\NVIDIA Corporation\NVIDIA NvDLISR;C:\WINDOWS\system32;C:\WINDOWS;C:\WINDOWS\System32\Wbem;C:\WINDOWS\System32\WindowsPowerShell\v1.0\;C:\WINDOWS\System32\OpenSSH\;C:\Program Files\dotnet\;C:\Program Files (x86)\QuickTime\QTSystem\;D:\xampp\php;C:\Program Files\Microsoft SQL Server\Client SDK\ODBC\170\Tools\Binn\;C:\Program Files (x86)\Microsoft SQL Server\160\Tools\Binn\;C:\Program Files\Microsoft SQL Server\160\Tools\Binn\;C:\Program Files\Microsoft SQL Server\160\DTS\Binn\;C:\Program Files\nodejs\;C:\Program Files\Git\cmd;C:\Program Files\Docker\Docker\resources\bin;C:\Program Files (x86)\Microsoft SQL Server\170\Tools\Binn\;C:\Program Files\Microsoft SQL Server\170\Tools\Binn\;C:\Program Files\Microsoft SQL Server\Client SDK\ODBC\180\Tools\Binn\;C:\Program Files\Microsoft SQL Server\170\DTS\Binn\;C:\Users\HARENKANTO\AppData\Local\Programs\Python\Python313\Scripts\;C:\Users\HARENKANTO\AppData\Local\Programs\Python\Python313\;C:\Users\HARENKANTO\AppData\Local\Programs\Python\Launcher\;C:\Users\HARENKANTO\AppData\Local\Microsoft\WindowsApps;C:\Users\HARENKANTO\AppData\Local\Programs\Microsoft VS Code\bin;C:\Users\HARENKANTO\AppData\Local\GitHubDesktop\bin;C:\Users\HARENKANTO\AppData\Local\Programs\MiKTeX\miktex\bin\x64\;C:\Users\HARENKANTO\AppData\Roaming\npm;C:\Users\HARENKANTO\AppData\Local\ComposerSetup\bin;C:\Users\HARENKANTO\AppData\Roaming\Composer\vendor\bin;C:\Users\HARENKANTO\AppData\Local\Programs\Windsurf\bin
USERNAME=HARENKANTO
OS=Windows_NT
PROCESSOR_IDENTIFIER=Intel64 Family 6 Model 154 Stepping 3, GenuineIntel
TMP=C:\Users\HARENK~1\AppData\Local\Temp
TEMP=C:\Users\HARENK~1\AppData\Local\Temp




Periodic native trim disabled

---------------  S Y S T E M  ---------------

OS:
 Windows 11 , 64 bit Build 26100 (10.0.26100.7019)
OS uptime: 0 days 0:40 hours
Hyper-V role detected

CPU: total 12 (initial active 12) (6 cores per cpu, 2 threads per core) family 6 model 154 stepping 3 microcode 0x424, cx8, cmov, fxsr, ht, mmx, 3dnowpref, sse, sse2, sse3, ssse3, sse4.1, sse4.2, popcnt, lzcnt, tsc, tscinvbit, avx, avx2, aes, erms, clmul, bmi1, bmi2, adx, sha, fma, vzeroupper, clflush, clflushopt, clwb, hv, serialize, rdtscp, rdpid, fsrm, f16c, cet_ibt, cet_ss
Processor Information for the first 12 processors :
  Max Mhz: 2000, Current Mhz: 2000, Mhz Limit: 2000

Memory: 4k page, system-wide physical 16085M (3587M free)
TotalPageFile size 18882M (AvailPageFile size 9M)
current process WorkingSet (physical memory assigned to process): 240M, peak: 245M
current process commit charge ("private bytes"): 354M, peak: 360M

vm_info: OpenJDK 64-Bit Server VM (21.0.10+7-LTS) for windows-amd64 JRE (21.0.10+7-LTS), built on 2026-01-20T00:00:00Z by "admin" with MS VC++ 17.12 (VS2022)

END.
